Product: MDK-ARM Standard 5.10
Component: ARM Compiler 5.04 update 1 (build 49)
Tool: armlink [5040049]

==============================================================================

Section Cross References

    main.o(.text) refers to system_stm32f10x.o(.text) for SystemInit
    main.o(.text) refers to iocontrol.o(.text) for IOControl_Init
    main.o(.text) refers to pcf8574.o(.text) for Init_PCF8574
    main.o(.text) refers to hc595.o(.text) for hc595_init
    main.o(.text) refers to timerx.o(.text) for TIM5_Init
    main.o(.text) refers to stm32f10x_gpio.o(.text) for GPIO_ReadInputDataBit
    main.o(.text) refers to main.o(.data) for flagA
    main.o(.text) refers to timerx.o(.data) for flagTIM5
    timerx.o(.text) refers to stm32f10x_rcc.o(.text) for RCC_APB1PeriphClockCmd
    timerx.o(.text) refers to stm32f10x_tim.o(.text) for TIM_TimeBaseInit
    timerx.o(.text) refers to misc.o(.text) for NVIC_SetVectorTable
    timerx.o(.text) refers to timerx.o(.bss) for Timer5
    timerx.o(.text) refers to timerx.o(.data) for flagTIM5
    timerx.o(.text) refers to usartx.o(.data) for flagCOM1
    timerx.o(.text) refers to usartx.o(.bss) for Rec_COM1
    timerx.o(.text) refers to usb_udisk.o(.data) for flagUDisk
    timerx.o(.text) refers to iocontrol.o(.bss) for ControllerInfo
    timerx.o(.text) refers to iocontrol.o(.data) for flagctrl
    timerx.o(.text) refers to frequencycapture.o(.bss) for TIM1FreqCap
    timerx.o(.text) refers to main.o(.bss) for XG
    usartx.o(.text) refers to stm32f10x_rcc.o(.text) for RCC_APB2PeriphClockCmd
    usartx.o(.text) refers to stm32f10x_gpio.o(.text) for GPIO_PinRemapConfig
    usartx.o(.text) refers to stm32f10x_usart.o(.text) for USART_Init
    usartx.o(.text) refers to misc.o(.text) for NVIC_SetVectorTable
    usartx.o(.text) refers to usartx.o(.constdata) for COM_TX_PORT_CLK
    usartx.o(.text) refers to usartx.o(.data) for COM_TX_PORT
    usartx.o(.text) refers to usartx.o(.bss) for Rec_COM1
    usb_udisk.o(.text) refers to _printf_pad.o(.text) for _printf_pre_padding
    usb_udisk.o(.text) refers to _printf_percent.o(.ARM.Collect$$_printf_percent$$00000000) for _printf_percent
    usb_udisk.o(.text) refers to _printf_f.o(.ARM.Collect$$_printf_percent$$00000003) for _printf_f
    usb_udisk.o(.text) refers to printf1.o(x$fpl$printf1) for _printf_fp_dec
    usb_udisk.o(.text) refers to _printf_d.o(.ARM.Collect$$_printf_percent$$00000009) for _printf_d
    usb_udisk.o(.text) refers to _printf_dec.o(.text) for _printf_int_dec
    usb_udisk.o(.text) refers to _printf_x.o(.ARM.Collect$$_printf_percent$$0000000C) for _printf_x
    usb_udisk.o(.text) refers to _printf_hex_int.o(.text) for _printf_longlong_hex
    usb_udisk.o(.text) refers to usbh_core.o(.text) for USBH_Init
    usb_udisk.o(.text) refers to noretval__2printf.o(.text) for __2printf
    usb_udisk.o(.text) refers to ff.o(.text) for f_open
    usb_udisk.o(.text) refers to f2d.o(x$fpl$f2d) for __aeabi_f2d
    usb_udisk.o(.text) refers to noretval__2sprintf.o(.text) for __2sprintf
    usb_udisk.o(.text) refers to strcat.o(.text) for strcat
    usb_udisk.o(.text) refers to strlen.o(.text) for strlen
    usb_udisk.o(.text) refers to usbh_usr.o(.data) for USR_Callbacks
    usb_udisk.o(.text) refers to usbh_msc_core.o(.data) for MSC_cb
    usb_udisk.o(.text) refers to usbh_core.o(.bss) for USB_OTG_FS_dev
    usb_udisk.o(.text) refers to usb_udisk.o(.conststring) for .conststring
    usb_udisk.o(.text) refers to usb_udisk.o(.data) for USBInit_STATUS
    usb_udisk.o(.text) refers to usb_udisk.o(.bss) for fsrc_FIL
    usb_udisk.o(.text) refers to adc.o(.bss) for ADCRes
    usb_udisk.o(.text) refers to usbh_msc_scsi.o(.bss) for USBH_MSC_Param
    usb_udisk.o(.text) refers to rtc.o(.bss) for NowTime
    usb_udisk.o(.text) refers to usbh_usr.o(.bss) for fsrc
    usb_udisk.o(.text) refers to rt_memcpy_w.o(.text) for __aeabi_memcpy4
    iocontrol.o(.text) refers to stm32f10x_rcc.o(.text) for RCC_APB2PeriphClockCmd
    iocontrol.o(.text) refers to stm32f10x_gpio.o(.text) for GPIO_Init
    canx.o(.text) refers to stm32f10x_rcc.o(.text) for RCC_APB2PeriphClockCmd
    canx.o(.text) refers to stm32f10x_gpio.o(.text) for GPIO_Init
    canx.o(.text) refers to stm32f10x_can.o(.text) for CAN_DeInit
    canx.o(.text) refers to misc.o(.text) for NVIC_SetVectorTable
    canx.o(.text) refers to dflt_clz.o(x$fpl$dfltu) for __aeabi_ui2d
    canx.o(.text) refers to dmul.o(x$fpl$dmul) for __aeabi_dmul
    canx.o(.text) refers to dfixu.o(x$fpl$dfixu) for __aeabi_d2uiz
    canx.o(.text) refers to canx.o(.bss) for CAN_InitStructure
    canx.o(.text) refers to main.o(.bss) for XG
    canx.o(.text) refers to iocontrol.o(.data) for flagctrl
    canx.o(.text) refers to iocontrol.o(.bss) for ControllerInfo
    canx.o(.text) refers to main.o(.data) for ErrorMessage
    max7219.o(.text) refers to stm32f10x_gpio.o(.text) for GPIO_ResetBits
[...]
    .ARM.Collect$$libinit$$00000008          0x080001c6   Section        0  libinit2.o(.ARM.Collect$$libinit$$00000008)
    .ARM.Collect$$libinit$$0000000A          0x080001c6   Section        0  libinit2.o(.ARM.Collect$$libinit$$0000000A)
    .ARM.Collect$$libinit$$0000000C          0x080001c6   Section        0  libinit2.o(.ARM.Collect$$libinit$$0000000C)
    .ARM.Collect$$libinit$$0000000F          0x080001c6   Section        0  libinit2.o(.ARM.Collect$$libinit$$0000000F)
    .ARM.Collect$$libinit$$00000011          0x080001c6   Section        0  libinit2.o(.ARM.Collect$$libinit$$00000011)
    .ARM.Collect$$libinit$$00000013          0x080001c6   Section        0  libinit2.o(.ARM.Collect$$libinit$$00000013)
    .ARM.Collect$$libinit$$00000015          0x080001c6   Section        0  libinit2.o(.ARM.Collect$$libinit$$00000015)
    .ARM.Collect$$libinit$$00000017          0x080001c6   Section        0  libinit2.o(.ARM.Collect$$libinit$$00000017)
    .ARM.Collect$$libinit$$00000019          0x080001c6   Section        0  libinit2.o(.ARM.Collect$$libinit$$00000019)
    .ARM.Collect$$libinit$$0000001B          0x080001c6   Section        0  libinit2.o(.ARM.Collect$$libinit$$0000001B)
    .ARM.Collect$$libinit$$0000001D          0x080001c6   Section        0  libinit2.o(.ARM.Collect$$libinit$$0000001D)
    .ARM.Collect$$libinit$$0000001F          0x080001c6   Section        0  libinit2.o(.ARM.Collect$$libinit$$0000001F)
    .ARM.Collect$$libinit$$00000021          0x080001c6   Section        0  libinit2.o(.ARM.Collect$$libinit$$00000021)
    .ARM.Collect$$libinit$$00000023          0x080001c6   Section        0  libinit2.o(.ARM.Collect$$libinit$$00000023)
    .ARM.Collect$$libinit$$0000002A          0x080001c6   Section        0  libinit2.o(.ARM.Collect$$libinit$$0000002A)
    .ARM.Collect$$libinit$$0000002C          0x080001c6   Section        0  libinit2.o(.ARM.Collect$$libinit$$0000002C)
    .ARM.Collect$$libinit$$0000002E          0x080001c6   Section        0  libinit2.o(.ARM.Collect$$libinit$$0000002E)
    .ARM.Collect$$libinit$$00000030          0x080001c6   Section        0  libinit2.o(.ARM.Collect$$libinit$$00000030)
    .ARM.Collect$$libinit$$00000031          0x080001c6   Section        2  libinit2.o(.ARM.Collect$$libinit$$00000031)
    .ARM.Collect$$libshutdown$$00000000      0x080001c8   Section        2  libshutdown.o(.ARM.Collect$$libshutdown$$00000000)
    .ARM.Collect$$libshutdown$$00000003      0x080001ca   Section        0  libshutdown2.o(.ARM.Collect$$libshutdown$$00000003)
    .ARM.Collect$$libshutdown$$00000006      0x080001ca   Section        0  libshutdown2.o(.ARM.Collect$$libshutdown$$00000006)
    .ARM.Collect$$libshutdown$$00000009      0x080001ca   Section        0  libshutdown2.o(.ARM.Collect$$libshutdown$$00000009)
    .ARM.Collect$$libshutdown$$0000000B      0x080001ca   Section        0  libshutdown2.o(.ARM.Collect$$libshutdown$$0000000B)
    .ARM.Collect$$libshutdown$$0000000E      0x080001ca   Section        0  libshutdown2.o(.ARM.Collect$$libshutdown$$0000000E)
    .ARM.Collect$$libshutdown$$0000000F      0x080001ca   Section        2  libshutdown2.o(.ARM.Collect$$libshutdown$$0000000F)
    .ARM.Collect$$rtentry$$00000000          0x080001cc   Section        0  rtentry.o(.ARM.Collect$$rtentry$$00000000)
    .ARM.Collect$$rtentry$$00000002          0x080001cc   Section        0  rtentry2.o(.ARM.Collect$$rtentry$$00000002)
    .ARM.Collect$$rtentry$$00000004          0x080001cc   Section        6  rtentry4.o(.ARM.Collect$$rtentry$$00000004)
    .ARM.Collect$$rtentry$$00000009          0x080001d2   Section        0  rtentry2.o(.ARM.Collect$$rtentry$$00000009)
    .ARM.Collect$$rtentry$$0000000A          0x080001d2   Section        4  rtentry2.o(.ARM.Collect$$rtentry$$0000000A)
    .ARM.Collect$$rtentry$$0000000C          0x080001d6   Section        0  rtentry2.o(.ARM.Collect$$rtentry$$0000000C)
    .ARM.Collect$$rtentry$$0000000D          0x080001d6   Section        8  rtentry2.o(.ARM.Collect$$rtentry$$0000000D)
    .ARM.Collect$$rtexit$$00000000           0x080001de   Section        2  rtexit.o(.ARM.Collect$$rtexit$$00000000)
    .ARM.Collect$$rtexit$$00000002           0x080001e0   Section        0  rtexit2.o(.ARM.Collect$$rtexit$$00000002)
    .ARM.Collect$$rtexit$$00000003           0x080001e0   Section        4  rtexit2.o(.ARM.Collect$$rtexit$$00000003)
    .ARM.Collect$$rtexit$$00000004           0x080001e4   Section        6  rtexit2.o(.ARM.Collect$$rtexit$$00000004)
    .text                                    0x080001ec   Section        0  main.o(.text)
    .text                                    0x08000360   Section        0  timerx.o(.text)
    .text                                    0x08000734   Section        0  usartx.o(.text)
    .text                                    0x080011a8   Section        0  iocontrol.o(.text)
    .text                                    0x080011f8   Section        0  canx.o(.text)
    .text                                    0x080017f8   Section        0  pcf8574.o(.text)
    .text                                    0x08001b70   Section        0  rtc.o(.text)
    .text                                    0x08001f0c   Section        0  adc.o(.text)
    .text                                    0x08002238   Section        0  frequencycapture.o(.text)
    .text                                    0x08002558   Section        0  hc595.o(.text)
    .text                                    0x08002708   Section        0  system_stm32f10x.o(.text)
    SetSysClockTo72                          0x08002709   Thumb Code   264  system_stm32f10x.o(.text)
    SetSysClock                              0x08002811   Thumb Code     8  system_stm32f10x.o(.text)
    .text                                    0x0800298c   Section       64  startup_stm32f10x_cl.o(.text)
    .text                                    0x080029cc   Section        0  misc.o(.text)
    .text                                    0x08002aa8   Section        0  stm32f10x_gpio.o(.text)
    .text                                    0x08002e04   Section        0  stm32f10x_rcc.o(.text)
    .text                                    0x08003308   Section        0  stm32f10x_usart.o(.text)
    .text                                    0x08003710   Section        0  stm32f10x_tim.o(.text)
    TI4_Config                               0x08003bb7   Thumb Code   130  stm32f10x_tim.o(.text)
    TI3_Config                               0x08003c4b   Thumb Code   122  stm32f10x_tim.o(.text)
    TI2_Config                               0x08003cdf   Thumb Code   130  stm32f10x_tim.o(.text)
    TI1_Config                               0x08003d73   Thumb Code   108  stm32f10x_tim.o(.text)
    .text                                    0x0800452c   Section        0  stm32f10x_adc.o(.text)
    .text                                    0x0800497c   Section        0  stm32f10x_can.o(.text)
    CheckITStatus                            0x0800517f   Thumb Code    18  stm32f10x_can.o(.text)
    .text                                    0x0800536c   Section        0  stm32f10x_rtc.o(.text)
    .text                                    0x080054b4   Section        0  stm32f10x_bkp.o(.text)
    .text                                    0x08005578   Section        0  stm32f10x_pwr.o(.text)
    .text                                    0x08005644   Section        0  stm32f10x_dma.o(.text)
    .text                                    0x08005898   Section        0  usb_core.o(.text)
    USB_OTG_EnableCommonInt                  0x08005899   Thumb Code    48  usb_core.o(.text)
    USB_OTG_CoreReset                        0x080058c9   Thumb Code   108  usb_core.o(.text)
    .text                                    0x08006358   Section        0  usb_hcd_int.o(.text)
    USB_OTG_USBH_handle_hc_n_Out_ISR         0x08006359   Thumb Code   574  usb_hcd_int.o(.text)
    USB_OTG_USBH_handle_hc_n_In_ISR          0x08006597   Thumb Code   920  usb_hcd_int.o(.text)
    USB_OTG_USBH_handle_hc_ISR               0x0800692f   Thumb Code    86  usb_hcd_int.o(.text)
    USB_OTG_USBH_handle_Disconnect_ISR       0x08006985   Thumb Code    50  usb_hcd_int.o(.text)
    USB_OTG_USBH_handle_nptxfempty_ISR       0x080069b7   Thumb Code   300  usb_hcd_int.o(.text)
    USB_OTG_USBH_handle_ptxfempty_ISR        0x08006ae3   Thumb Code   302  usb_hcd_int.o(.text)
    USB_OTG_USBH_handle_port_ISR             0x08006c11   Thumb Code   262  usb_hcd_int.o(.text)
    USB_OTG_USBH_handle_rx_qlvl_ISR          0x08006d17   Thumb Code   452  usb_hcd_int.o(.text)
    USB_OTG_USBH_handle_IncompletePeriodicXfer_ISR 0x08006edb   Thumb Code    66  usb_hcd_int.o(.text)
    USB_OTG_USBH_handle_sof_ISR              0x08006f1d   Thumb Code    28  usb_hcd_int.o(.text)
    .text                                    0x08006fd8   Section        0  usb_bsp.o(.text)
    BSP_SetTime                              0x0800702f   Thumb Code   110  usb_bsp.o(.text)
    BSP_Delay                                0x0800709d   Thumb Code    38  usb_bsp.o(.text)
    .text                                    0x0800719c   Section        0  heapauxi.o(.text)
    .text                                    0x080071a4   Section        8  libspace.o(.text)
    .text                                    0x080071ac   Section       74  sys_stackheap_outer.o(.text)
    .text                                    0x080071f6   Section        0  exit.o(.text)
    .text                                    0x08007202   Section        2  use_no_semi.o(.text)
    .text                                    0x08007204   Section        0  sys_exit.o(.text)
    .text                                    0x08007204   Section        0  indicate_semi.o(.text)
    x$fpl$d2f                                0x08007210   Section       98  d2f.o(x$fpl$d2f)
    x$fpl$ddiv                               0x08007274   Section      688  ddiv.o(x$fpl$ddiv)
    ddiv_entry                               0x0800727b   Thumb Code     0  ddiv.o(x$fpl$ddiv)
    x$fpl$dfixu                              0x08007524   Section       90  dfixu.o(x$fpl$dfixu)
    x$fpl$dfltu                              0x0800757e   Section       38  dflt_clz.o(x$fpl$dfltu)
    x$fpl$dmul                               0x080075a4   Section      340  dmul.o(x$fpl$dmul)
    x$fpl$dnaninf                            0x080076f8   Section      156  dnaninf.o(x$fpl$dnaninf)
    x$fpl$dretinf                            0x08007794   Section       12  dretinf.o(x$fpl$dretinf)
    x$fpl$fdiv                               0x080077a0   Section      388  fdiv.o(x$fpl$fdiv)
    _fdiv1                                   0x080077a1   Thumb Code     0  fdiv.o(x$fpl$fdiv)
    x$fpl$fnaninf                            0x08007924   Section      140  fnaninf.o(x$fpl$fnaninf)
    x$fpl$fretinf                            0x080079b0   Section       10  fretinf.o(x$fpl$fretinf)
    x$fpl$usenofp                            0x080079ba   Section        0  usenofp.o(x$fpl$usenofp)
    .constdata                               0x080079bc   Section       80  usartx.o(.constdata)
    .constdata                               0x08007a0c   Section       24  rtc.o(.constdata)
    .data                                    0x20000000   Section       52  main.o(.data)
    .data                                    0x20000034   Section        1  timerx.o(.data)
    .data                                    0x20000038   Section       68  usartx.o(.data)
    .data                                    0x2000007c   Section        2  usb_udisk.o(.data)
    .data                                    0x2000007e   Section        1  iocontrol.o(.data)
    .data                                    0x2000007f   Section        2  pcf8574.o(.data)
    .data                                    0x20000082   Section        4  rtc.o(.data)
    daycnt                                   0x20000084   Data           2  rtc.o(.data)
    .data                                    0x20000086   Section        1  adc.o(.data)
    .data                                    0x20000088   Section        4  frequencycapture.o(.data)
    .data                                    0x2000008c   Section       20  system_stm32f10x.o(.data)
    .data                                    0x200000a0   Section       20  stm32f10x_rcc.o(.data)
    APBAHBPrescTable                         0x200000a0   Data          16  stm32f10x_rcc.o(.data)
    ADCPrescTable                            0x200000b0   Data           4  stm32f10x_rcc.o(.data)
    .data                                    0x200000b4   Section        8  usb_bsp.o(.data)
    .bss                                     0x200000bc   Section       76  main.o(.bss)
    .bss                                     0x20000108   Section       12  timerx.o(.bss)
    .bss                                     0x20000114   Section      352  usartx.o(.bss)
    .bss                                     0x20000274   Section       10  iocontrol.o(.bss)
    .bss                                     0x20000280   Section      108  canx.o(.bss)
    .bss                                     0x200002ec   Section       40  rtc.o(.bss)
    .bss                                     0x20000314   Section      828  adc.o(.bss)
    .bss                                     0x20000650   Section      128  frequencycapture.o(.bss)
    .bss                                     0x200006d0   Section      746  usbh_core.o(.bss)
    .bss                                     0x200009bc   Section       96  libspace.o(.bss)
    HEAP                                     0x20000a20   Section      512  startup_stm32f10x_cl.o(HEAP)
    Heap_Mem                                 0x20000a20   Data         512  startup_stm32f10x_cl.o(HEAP)
    STACK                                    0x20000c20   Section     1024  startup_stm32f10x_cl.o(STACK)
    Stack_Mem                                0x20000c20   Data        1024  startup_stm32f10x_cl.o(STACK)
    __initial_sp                             0x20001020   Data           0  startup_stm32f10x_cl.o(STACK)

    Global Symbols

    Symbol Name                              Value     Ov Type        Size  Object(Section)

    BuildAttributes$$THM_ISAv4$P$D$K$B$S$PE$A:L22UL41UL21$X:L11$S22US41US21$IEEE1$IW$USESV6$~STKCKD$USESV7$~SHL$OTIME$ROPI$IEEEJ$EBA8$UX$STANDARDLIB$REQ8$PRES8$EABIv2 0x00000000   Number         0  anon$$obj.o ABSOLUTE
    __ARM_use_no_argv                        0x00000000   Number         0  main.o ABSOLUTE
    _printf_flags                            0x00000000   Number         0  printf_stubs.o ABSOLUTE
    _printf_return_value                     0x00000000   Number         0  printf_stubs.o ABSOLUTE
    _printf_sizespec                         0x00000000   Number         0  printf_stubs.o ABSOLUTE
    _printf_widthprec                        0x00000000   Number         0  printf_stubs.o ABSOLUTE
    __ARM_exceptions_init                     - Undefined Weak Reference
    __alloca_initialize                       - Undefined Weak Reference
    __cpp_initialize__aeabi_                  - Undefined Weak Reference
    __cxa_finalize                            - Undefined Weak Reference
    __sigvec_lookup                           - Undefined Weak Reference
    __user_heap_extent                        - Undefined Weak Reference
    _atexit_init                              - Undefined Weak Reference
    _call_atexit_fns                          - Undefined Weak Reference
    _clock_init                               - Undefined Weak Reference
    _fp_trap_init                             - Undefined Weak Reference
    _fp_trap_shutdown                         - Undefined Weak Reference
    _get_lc_collate                           - Undefined Weak Reference
    _get_lc_ctype                             - Undefined Weak Reference
    _get_lc_monetary                          - Undefined Weak Reference
    _get_lc_time                              - Undefined Weak Reference
    _getenv_init                              - Undefined Weak Reference
    _handle_redirection                       - Undefined Weak Reference
    _mutex_acquire                            - Undefined Weak Reference
    _mutex_free                               - Undefined Weak Reference
    _mutex_release                            - Undefined Weak Reference
    _printf_mbtowc                            - Undefined Weak Reference
    _printf_truncate_signed                   - Undefined Weak Reference
    _printf_truncate_unsigned                 - Undefined Weak Reference
    _rand_init                                - Undefined Weak Reference
    _signal_finish                            - Undefined Weak Reference
    _signal_init                              - Undefined Weak Reference
    __Vectors_Size                           0x00000150   Number         0  startup_stm32f10x_cl.o ABSOLUTE
    __Vectors                                0x08000000   Data           4  startup_stm32f10x_cl.o(RESET)
    __Vectors_End                            0x08000150   Data           0  startup_stm32f10x_cl.o(RESET)
    __main                                   0x08000151   Thumb Code     8  __main.o(!!!main)
    __scatterload                            0x08000159   Thumb Code     0  __scatter.o(!!!scatter)
    __scatterload_rt2                        0x08000159   Thumb Code    44  __scatter.o(!!!scatter)
    __scatterload_rt2_thumb_only             0x08000159   Thumb Code     0  __scatter.o(!!!scatter)
    __scatterload_null                       0x08000167   Thumb Code     0  __scatter.o(!!!scatter)
    __scatterload_copy                       0x0800018d   Thumb Code    26  __scatter_copy.o(!!handler_copy)
    __scatterload_zeroinit                   0x080001a9   Thumb Code    28  __scatter_zi.o(!!handler_zi)
    __rt_lib_init                            0x080001c5   Thumb Code     0  libinit.o(.ARM.Collect$$libinit$$00000000)
    __rt_lib_init_alloca_1                   0x080001c7   Thumb Code     0  libinit2.o(.ARM.Collect$$libinit$$0000002C)
    __rt_lib_init_argv_1                     0x080001c7   Thumb Code     0  libinit2.o(.ARM.Collect$$libinit$$0000002A)
    __rt_lib_init_atexit_1                   0x080001c7   Thumb Code     0  libinit2.o(.ARM.Collect$$libinit$$00000019)
    __rt_lib_init_clock_1                    0x080001c7   Thumb Code     0  libinit2.o(.ARM.Collect$$libinit$$0000001F)
    __rt_lib_init_cpp_1                      0x080001c7   Thumb Code     0  libinit2.o(.ARM.Collect$$libinit$$00000030)
    __rt_lib_init_exceptions_1               0x080001c7   Thumb Code     0  libinit2.o(.ARM.Collect$$libinit$$0000002E)
    __rt_lib_init_fp_1                       0x080001c7   Thumb Code     0  libinit2.o(.ARM.Collect$$libinit$$00000002)
    __rt_lib_init_fp_trap_1                  0x080001c7   Thumb Code     0  libinit2.o(.ARM.Collect$$libinit$$0000001D)
    __rt_lib_init_getenv_1                   0x080001c7   Thumb Code     0  libinit2.o(.ARM.Collect$$libinit$$00000021)
    __rt_lib_init_heap_1                     0x080001c7   Thumb Code     0  libinit2.o(.ARM.Collect$$libinit$$00000008)
    __rt_lib_init_lc_collate_1               0x080001c7   Thumb Code     0  libinit2.o(.ARM.Collect$$libinit$$0000000F)
    __rt_lib_init_lc_ctype_1                 0x080001c7   Thumb Code     0  libinit2.o(.ARM.Collect$$libinit$$00000011)
    __rt_lib_init_lc_monetary_1              0x080001c7   Thumb Code     0  libinit2.o(.ARM.Collect$$libinit$$00000013)
    __rt_lib_init_lc_numeric_1               0x080001c7   Thumb Code     0  libinit2.o(.ARM.Collect$$libinit$$00000015)
    __rt_lib_init_lc_time_1                  0x080001c7   Thumb Code     0  libinit2.o(.ARM.Collect$$libinit$$00000017)
    __rt_lib_init_rand_1                     0x080001c7   Thumb Code     0  libinit2.o(.ARM.Collect$$libinit$$0000000C)
    __rt_lib_init_return                     0x080001c7   Thumb Code     0  libinit2.o(.ARM.Collect$$libinit$$00000031)
    __rt_lib_init_signal_1                   0x080001c7   Thumb Code     0  libinit2.o(.ARM.Collect$$libinit$$0000001B)
    __rt_lib_init_stdio_1                    0x080001c7   Thumb Code     0  libinit2.o(.ARM.Collect$$libinit$$00000023)
    __rt_lib_init_user_alloc_1               0x080001c7   Thumb Code     0  libinit2.o(.ARM.Collect$$libinit$$0000000A)
    __rt_lib_shutdown                        0x080001c9   Thumb Code     0  libshutdown.o(.ARM.Collect$$libshutdown$$00000000)
    __rt_lib_shutdown_fp_trap_1              0x080001cb   Thumb Code     0  libshutdown2.o(.ARM.Collect$$libshutdown$$00000006)
    __rt_lib_shutdown_heap_1                 0x080001cb   Thumb Code     0  libshutdown2.o(.ARM.Collect$$libshutdown$$0000000E)
    __rt_lib_shutdown_return                 0x080001cb   Thumb Code     0  libshutdown2.o(.ARM.Collect$$libshutdown$$0000000F)
    __rt_lib_shutdown_signal_1               0x080001cb   Thumb Code     0  libshutdown2.o(.ARM.Collect$$libshutdown$$00000009)
    __rt_lib_shutdown_stdio_1                0x080001cb   Thumb Code     0  libshutdown2.o(.ARM.Collect$$libshutdown$$00000003)
    __rt_lib_shutdown_user_alloc_1           0x080001cb   Thumb Code     0  libshutdown2.o(.ARM.Collect$$libshutdown$$0000000B)
    __rt_entry                               0x080001cd   Thumb Code     0  rtentry.o(.ARM.Collect$$rtentry$$00000000)
    __rt_entry_presh_1                       0x080001cd   Thumb Code     0  rtentry2.o(.ARM.Collect$$rtentry$$00000002)
    __rt_entry_sh                            0x080001cd   Thumb Code     0  rtentry4.o(.ARM.Collect$$rtentry$$00000004)
    __rt_entry_li                            0x080001d3   Thumb Code     0  rtentry2.o(.ARM.Collect$$rtentry$$0000000A)
    __rt_entry_postsh_1                      0x080001d3   Thumb Code     0  rtentry2.o(.ARM.Collect$$rtentry$$00000009)
    __rt_entry_main                          0x080001d7   Thumb Code     0  rtentry2.o(.ARM.Collect$$rtentry$$0000000D)
    __rt_entry_postli_1                      0x080001d7   Thumb Code     0  rtentry2.o(.ARM.Collect$$rtentry$$0000000C)
    __rt_exit                                0x080001df   Thumb Code     0  rtexit.o(.ARM.Collect$$rtexit$$00000000)
    __rt_exit_ls                             0x080001e1   Thumb Code     0  rtexit2.o(.ARM.Collect$$rtexit$$00000003)
    __rt_exit_prels_1                        0x080001e1   Thumb Code     0  rtexit2.o(.ARM.Collect$$rtexit$$00000002)
    __rt_exit_exit                           0x080001e5   Thumb Code     0  rtexit2.o(.ARM.Collect$$rtexit$$00000004)
    Init_System                              0x080001ed   Thumb Code    30  main.o(.text)
    main                                     0x0800020b   Thumb Code   278  main.o(.text)
    delay                                    0x08000321   Thumb Code    14  main.o(.text)
    TIM5_Init                                0x08000361   Thumb Code   118  timerx.o(.text)
    TIM5_TimeCount                           0x080003d7   Thumb Code   784  timerx.o(.text)
    TIM5_IRQHandler                          0x080006e7   Thumb Code    26  timerx.o(.text)
    STM_UART_COMInit                         0x08000735   Thumb Code   190  usartx.o(.text)
    Uart_Init                                0x080007f3   Thumb Code   246  usartx.o(.text)
    SerialPutChar                            0x080008e9   Thumb Code    30  usartx.o(.text)
    LRC_Check                                0x08000907   Thumb Code   138  usartx.o(.text)
    USART_COM1_GetInputString                0x08000991   Thumb Code   344  usartx.o(.text)
    USART_COM2_GetInputString                0x08000ae9   Thumb Code   252  usartx.o(.text)
    USART_COM3_GetInputString                0x08000be5   Thumb Code   344  usartx.o(.text)
    USART_COM4_GetInputString                0x08000d3d   Thumb Code   344  usartx.o(.text)
    USART_COM5_GetInputString                0x08000e95   Thumb Code   388  usartx.o(.text)
    fputc                                    0x08001019   Thumb Code    32  usartx.o(.text)
    USART1_IRQHandler                        0x08001039   Thumb Code    68  usartx.o(.text)
    USART2_IRQHandler                        0x0800107d   Thumb Code    68  usartx.o(.text)
    USART3_IRQHandler                        0x080010c1   Thumb Code    68  usartx.o(.text)
    UART4_IRQHandler                         0x08001105   Thumb Code    68  usartx.o(.text)
    UART5_IRQHandler                         0x08001149   Thumb Code    68  usartx.o(.text)
    IOControl_Init                           0x080011a9   Thumb Code    76  iocontrol.o(.text)
    CAN_Configuration                        0x080011f9   Thumb Code   372  canx.o(.text)
    CAN1_RX0_IRQHandler                      0x0800136d   Thumb Code  1118  canx.o(.text)
    CAN2_RX0_IRQHandler                      0x080017cb   Thumb Code    14  canx.o(.text)
    Init_PCF8574                             0x080017f9   Thumb Code    76  pcf8574.o(.text)
    I2C_Start_PCF8574                        0x08001845   Thumb Code    52  pcf8574.o(.text)
    I2C_Stop_PCF8574                         0x08001879   Thumb Code    52  pcf8574.o(.text)
    I2C_NOAck_PCF8574                        0x080018ad   Thumb Code    68  pcf8574.o(.text)
    I2C_Ack_PCF8574                          0x080018f1   Thumb Code   150  pcf8574.o(.text)
    I2C_Write1Byte_PCF8574                   0x08001987   Thumb Code   118  pcf8574.o(.text)
    I2C_Rec1Byte_PCF8574                     0x080019fd   Thumb Code   176  pcf8574.o(.text)
    I2C_WriteData_PCF8574                    0x08001aad   Thumb Code    28  pcf8574.o(.text)
    I2C_RecData_PCF8574                      0x08001ac9   Thumb Code    28  pcf8574.o(.text)
    KeyScan_PCF8574                          0x08001ae5   Thumb Code   128  pcf8574.o(.text)
    RTC_Configuration                        0x08001b71   Thumb Code    88  rtc.o(.text)
    Is_Leap_Year                             0x08001bc9   Thumb Code    58  rtc.o(.text)
    RTC_SetTime                              0x08001c03   Thumb Code   176  rtc.o(.text)
    RTCInit_Configuration                    0x08001cb3   Thumb Code   176  rtc.o(.text)
    RTC_GetWeek                              0x08001d63   Thumb Code   116  rtc.o(.text)
    RTC_GetTime                              0x08001dd7   Thumb Code   240  rtc.o(.text)
    RTC_IRQHandler                           0x08001ec7   Thumb Code    36  rtc.o(.text)
    ADC_Configuration                        0x08001f0d   Thumb Code   520  adc.o(.text)
    ADC_ValueFilter                          0x08002115   Thumb Code   230  adc.o(.text)
    DMA1_Channel1_IRQHandler                 0x080021fb   Thumb Code    24  adc.o(.text)
    FreqCap_Configuration                    0x08002239   Thumb Code   418  frequencycapture.o(.text)
    TIM1_CC_IRQHandler                       0x080023db   Thumb Code   154  frequencycapture.o(.text)
    TIM4_IRQHandler                          0x08002475   Thumb Code   200  frequencycapture.o(.text)
    hc595_init                               0x08002559   Thumb Code   126  hc595.o(.text)
    hc595_write_byte                         0x080025d7   Thumb Code    70  hc595.o(.text)
    hc595_latch                              0x0800261d   Thumb Code    34  hc595.o(.text)
    hc595_display                            0x0800263f   Thumb Code   192  hc595.o(.text)
    SystemInit                               0x08002819   Thumb Code    92  system_stm32f10x.o(.text)
    SystemCoreClockUpdate                    0x08002875   Thumb Code   232  system_stm32f10x.o(.text)
    Reset_Handler                            0x0800298d   Thumb Code     8  startup_stm32f10x_cl.o(.text)
    NMI_Handler                              0x08002995   Thumb Code     2  startup_stm32f10x_cl.o(.text)
    HardFault_Handler                        0x08002997   Thumb Code     2  startup_stm32f10x_cl.o(.text)
    MemManage_Handler                        0x08002999   Thumb Code     2  startup_stm32f10x_cl.o(.text)
    BusFault_Handler                         0x0800299b   Thumb Code     2  startup_stm32f10x_cl.o(.text)
    UsageFault_Handler                       0x0800299d   Thumb Code     2  startup_stm32f10x_cl.o(.text)
    SVC_Handler                              0x0800299f   Thumb Code     2  startup_stm32f10x_cl.o(.text)
    DebugMon_Handler                         0x080029a1   Thumb Code     2  startup_stm32f10x_cl.o(.text)
    PendSV_Handler                           0x080029a3   Thumb Code     2  startup_stm32f10x_cl.o(.text)
    SysTick_Handler                          0x080029a5   Thumb Code     2  startup_stm32f10x_cl.o(.text)
    ADC1_2_IRQHandler                        0x080029a7   Thumb Code     0  startup_stm32f10x_cl.o(.text)
    CAN1_RX1_IRQHandler                      0x080029a7   Thumb Code     0  startup_stm32f10x_cl.o(.text)
    CAN1_SCE_IRQHandler                      0x080029a7   Thumb Code     0  startup_stm32f10x_cl.o(.text)
    CAN1_TX_IRQHandler                       0x080029a7   Thumb Code     0  startup_stm32f10x_cl.o(.text)
    CAN2_RX1_IRQHandler                      0x080029a7   Thumb Code     0  startup_stm32f10x_cl.o(.text)
    CAN2_SCE_IRQHandler                      0x080029a7   Thumb Code     0  startup_stm32f10x_cl.o(.text)
    CAN2_TX_IRQHandler                       0x080029a7   Thumb Code     0  startup_stm32f10x_cl.o(.text)
    DMA1_Channel2_IRQHandler                 0x080029a7   Thumb Code     0  startup_stm32f10x_cl.o(.text)
    DMA1_Channel3_IRQHandler                 0x080029a7   Thumb Code     0  startup_stm32f10x_cl.o(.text)
    DMA1_Channel4_IRQHandler                 0x080029a7   Thumb Code     0  startup_stm32f10x_cl.o(.text)
    DMA1_Channel5_IRQHandler                 0x080029a7   Thumb Code     0  startup_stm32f10x_cl.o(.text)
    DMA1_Channel6_IRQHandler                 0x080029a7   Thumb Code     0  startup_stm32f10x_cl.o(.text)
    DMA1_Channel7_IRQHandler                 0x080029a7   Thumb Code     0  startup_stm32f10x_cl.o(.text)
    DMA2_Channel1_IRQHandler                 0x080029a7   Thumb Code     0  startup_stm32f10x_cl.o(.text)
    DMA2_Channel2_IRQHandler                 0x080029a7   Thumb Code     0  startup_stm32f10x_cl.o(.text)
    DMA2_Channel3_IRQHandler                 0x080029a7   Thumb Code     0  startup_stm32f10x_cl.o(.text)
    DMA2_Channel4_IRQHandler                 0x080029a7   Thumb Code     0  startup_stm32f10x_cl.o(.text)
    DMA2_Channel5_IRQHandler                 0x080029a7   Thumb Code     0  startup_stm32f10x_cl.o(.text)
    ETH_IRQHandler                           0x080029a7   Thumb Code     0  startup_stm32f10x_cl.o(.text)
    ETH_WKUP_IRQHandler                      0x080029a7   Thumb Code     0  startup_stm32f10x_cl.o(.text)
    EXTI0_IRQHandler                         0x080029a7   Thumb Code     0  startup_stm32f10x_cl.o(.text)
    EXTI15_10_IRQHandler                     0x080029a7   Thumb Code     0  startup_stm32f10x_cl.o(.text)
    EXTI1_IRQHandler                         0x080029a7   Thumb Code     0  startup_stm32f10x_cl.o(.text)
    EXTI2_IRQHandler                         0x080029a7   Thumb Code     0  startup_stm32f10x_cl.o(.text)
    EXTI3_IRQHandler                         0x080029a7   Thumb Code     0  startup_stm32f10x_cl.o(.text)
    EXTI4_IRQHandler                         0x080029a7   Thumb Code     0  startup_stm32f10x_cl.o(.text)
    EXTI9_5_IRQHandler                       0x080029a7   Thumb Code     0  startup_stm32f10x_cl.o(.text)
    FLASH_IRQHandler                         0x080029a7   Thumb Code     0  startup_stm32f10x_cl.o(.text)
    I2C1_ER_IRQHandler                       0x080029a7   Thumb Code     0  startup_stm32f10x_cl.o(.text)
    I2C1_EV_IRQHandler                       0x080029a7   Thumb Code     0  startup_stm32f10x_cl.o(.text)
    I2C2_ER_IRQHandler                       0x080029a7   Thumb Code     0  startup_stm32f10x_cl.o(.text)
    I2C2_EV_IRQHandler                       0x080029a7   Thumb Code     0  startup_stm32f10x_cl.o(.text)
    OTG_FS_WKUP_IRQHandler                   0x080029a7   Thumb Code     0  startup_stm32f10x_cl.o(.text)
    PVD_IRQHandler                           0x080029a7   Thumb Code     0  startup_stm32f10x_cl.o(.text)
    RCC_IRQHandler                           0x080029a7   Thumb Code     0  startup_stm32f10x_cl.o(.text)
    RTCAlarm_IRQHandler                      0x080029a7   Thumb Code     0  startup_stm32f10x_cl.o(.text)
    SPI1_IRQHandler                          0x080029a7   Thumb Code     0  startup_stm32f10x_cl.o(.text)
    SPI2_IRQHandler                          0x080029a7   Thumb Code     0  startup_stm32f10x_cl.o(.text)
    SPI3_IRQHandler                          0x080029a7   Thumb Code     0  startup_stm32f10x_cl.o(.text)
    TAMPER_IRQHandler                        0x080029a7   Thumb Code     0  startup_stm32f10x_cl.o(.text)
    TIM1_BRK_IRQHandler                      0x080029a7   Thumb Code     0  startup_stm32f10x_cl.o(.text)
    TIM1_TRG_COM_IRQHandler                  0x080029a7   Thumb Code     0  startup_stm32f10x_cl.o(.text)
    TIM1_UP_IRQHandler                       0x080029a7   Thumb Code     0  startup_stm32f10x_cl.o(.text)
    TIM3_IRQHandler                          0x080029a7   Thumb Code     0  startup_stm32f10x_cl.o(.text)
    TIM6_IRQHandler                          0x080029a7   Thumb Code     0  startup_stm32f10x_cl.o(.text)
    TIM7_IRQHandler                          0x080029a7   Thumb Code     0  startup_stm32f10x_cl.o(.text)
    WWDG_IRQHandler                          0x080029a7   Thumb Code     0  startup_stm32f10x_cl.o(.text)
    __user_initial_stackheap                 0x080029a9   Thumb Code     0  startup_stm32f10x_cl.o(.text)
    NVIC_PriorityGroupConfig                 0x080029cd   Thumb Code    10  misc.o(.text)
    NVIC_Init                                0x080029d7   Thumb Code   100  misc.o(.text)
    NVIC_SetVectorTable                      0x08002a3b   Thumb Code    14  misc.o(.text)
    NVIC_SystemLPConfig                      0x08002a49   Thumb Code    34  misc.o(.text)
    SysTick_CLKSourceConfig                  0x08002a6b   Thumb Code    40  misc.o(.text)
    GPIO_DeInit                              0x08002aa9   Thumb Code   172  stm32f10x_gpio.o(.text)
    GPIO_AFIODeInit                          0x08002b55   Thumb Code    20  stm32f10x_gpio.o(.text)
    GPIO_Init                                0x08002b69   Thumb Code   278  stm32f10x_gpio.o(.text)
    GPIO_StructInit                          0x08002c7f   Thumb Code    16  stm32f10x_gpio.o(.text)
    GPIO_ReadInputDataBit                    0x08002c8f   Thumb Code    18  stm32f10x_gpio.o(.text)
    GPIO_ReadInputData                       0x08002ca1   Thumb Code     8  stm32f10x_gpio.o(.text)
    GPIO_ReadOutputDataBit                   0x08002ca9   Thumb Code    18  stm32f10x_gpio.o(.text)
    GPIO_ReadOutputData                      0x08002cbb   Thumb Code     8  stm32f10x_gpio.o(.text)
    GPIO_SetBits                             0x08002cc3   Thumb Code     4  stm32f10x_gpio.o(.text)
    GPIO_ResetBits                           0x08002cc7   Thumb Code     4  stm32f10x_gpio.o(.text)
    GPIO_WriteBit                            0x08002ccb   Thumb Code    10  stm32f10x_gpio.o(.text)
    GPIO_Write                               0x08002cd5   Thumb Code     4  stm32f10x_gpio.o(.text)
    GPIO_PinLockConfig                       0x08002cd9   Thumb Code    18  stm32f10x_gpio.o(.text)
    GPIO_EventOutputConfig                   0x08002ceb   Thumb Code    26  stm32f10x_gpio.o(.text)
    GPIO_EventOutputCmd                      0x08002d05   Thumb Code     6  stm32f10x_gpio.o(.text)
    GPIO_PinRemapConfig                      0x08002d0b   Thumb Code   138  stm32f10x_gpio.o(.text)
    GPIO_EXTILineConfig                      0x08002d95   Thumb Code    66  stm32f10x_gpio.o(.text)
    GPIO_ETH_MediaInterfaceConfig            0x08002dd7   Thumb Code     8  stm32f10x_gpio.o(.text)
    RCC_DeInit                               0x08002e05   Thumb Code    78  stm32f10x_rcc.o(.text)
    RCC_HSEConfig                            0x08002e53   Thumb Code    70  stm32f10x_rcc.o(.text)
    RCC_GetFlagStatus                        0x08002e99   Thumb Code    56  stm32f10x_rcc.o(.text)
    RCC_WaitForHSEStartUp                    0x08002ed1   Thumb Code    56  stm32f10x_rcc.o(.text)
    RCC_AdjustHSICalibrationValue            0x08002f09   Thumb Code    20  stm32f10x_rcc.o(.text)
    RCC_HSICmd                               0x08002f1d   Thumb Code     6  stm32f10x_rcc.o(.text)
    RCC_PLLConfig                            0x08002f23   Thumb Code    24  stm32f10x_rcc.o(.text)
    RCC_PLLCmd                               0x08002f3b   Thumb Code     6  stm32f10x_rcc.o(.text)
    RCC_PREDIV1Config                        0x08002f41   Thumb Code    24  stm32f10x_rcc.o(.text)
    RCC_PREDIV2Config                        0x08002f59   Thumb Code    18  stm32f10x_rcc.o(.text)
    RCC_PLL2Config                           0x08002f6b   Thumb Code    18  stm32f10x_rcc.o(.text)
    RCC_PLL2Cmd                              0x08002f7d   Thumb Code     6  stm32f10x_rcc.o(.text)
    RCC_PLL3Config                           0x08002f83   Thumb Code    18  stm32f10x_rcc.o(.text)
    RCC_PLL3Cmd                              0x08002f95   Thumb Code     6  stm32f10x_rcc.o(.text)
    RCC_SYSCLKConfig                         0x08002f9b   Thumb Code    18  stm32f10x_rcc.o(.text)
    RCC_GetSYSCLKSource                      0x08002fad   Thumb Code    10  stm32f10x_rcc.o(.text)
    RCC_HCLKConfig                           0x08002fb7   Thumb Code    18  stm32f10x_rcc.o(.text)
    RCC_PCLK1Config                          0x08002fc9   Thumb Code    18  stm32f10x_rcc.o(.text)
    RCC_PCLK2Config                          0x08002fdb   Thumb Code    20  stm32f10x_rcc.o(.text)
    RCC_ITConfig                             0x08002fef   Thumb Code    26  stm32f10x_rcc.o(.text)
    RCC_OTGFSCLKConfig                       0x08003009   Thumb Code     8  stm32f10x_rcc.o(.text)
    RCC_ADCCLKConfig                         0x08003011   Thumb Code    18  stm32f10x_rcc.o(.text)
    RCC_I2S2CLKConfig                        0x08003023   Thumb Code     6  stm32f10x_rcc.o(.text)
    RCC_I2S3CLKConfig                        0x08003029   Thumb Code     8  stm32f10x_rcc.o(.text)
    RCC_LSEConfig                            0x08003031   Thumb Code    50  stm32f10x_rcc.o(.text)
    RCC_LSICmd                               0x08003063   Thumb Code     6  stm32f10x_rcc.o(.text)
    RCC_RTCCLKConfig                         0x08003069   Thumb Code    12  stm32f10x_rcc.o(.text)
    RCC_RTCCLKCmd                            0x08003075   Thumb Code     8  stm32f10x_rcc.o(.text)
    RCC_GetClocksFreq                        0x0800307d   Thumb Code   424  stm32f10x_rcc.o(.text)
    RCC_AHBPeriphClockCmd                    0x08003225   Thumb Code    26  stm32f10x_rcc.o(.text)
    RCC_APB2PeriphClockCmd                   0x0800323f   Thumb Code    26  stm32f10x_rcc.o(.text)
    RCC_APB1PeriphClockCmd                   0x08003259   Thumb Code    26  stm32f10x_rcc.o(.text)
    RCC_AHBPeriphResetCmd                    0x08003273   Thumb Code    26  stm32f10x_rcc.o(.text)
    RCC_APB2PeriphResetCmd                   0x0800328d   Thumb Code    26  stm32f10x_rcc.o(.text)
    RCC_APB1PeriphResetCmd                   0x080032a7   Thumb Code    26  stm32f10x_rcc.o(.text)
    RCC_BackupResetCmd                       0x080032c1   Thumb Code     6  stm32f10x_rcc.o(.text)
    RCC_ClockSecuritySystemCmd               0x080032c7   Thumb Code     6  stm32f10x_rcc.o(.text)
    RCC_MCOConfig                            0x080032cd   Thumb Code     6  stm32f10x_rcc.o(.text)
    RCC_ClearFlag                            0x080032d3   Thumb Code    14  stm32f10x_rcc.o(.text)
    RCC_GetITStatus                          0x080032e1   Thumb Code    20  stm32f10x_rcc.o(.text)
    RCC_ClearITPendingBit                    0x080032f5   Thumb Code     6  stm32f10x_rcc.o(.text)
    USART_DeInit                             0x08003309   Thumb Code   134  stm32f10x_usart.o(.text)
    USART_Init                               0x0800338f   Thumb Code   210  stm32f10x_usart.o(.text)
    USART_StructInit                         0x08003461   Thumb Code    24  stm32f10x_usart.o(.text)
    USART_ClockInit                          0x08003479   Thumb Code    34  stm32f10x_usart.o(.text)
    USART_ClockStructInit                    0x0800349b   Thumb Code    12  stm32f10x_usart.o(.text)
    USART_Cmd                                0x080034a7   Thumb Code    24  stm32f10x_usart.o(.text)
    USART_ITConfig                           0x080034bf   Thumb Code    74  stm32f10x_usart.o(.text)
    USART_DMACmd                             0x08003509   Thumb Code    18  stm32f10x_usart.o(.text)
    USART_SetAddress                         0x0800351b   Thumb Code    18  stm32f10x_usart.o(.text)
    USART_WakeUpConfig                       0x0800352d   Thumb Code    18  stm32f10x_usart.o(.text)
    USART_ReceiverWakeUpCmd                  0x0800353f   Thumb Code    24  stm32f10x_usart.o(.text)
    USART_LINBreakDetectLengthConfig         0x08003557   Thumb Code    18  stm32f10x_usart.o(.text)
    USART_LINCmd                             0x08003569   Thumb Code    24  stm32f10x_usart.o(.text)
    USART_SendData                           0x08003581   Thumb Code     8  stm32f10x_usart.o(.text)
    USART_ReceiveData                        0x08003589   Thumb Code    10  stm32f10x_usart.o(.text)
    USART_SendBreak                          0x08003593   Thumb Code    10  stm32f10x_usart.o(.text)
    USART_SetGuardTime                       0x0800359d   Thumb Code    16  stm32f10x_usart.o(.text)
    USART_SetPrescaler                       0x080035ad   Thumb Code    16  stm32f10x_usart.o(.text)
    USART_SmartCardCmd                       0x080035bd   Thumb Code    24  stm32f10x_usart.o(.text)
    USART_SmartCardNACKCmd                   0x080035d5   Thumb Code    24  stm32f10x_usart.o(.text)
    USART_HalfDuplexCmd                      0x080035ed   Thumb Code    24  stm32f10x_usart.o(.text)
    USART_OverSampling8Cmd                   0x08003605   Thumb Code    22  stm32f10x_usart.o(.text)
    USART_OneBitMethodCmd                    0x0800361b   Thumb Code    24  stm32f10x_usart.o(.text)
    USART_IrDAConfig                         0x08003633   Thumb Code    18  stm32f10x_usart.o(.text)
    USART_IrDACmd                            0x08003645   Thumb Code    24  stm32f10x_usart.o(.text)
    USART_GetFlagStatus                      0x0800365d   Thumb Code    26  stm32f10x_usart.o(.text)
    USART_ClearFlag                          0x08003677   Thumb Code    18  stm32f10x_usart.o(.text)
    USART_GetITStatus                        0x08003689   Thumb Code    84  stm32f10x_usart.o(.text)
    USART_ClearITPendingBit                  0x080036dd   Thumb Code    52  stm32f10x_usart.o(.text)
    TIM_DeInit                               0x08003711   Thumb Code   424  stm32f10x_tim.o(.text)
    TIM_TimeBaseInit                         0x080038b9   Thumb Code   122  stm32f10x_tim.o(.text)
    TIM_OC1Init                              0x08003933   Thumb Code   132  stm32f10x_tim.o(.text)
    TIM_OC2Init                              0x080039b7   Thumb Code   154  stm32f10x_tim.o(.text)
    TIM_OC3Init                              0x08003a51   Thumb Code   150  stm32f10x_tim.o(.text)
    TIM_OC4Init                              0x08003ae7   Thumb Code   182  stm32f10x_tim.o(.text)
    TIM_SetIC4Prescaler                      0x08003b9d   Thumb Code    26  stm32f10x_tim.o(.text)
    TIM_SetIC3Prescaler                      0x08003c39   Thumb Code    18  stm32f10x_tim.o(.text)
    TIM_SetIC2Prescaler                      0x08003cc5   Thumb Code    26  stm32f10x_tim.o(.text)
    TIM_SetIC1Prescaler                      0x08003d61   Thumb Code    18  stm32f10x_tim.o(.text)
    TIM_ICInit                               0x08003ddf   Thumb Code   150  stm32f10x_tim.o(.text)
    TIM_PWMIConfig                           0x08003e75   Thumb Code   124  stm32f10x_tim.o(.text)
    TIM_BDTRConfig                           0x08003ef1   Thumb Code    32  stm32f10x_tim.o(.text)
    TIM_TimeBaseStructInit                   0x08003f11   Thumb Code    18  stm32f10x_tim.o(.text)
    TIM_OCStructInit                         0x08003f23   Thumb Code    20  stm32f10x_tim.o(.text)
    TIM_ICStructInit                         0x08003f37   Thumb Code    18  stm32f10x_tim.o(.text)
    TIM_BDTRStructInit                       0x08003f49   Thumb Code    40  stm32f10x_tim.o(.text)
    TIM_Cmd                                  0x08003f71   Thumb Code    24  stm32f10x_tim.o(.text)
    TIM_CtrlPWMOutputs                       0x08003f89   Thumb Code    30  stm32f10x_tim.o(.text)
    TIM_ITConfig                             0x08003fa7   Thumb Code    18  stm32f10x_tim.o(.text)
    TIM_GenerateEvent                        0x08003fb9   Thumb Code     4  stm32f10x_tim.o(.text)
    TIM_DMAConfig                            0x08003fbd   Thumb Code    10  stm32f10x_tim.o(.text)
    TIM_DMACmd                               0x08003fc7   Thumb Code    18  stm32f10x_tim.o(.text)
    TIM_InternalClockConfig                  0x08003fd9   Thumb Code    12  stm32f10x_tim.o(.text)
    TIM_SelectInputTrigger                   0x08003fe5   Thumb Code    18  stm32f10x_tim.o(.text)
    TIM_ITRxExternalClockConfig              0x08003ff7   Thumb Code    24  stm32f10x_tim.o(.text)
    TIM_TIxExternalClockConfig               0x0800400f   Thumb Code    62  stm32f10x_tim.o(.text)
    TIM_ETRConfig                            0x0800404d   Thumb Code    28  stm32f10x_tim.o(.text)
    TIM_ETRClockMode1Config                  0x08004069   Thumb Code    54  stm32f10x_tim.o(.text)
    TIM_ETRClockMode2Config                  0x0800409f   Thumb Code    32  stm32f10x_tim.o(.text)
    TIM_PrescalerConfig                      0x080040bf   Thumb Code     6  stm32f10x_tim.o(.text)
    TIM_CounterModeConfig                    0x080040c5   Thumb Code    18  stm32f10x_tim.o(.text)
    TIM_EncoderInterfaceConfig               0x080040d7   Thumb Code    66  stm32f10x_tim.o(.text)
    TIM_ForcedOC1Config                      0x08004119   Thumb Code    18  stm32f10x_tim.o(.text)
    TIM_ForcedOC2Config                      0x0800412b   Thumb Code    26  stm32f10x_tim.o(.text)
    TIM_ForcedOC3Config                      0x08004145   Thumb Code    18  stm32f10x_tim.o(.text)
    TIM_ForcedOC4Config                      0x08004157   Thumb Code    26  stm32f10x_tim.o(.text)
    TIM_ARRPreloadConfig                     0x08004171   Thumb Code    24  stm32f10x_tim.o(.text)
    TIM_SelectCOM                            0x08004189   Thumb Code    24  stm32f10x_tim.o(.text)
    TIM_SelectCCDMA                          0x080041a1   Thumb Code    24  stm32f10x_tim.o(.text)
    TIM_CCPreloadControl                     0x080041b9   Thumb Code    24  stm32f10x_tim.o(.text)
    TIM_OC1PreloadConfig                     0x080041d1   Thumb Code    18  stm32f10x_tim.o(.text)
    TIM_OC2PreloadConfig                     0x080041e3   Thumb Code    26  stm32f10x_tim.o(.text)
    TIM_OC3PreloadConfig                     0x080041fd   Thumb Code    18  stm32f10x_tim.o(.text)
    TIM_OC4PreloadConfig                     0x0800420f   Thumb Code    26  stm32f10x_tim.o(.text)
    TIM_OC1FastConfig                        0x08004229   Thumb Code    18  stm32f10x_tim.o(.text)
    TIM_OC2FastConfig                        0x0800423b   Thumb Code    26  stm32f10x_tim.o(.text)
    TIM_OC3FastConfig                        0x08004255   Thumb Code    18  stm32f10x_tim.o(.text)
    TIM_OC4FastConfig                        0x08004267   Thumb Code    26  stm32f10x_tim.o(.text)
    TIM_ClearOC1Ref                          0x08004281   Thumb Code    18  stm32f10x_tim.o(.text)
    TIM_ClearOC2Ref                          0x08004293   Thumb Code    24  stm32f10x_tim.o(.text)
    TIM_ClearOC3Ref                          0x080042ab   Thumb Code    18  stm32f10x_tim.o(.text)
    TIM_ClearOC4Ref                          0x080042bd   Thumb Code    24  stm32f10x_tim.o(.text)
    TIM_OC1PolarityConfig                    0x080042d5   Thumb Code    18  stm32f10x_tim.o(.text)
    TIM_OC1NPolarityConfig                   0x080042e7   Thumb Code    18  stm32f10x_tim.o(.text)
    TIM_OC2PolarityConfig                    0x080042f9   Thumb Code    26  stm32f10x_tim.o(.text)
    TIM_OC2NPolarityConfig                   0x08004313   Thumb Code    26  stm32f10x_tim.o(.text)
    TIM_OC3PolarityConfig                    0x0800432d   Thumb Code    26  stm32f10x_tim.o(.text)
    TIM_OC3NPolarityConfig                   0x08004347   Thumb Code    26  stm32f10x_tim.o(.text)
    TIM_OC4PolarityConfig                    0x08004361   Thumb Code    26  stm32f10x_tim.o(.text)
    TIM_CCxCmd                               0x0800437b   Thumb Code    30  stm32f10x_tim.o(.text)
    TIM_CCxNCmd                              0x08004399   Thumb Code    30  stm32f10x_tim.o(.text)
    TIM_SelectOCxM                           0x080043b7   Thumb Code    82  stm32f10x_tim.o(.text)
    TIM_UpdateDisableConfig                  0x08004409   Thumb Code    24  stm32f10x_tim.o(.text)
    TIM_UpdateRequestConfig                  0x08004421   Thumb Code    24  stm32f10x_tim.o(.text)
    TIM_SelectHallSensor                     0x08004439   Thumb Code    24  stm32f10x_tim.o(.text)
    TIM_SelectOnePulseMode                   0x08004451   Thumb Code    18  stm32f10x_tim.o(.text)
    TIM_SelectOutputTrigger                  0x08004463   Thumb Code    18  stm32f10x_tim.o(.text)
    TIM_SelectSlaveMode                      0x08004475   Thumb Code    18  stm32f10x_tim.o(.text)
    TIM_SelectMasterSlaveMode                0x08004487   Thumb Code    18  stm32f10x_tim.o(.text)
    TIM_SetCounter                           0x08004499   Thumb Code     4  stm32f10x_tim.o(.text)
    TIM_SetAutoreload                        0x0800449d   Thumb Code     4  stm32f10x_tim.o(.text)
    TIM_SetCompare1                          0x080044a1   Thumb Code     4  stm32f10x_tim.o(.text)
    TIM_SetCompare2                          0x080044a5   Thumb Code     4  stm32f10x_tim.o(.text)
    TIM_SetCompare3                          0x080044a9   Thumb Code     4  stm32f10x_tim.o(.text)
    TIM_SetCompare4                          0x080044ad   Thumb Code     6  stm32f10x_tim.o(.text)
    TIM_SetClockDivision                     0x080044b3   Thumb Code    18  stm32f10x_tim.o(.text)
    TIM_GetCapture1                          0x080044c5   Thumb Code     6  stm32f10x_tim.o(.text)
    TIM_GetCapture2                          0x080044cb   Thumb Code     6  stm32f10x_tim.o(.text)
    TIM_GetCapture3                          0x080044d1   Thumb Code     6  stm32f10x_tim.o(.text)
    TIM_GetCapture4                          0x080044d7   Thumb Code     8  stm32f10x_tim.o(.text)
    TIM_GetCounter                           0x080044df   Thumb Code     6  stm32f10x_tim.o(.text)
    TIM_GetPrescaler                         0x080044e5   Thumb Code     6  stm32f10x_tim.o(.text)
    TIM_GetFlagStatus                        0x080044eb   Thumb Code    18  stm32f10x_tim.o(.text)
    TIM_ClearFlag                            0x080044fd   Thumb Code     6  stm32f10x_tim.o(.text)
    TIM_GetITStatus                          0x08004503   Thumb Code    34  stm32f10x_tim.o(.text)
    TIM_ClearITPendingBit                    0x08004525   Thumb Code     6  stm32f10x_tim.o(.text)
    ADC_DeInit                               0x0800452d   Thumb Code    78  stm32f10x_adc.o(.text)
    ADC_Init                                 0x0800457b   Thumb Code    70  stm32f10x_adc.o(.text)
    ADC_StructInit                           0x080045c1   Thumb Code    18  stm32f10x_adc.o(.text)
    ADC_Cmd                                  0x080045d3   Thumb Code    22  stm32f10x_adc.o(.text)
    ADC_DMACmd                               0x080045e9   Thumb Code    22  stm32f10x_adc.o(.text)
    ADC_ITConfig                             0x080045ff   Thumb Code    24  stm32f10x_adc.o(.text)
    ADC_ResetCalibration                     0x08004617   Thumb Code    10  stm32f10x_adc.o(.text)
    ADC_GetResetCalibrationStatus            0x08004621   Thumb Code    20  stm32f10x_adc.o(.text)
    ADC_StartCalibration                     0x08004635   Thumb Code    10  stm32f10x_adc.o(.text)
    ADC_GetCalibrationStatus                 0x0800463f   Thumb Code    20  stm32f10x_adc.o(.text)
    ADC_SoftwareStartConvCmd                 0x08004653   Thumb Code    22  stm32f10x_adc.o(.text)
    ADC_GetSoftwareStartConvStatus           0x08004669   Thumb Code    20  stm32f10x_adc.o(.text)
    ADC_DiscModeChannelCountConfig           0x0800467d   Thumb Code    24  stm32f10x_adc.o(.text)
    ADC_DiscModeCmd                          0x08004695   Thumb Code    22  stm32f10x_adc.o(.text)
    ADC_RegularChannelConfig                 0x080046ab   Thumb Code   184  stm32f10x_adc.o(.text)
    ADC_ExternalTrigConvCmd                  0x08004763   Thumb Code    22  stm32f10x_adc.o(.text)
    ADC_GetConversionValue                   0x08004779   Thumb Code     8  stm32f10x_adc.o(.text)
    ADC_GetDualModeConversionValue           0x08004781   Thumb Code     8  stm32f10x_adc.o(.text)
    ADC_AutoInjectedConvCmd                  0x08004789   Thumb Code    22  stm32f10x_adc.o(.text)
    ADC_InjectedDiscModeCmd                  0x0800479f   Thumb Code    22  stm32f10x_adc.o(.text)
    ADC_ExternalTrigInjectedConvConfig       0x080047b5   Thumb Code    16  stm32f10x_adc.o(.text)
    ADC_ExternalTrigInjectedConvCmd          0x080047c5   Thumb Code    22  stm32f10x_adc.o(.text)
    ADC_SoftwareStartInjectedConvCmd         0x080047db   Thumb Code    22  stm32f10x_adc.o(.text)
    ADC_GetSoftwareStartInjectedConvCmdStatus 0x080047f1   Thumb Code    20  stm32f10x_adc.o(.text)
    ADC_InjectedChannelConfig                0x08004805   Thumb Code   130  stm32f10x_adc.o(.text)
    ADC_InjectedSequencerLengthConfig        0x08004887   Thumb Code    24  stm32f10x_adc.o(.text)
    ADC_SetInjectedOffset                    0x0800489f   Thumb Code    20  stm32f10x_adc.o(.text)
    ADC_GetInjectedConversionValue           0x080048b3   Thumb Code    28  stm32f10x_adc.o(.text)
    ADC_AnalogWatchdogCmd                    0x080048cf   Thumb Code    16  stm32f10x_adc.o(.text)
    ADC_AnalogWatchdogThresholdsConfig       0x080048df   Thumb Code     6  stm32f10x_adc.o(.text)
    ADC_AnalogWatchdogSingleChannelConfig    0x080048e5   Thumb Code    16  stm32f10x_adc.o(.text)
    ADC_TempSensorVrefintCmd                 0x080048f5   Thumb Code    64  stm32f10x_adc.o(.text)
    ADC_GetFlagStatus                        0x08004935   Thumb Code    18  stm32f10x_adc.o(.text)
    ADC_ClearFlag                            0x08004947   Thumb Code     6  stm32f10x_adc.o(.text)
    ADC_GetITStatus                          0x0800494d   Thumb Code    36  stm32f10x_adc.o(.text)
    ADC_ClearITPendingBit                    0x08004971   Thumb Code    10  stm32f10x_adc.o(.text)
    CAN_DeInit                               0x0800497d   Thumb Code    50  stm32f10x_can.o(.text)
    CAN_Init                                 0x080049af   Thumb Code   276  stm32f10x_can.o(.text)
    CAN_FilterInit                           0x08004ac3   Thumb Code   258  stm32f10x_can.o(.text)
    CAN_StructInit                           0x08004bc5   Thumb Code    32  stm32f10x_can.o(.text)
    CAN_SlaveStartBank                       0x08004be5   Thumb Code    48  stm32f10x_can.o(.text)
    CAN_DBGFreeze                            0x08004c15   Thumb Code    22  stm32f10x_can.o(.text)
    CAN_TTComModeCmd                         0x08004c2b   Thumb Code   118  stm32f10x_can.o(.text)
    CAN_Transmit                             0x08004ca1   Thumb Code   304  stm32f10x_can.o(.text)
    CAN_TransmitStatus                       0x08004dd1   Thumb Code   138  stm32f10x_can.o(.text)
    CAN_CancelTransmit                       0x08004e5b   Thumb Code    48  stm32f10x_can.o(.text)
    CAN_Receive                              0x08004e8b   Thumb Code   240  stm32f10x_can.o(.text)
    CAN_FIFORelease                          0x08004f7b   Thumb Code    22  stm32f10x_can.o(.text)
    CAN_MessagePending                       0x08004f91   Thumb Code    30  stm32f10x_can.o(.text)
    CAN_OperatingModeRequest                 0x08004faf   Thumb Code   162  stm32f10x_can.o(.text)
    CAN_Sleep                                0x08005051   Thumb Code    30  stm32f10x_can.o(.text)
    CAN_WakeUp                               0x0800506f   Thumb Code    48  stm32f10x_can.o(.text)
    CAN_GetLastErrorCode                     0x0800509f   Thumb Code    12  stm32f10x_can.o(.text)
    CAN_GetReceiveErrorCounter               0x080050ab   Thumb Code    10  stm32f10x_can.o(.text)
    CAN_GetLSBTransmitErrorCounter           0x080050b5   Thumb Code    12  stm32f10x_can.o(.text)
    CAN_ITConfig                             0x080050c1   Thumb Code    18  stm32f10x_can.o(.text)
    CAN_GetFlagStatus                        0x080050d3   Thumb Code   120  stm32f10x_can.o(.text)
    CAN_ClearFlag                            0x0800514b   Thumb Code    52  stm32f10x_can.o(.text)
    CAN_GetITStatus                          0x08005191   Thumb Code   310  stm32f10x_can.o(.text)
    CAN_ClearITPendingBit                    0x080052c7   Thumb Code   162  stm32f10x_can.o(.text)
    RTC_ITConfig                             0x0800536d   Thumb Code    26  stm32f10x_rtc.o(.text)
    RTC_EnterConfigMode                      0x08005387   Thumb Code    18  stm32f10x_rtc.o(.text)
    RTC_ExitConfigMode                       0x08005399   Thumb Code    20  stm32f10x_rtc.o(.text)
    RTC_GetCounter                           0x080053ad   Thumb Code    18  stm32f10x_rtc.o(.text)
    RTC_SetCounter                           0x080053bf   Thumb Code    26  stm32f10x_rtc.o(.text)
    RTC_SetPrescaler                         0x080053d9   Thumb Code    28  stm32f10x_rtc.o(.text)
    RTC_SetAlarm                             0x080053f5   Thumb Code    26  stm32f10x_rtc.o(.text)
    RTC_GetDivider                           0x0800540f   Thumb Code    22  stm32f10x_rtc.o(.text)
    RTC_WaitForLastTask                      0x08005425   Thumb Code    18  stm32f10x_rtc.o(.text)
    RTC_WaitForSynchro                       0x08005437   Thumb Code    36  stm32f10x_rtc.o(.text)
    RTC_GetFlagStatus                        0x0800545b   Thumb Code    22  stm32f10x_rtc.o(.text)
    RTC_ClearFlag                            0x08005471   Thumb Code    16  stm32f10x_rtc.o(.text)
    RTC_GetITStatus                          0x08005481   Thumb Code    32  stm32f10x_rtc.o(.text)
    RTC_ClearITPendingBit                    0x080054a1   Thumb Code    16  stm32f10x_rtc.o(.text)
    BKP_DeInit                               0x080054b5   Thumb Code    16  stm32f10x_bkp.o(.text)
    BKP_TamperPinLevelConfig                 0x080054c5   Thumb Code     6  stm32f10x_bkp.o(.text)
    BKP_TamperPinCmd                         0x080054cb   Thumb Code     8  stm32f10x_bkp.o(.text)
    BKP_ITConfig                             0x080054d3   Thumb Code     8  stm32f10x_bkp.o(.text)
    BKP_RTCOutputConfig                      0x080054db   Thumb Code    22  stm32f10x_bkp.o(.text)
    BKP_SetRTCCalibrationValue               0x080054f1   Thumb Code    22  stm32f10x_bkp.o(.text)
    BKP_WriteBackupRegister                  0x08005507   Thumb Code    24  stm32f10x_bkp.o(.text)
    BKP_ReadBackupRegister                   0x0800551f   Thumb Code    26  stm32f10x_bkp.o(.text)
    BKP_GetFlagStatus                        0x08005539   Thumb Code    10  stm32f10x_bkp.o(.text)
    BKP_ClearFlag                            0x08005543   Thumb Code    18  stm32f10x_bkp.o(.text)
    BKP_GetITStatus                          0x08005555   Thumb Code    10  stm32f10x_bkp.o(.text)
    BKP_ClearITPendingBit                    0x0800555f   Thumb Code    18  stm32f10x_bkp.o(.text)
    PWR_DeInit                               0x08005579   Thumb Code    22  stm32f10x_pwr.o(.text)
    PWR_BackupAccessCmd                      0x0800558f   Thumb Code     6  stm32f10x_pwr.o(.text)
    PWR_PVDCmd                               0x08005595   Thumb Code     6  stm32f10x_pwr.o(.text)
    PWR_PVDLevelConfig                       0x0800559b   Thumb Code    18  stm32f10x_pwr.o(.text)
    PWR_WakeUpPinCmd                         0x080055ad   Thumb Code     8  stm32f10x_pwr.o(.text)
    PWR_EnterSTOPMode                        0x080055b5   Thumb Code    54  stm32f10x_pwr.o(.text)
    PWR_EnterSTANDBYMode                     0x080055eb   Thumb Code    42  stm32f10x_pwr.o(.text)
    PWR_GetFlagStatus                        0x08005615   Thumb Code    20  stm32f10x_pwr.o(.text)
    PWR_ClearFlag                            0x08005629   Thumb Code    14  stm32f10x_pwr.o(.text)
    DMA_DeInit                               0x08005645   Thumb Code   324  stm32f10x_dma.o(.text)
    DMA_Init                                 0x08005789   Thumb Code    60  stm32f10x_dma.o(.text)
    DMA_StructInit                           0x080057c5   Thumb Code    26  stm32f10x_dma.o(.text)
    DMA_Cmd                                  0x080057df   Thumb Code    24  stm32f10x_dma.o(.text)
    DMA_ITConfig                             0x080057f7   Thumb Code    18  stm32f10x_dma.o(.text)
    DMA_SetCurrDataCounter                   0x08005809   Thumb Code     4  stm32f10x_dma.o(.text)
    DMA_GetCurrDataCounter                   0x0800580d   Thumb Code     8  stm32f10x_dma.o(.text)
    DMA_GetFlagStatus                        0x08005815   Thumb Code    40  stm32f10x_dma.o(.text)
    DMA_ClearFlag                            0x0800583d   Thumb Code    22  stm32f10x_dma.o(.text)
    DMA_GetITStatus                          0x08005853   Thumb Code    40  stm32f10x_dma.o(.text)
    DMA_ClearITPendingBit                    0x0800587b   Thumb Code    22  stm32f10x_dma.o(.text)
    USB_OTG_WritePacket                      0x08005935   Thumb Code    58  usb_core.o(.text)
    USB_OTG_ReadPacket                       0x0800596f   Thumb Code    38  usb_core.o(.text)
    USB_OTG_DisableGlobalInt                 0x08005995   Thumb Code    34  usb_core.o(.text)
    USB_OTG_CoreInit                         0x080059b7   Thumb Code   206  usb_core.o(.text)
    USB_OTG_EnableGlobalInt                  0x08005a85   Thumb Code    34  usb_core.o(.text)
    USB_OTG_FlushTxFifo                      0x08005aa7   Thumb Code    80  usb_core.o(.text)
    USB_OTG_FlushRxFifo                      0x08005af7   Thumb Code    70  usb_core.o(.text)
    USB_OTG_SetHostMode                      0x08005b3d   Thumb Code    48  usb_core.o(.text)
    USB_OTG_ReadOtgItr                       0x08005b6d   Thumb Code     8  usb_core.o(.text)
    USB_OTG_EnableHostInt                    0x08005b75   Thumb Code   106  usb_core.o(.text)
    USB_OTG_ReadHPRT0                        0x08005bdf   Thumb Code    46  usb_core.o(.text)
    USB_OTG_DriveVbus                        0x08005c0d   Thumb Code    86  usb_core.o(.text)
    USB_OTG_InitFSLSPClkSel                  0x08005c63   Thumb Code    24  usb_core.o(.text)
    USB_OTG_CoreInitHost                     0x08005c7b   Thumb Code   396  usb_core.o(.text)
    USB_OTG_ReadHostAllChannels_intr         0x08005e07   Thumb Code     8  usb_core.o(.text)
    USB_OTG_ResetPort                        0x08005e0f   Thumb Code    60  usb_core.o(.text)
    USB_OTG_HC_Init                          0x08005e4b   Thumb Code   516  usb_core.o(.text)
    USB_OTG_IsEvenFrame                      0x0800604f   Thumb Code    16  usb_core.o(.text)
    USB_OTG_HC_StartXfer                     0x0800605f   Thumb Code   518  usb_core.o(.text)
    USB_OTG_HC_Halt                          0x08006265   Thumb Code   126  usb_core.o(.text)
    USB_OTG_RestoreClock                     0x080062e3   Thumb Code    34  usb_core.o(.text)
    USB_OTG_StopHostMode                     0x08006305   Thumb Code    66  usb_core.o(.text)
    USB_OTG_ReadCoreItr                      0x08006347   Thumb Code    16  usb_core.o(.text)
    USBH_OTG_ISR_Handler                     0x08006f39   Thumb Code   158  usb_hcd_int.o(.text)
    USB_OTG_BSP_Init                         0x08006fd9   Thumb Code    18  usb_bsp.o(.text)
    USB_OTG_BSP_EnableInterrupt              0x08006feb   Thumb Code    42  usb_bsp.o(.text)
    USB_OTG_BSP_DriveVBUS                    0x08007015   Thumb Code    26  usb_bsp.o(.text)
    USB_OTG_BSP_mDelay                       0x080070c3   Thumb Code    14  usb_bsp.o(.text)
    USB_OTG_BSP_ConfigVBUS                   0x080070d1   Thumb Code    52  usb_bsp.o(.text)
    USB_OTG_BSP_TimeInit                     0x08007105   Thumb Code    58  usb_bsp.o(.text)
    USB_OTG_BSP_uDelay                       0x0800713f   Thumb Code    14  usb_bsp.o(.text)
    USB_OTG_BSP_TimerIRQ                     0x0800714d   Thumb Code    50  usb_bsp.o(.text)
    TIM2_IRQHandler                          0x0800717f   Thumb Code     8  usb_bsp.o(.text)
    OTG_FS_IRQHandler                        0x08007187   Thumb Code    10  usb_bsp.o(.text)
    __use_two_region_memory                  0x0800719d   Thumb Code     2  heapauxi.o(.text)
    __rt_heap_escrow                         0x0800719f   Thumb Code     2  heapauxi.o(.text)
    __rt_heap_expand                         0x080071a1   Thumb Code     2  heapauxi.o(.text)
    __user_libspace                          0x080071a5   Thumb Code     8  libspace.o(.text)
    __user_perproc_libspace                  0x080071a5   Thumb Code     0  libspace.o(.text)
    __user_perthread_libspace                0x080071a5   Thumb Code     0  libspace.o(.text)
    __user_setup_stackheap                   0x080071ad   Thumb Code    74  sys_stackheap_outer.o(.text)
    exit                                     0x080071f7   Thumb Code    12  exit.o(.text)
    __I$use$semihosting                      0x08007203   Thumb Code     0  use_no_semi.o(.text)
    __use_no_semihosting_swi                 0x08007203   Thumb Code     2  use_no_semi.o(.text)
    __semihosting_library_function           0x08007205   Thumb Code     0  indicate_semi.o(.text)
    _sys_exit                                0x08007205   Thumb Code     8  sys_exit.o(.text)
    __aeabi_d2f                              0x08007211   Thumb Code     0  d2f.o(x$fpl$d2f)
    _d2f                                     0x08007211   Thumb Code    98  d2f.o(x$fpl$d2f)
    __aeabi_ddiv                             0x08007275   Thumb Code     0  ddiv.o(x$fpl$ddiv)
    _ddiv                                    0x08007275   Thumb Code   552  ddiv.o(x$fpl$ddiv)
    __aeabi_d2uiz                            0x08007525   Thumb Code     0  dfixu.o(x$fpl$dfixu)
    _dfixu                                   0x08007525   Thumb Code    90  dfixu.o(x$fpl$dfixu)
    __aeabi_ui2d                             0x0800757f   Thumb Code     0  dflt_clz.o(x$fpl$dfltu)
    _dfltu                                   0x0800757f   Thumb Code    38  dflt_clz.o(x$fpl$dfltu)
    __aeabi_dmul                             0x080075a5   Thumb Code     0  dmul.o(x$fpl$dmul)
    _dmul                                    0x080075a5   Thumb Code   332  dmul.o(x$fpl$dmul)
    __fpl_dnaninf                            0x080076f9   Thumb Code   156  dnaninf.o(x$fpl$dnaninf)
    __fpl_dretinf                            0x08007795   Thumb Code    12  dretinf.o(x$fpl$dretinf)
    __aeabi_fdiv                             0x080077a1   Thumb Code     0  fdiv.o(x$fpl$fdiv)
    _fdiv                                    0x080077a1   Thumb Code   384  fdiv.o(x$fpl$fdiv)
    __fpl_fnaninf                            0x08007925   Thumb Code   140  fnaninf.o(x$fpl$fnaninf)
    __fpl_fretinf                            0x080079b1   Thumb Code    10  fretinf.o(x$fpl$fretinf)
    __I$use$fp                               0x080079ba   Number         0  usenofp.o(x$fpl$usenofp)
    COM_USART_CLK                            0x080079bc   Data          20  usartx.o(.constdata)
    COM_TX_PORT_CLK                          0x080079d0   Data          20  usartx.o(.constdata)
    COM_RX_PORT_CLK                          0x080079e4   Data          20  usartx.o(.constdata)
    COM_TX_PIN                               0x080079f8   Data          10  usartx.o(.constdata)
    COM_RX_PIN                               0x08007a02   Data          10  usartx.o(.constdata)
    mon_table                                0x08007a0c   Data          12  rtc.o(.constdata)
    table_week                               0x08007a18   Data          12  rtc.o(.constdata)
    Region$$Table$$Base                      0x08007a24   Number         0  anon$$obj.o(Region$$Table)
    Region$$Table$$Limit                     0x08007a44   Number         0  anon$$obj.o(Region$$Table)
    flagA                                    0x20000000   Data           1  main.o(.data)
    LedValue                                 0x20000001   Data           1  main.o(.data)
    ShiftModeStatus                          0x20000002   Data           1  main.o(.data)
    ErrorMessage                             0x20000003   Data           1  main.o(.data)
    FrqTimCout                               0x20000004   Data           2  main.o(.data)
    digitalcode                              0x20000006   Data          12  main.o(.data)
    seg_table_p                              0x20000012   Data          10  main.o(.data)
    seg_table_n                              0x2000001c   Data          10  main.o(.data)
    presscount                               0x20000026   Data           1  main.o(.data)
    uplaserstd                               0x20000027   Data           1  main.o(.data)
    downlaserstd                             0x20000028   Data           1  main.o(.data)
    uplaserstatus                            0x20000029   Data           1  main.o(.data)
    downlaserstatus                          0x2000002a   Data           1  main.o(.data)
    uplaserflag                              0x2000002b   Data           1  main.o(.data)
    downlaserflag                            0x2000002c   Data           1  main.o(.data)
    data                                     0x2000002d   Data           4  main.o(.data)
    cycles                                   0x20000031   Data           1  main.o(.data)
    LaserModel_Input1                        0x20000032   Data           1  main.o(.data)
    LaserModel_Input2                        0x20000033   Data           1  main.o(.data)
    flagTIM5                                 0x20000034   Data           1  timerx.o(.data)
    flagCOM5                                 0x20000038   Data           1  usartx.o(.data)
    flagCOM4                                 0x20000039   Data           1  usartx.o(.data)
    flagCOM3                                 0x2000003a   Data           1  usartx.o(.data)
    flagCOM2                                 0x2000003b   Data           1  usartx.o(.data)
    flagCOM1                                 0x2000003c   Data           1  usartx.o(.data)
    COM_USART                                0x20000040   Data          20  usartx.o(.data)
    COM_TX_PORT                              0x20000054   Data          20  usartx.o(.data)
    COM_RX_PORT                              0x20000068   Data          20  usartx.o(.data)
    USBInit_STATUS                           0x2000007c   Data           1  usb_udisk.o(.data)
    flagUDisk                                0x2000007d   Data           1  usb_udisk.o(.data)
    flagctrl                                 0x2000007e   Data           1  iocontrol.o(.data)
    KeyValue_PCF8574                         0x2000007f   Data           1  pcf8574.o(.data)
    PCF8574                                  0x20000080   Data           1  pcf8574.o(.data)
    flagRTC                                  0x20000082   Data           1  rtc.o(.data)
    flagADC                                  0x20000086   Data           1  adc.o(.data)
    FreqCapChannelNO                         0x20000088   Data           1  frequencycapture.o(.data)
    Freq_Output                              0x2000008a   Data           2  frequencycapture.o(.data)
    SystemCoreClock                          0x2000008c   Data           4  system_stm32f10x.o(.data)
    AHBPrescTable                            0x20000090   Data          16  system_stm32f10x.o(.data)
    HSEStartUpStatus                         0x200000b4   Data           1  usb_bsp.o(.data)
    BSP_delay                                0x200000b8   Data           4  usb_bsp.o(.data)
    XG                                       0x200000bc   Data          76  main.o(.bss)
    Timer5                                   0x20000108   Data          12  timerx.o(.bss)
    Rec_COM1                                 0x20000114   Data          67  usartx.o(.bss)
    Rec_COM2                                 0x20000157   Data          67  usartx.o(.bss)
    Rec_COM3                                 0x2000019a   Data          67  usartx.o(.bss)
    Rec_COM4                                 0x200001dd   Data          67  usartx.o(.bss)
    Rec_COM5                                 0x20000220   Data          67  usartx.o(.bss)
    USART_InitStructure                      0x20000264   Data          16  usartx.o(.bss)
    ControllerInfo                           0x20000274   Data          10  iocontrol.o(.bss)
    CAN_InitStructure                        0x20000280   Data          12  canx.o(.bss)
    CAN_FilterInitStructure                  0x2000028c   Data          14  canx.o(.bss)
    CAN1TxMessage                            0x2000029c   Data          20  canx.o(.bss)
    CAN1RxMessage                            0x200002b0   Data          20  canx.o(.bss)
    CAN2TxMessage                            0x200002c4   Data          20  canx.o(.bss)
    CAN2RxMessage                            0x200002d8   Data          20  canx.o(.bss)
    NowTime                                  0x200002ec   Data          40  rtc.o(.bss)
    ADCRes                                   0x20000314   Data         828  adc.o(.bss)
    TIM1FreqCap                              0x20000650   Data          64  frequencycapture.o(.bss)
    TIM4FreqCap                              0x20000690   Data          64  frequencycapture.o(.bss)
    USB_OTG_FS_dev                           0x200006d0   Data         640  usbh_core.o(.bss)
    USBH_Machine                             0x20000950   Data          40  usbh_core.o(.bss)
    USBH_Device                              0x20000978   Data          66  usbh_core.o(.bss)
    __libspace_start                         0x200009bc   Data          96  libspace.o(.bss)
    __temporary_stack_top$libspace           0x20000a1c   Data           0  libspace.o(.bss)



==============================================================================

Memory Map of the image

  Image Entry point : 0x08000151

  Load Region LR_IROM1 (Base: 0x08000000, Size: 0x00007b00, Max: 0x00040000, ABSOLUTE)

    Execution Region ER_IROM1 (Base: 0x08000000, Size: 0x00007a44, Max: 0x00040000, ABSOLUTE)

    Base Addr    Size         Type   Attr      Idx    E Section Name        Object

    0x08000000   0x00000150   Data   RO          443    RESET               startup_stm32f10x_cl.o
    0x08000150   0x00000008   Code   RO          893  * !!!main             c_w.l(__main.o)
    0x08000158   0x00000034   Code   RO         1303    !!!scatter          c_w.l(__scatter.o)
    0x0800018c   0x0000001a   Code   RO         1305    !!handler_copy      c_w.l(__scatter_copy.o)
    0x080001a6   0x00000002   PAD
    0x080001a8   0x0000001c   Code   RO         1307    !!handler_zi        c_w.l(__scatter_zi.o)
    0x080001c4   0x00000002   Code   RO         1120    .ARM.Collect$$libinit$$00000000  c_w.l(libinit.o)
    0x080001c6   0x00000000   Code   RO         1122    .ARM.Collect$$libinit$$00000002  c_w.l(libinit2.o)
    0x080001c6   0x00000000   Code   RO         1125    .ARM.Collect$$libinit$$00000008  c_w.l(libinit2.o)
    0x080001c6   0x00000000   Code   RO         1127    .ARM.Collect$$libinit$$0000000A  c_w.l(libinit2.o)
    0x080001c6   0x00000000   Code   RO         1129    .ARM.Collect$$libinit$$0000000C  c_w.l(libinit2.o)
    0x080001c6   0x00000000   Code   RO         1132    .ARM.Collect$$libinit$$0000000F  c_w.l(libinit2.o)
    0x080001c6   0x00000000   Code   RO         1134    .ARM.Collect$$libinit$$00000011  c_w.l(libinit2.o)
    0x080001c6   0x00000000   Code   RO         1136    .ARM.Collect$$libinit$$00000013  c_w.l(libinit2.o)
    0x080001c6   0x00000000   Code   RO         1138    .ARM.Collect$$libinit$$00000015  c_w.l(libinit2.o)
    0x080001c6   0x00000000   Code   RO         1140    .ARM.Collect$$libinit$$00000017  c_w.l(libinit2.o)
    0x080001c6   0x00000000   Code   RO         1142    .ARM.Collect$$libinit$$00000019  c_w.l(libinit2.o)
    0x080001c6   0x00000000   Code   RO         1144    .ARM.Collect$$libinit$$0000001B  c_w.l(libinit2.o)
    0x080001c6   0x00000000   Code   RO         1146    .ARM.Collect$$libinit$$0000001D  c_w.l(libinit2.o)
    0x080001c6   0x00000000   Code   RO         1148    .ARM.Collect$$libinit$$0000001F  c_w.l(libinit2.o)
    0x080001c6   0x00000000   Code   RO         1150    .ARM.Collect$$libinit$$00000021  c_w.l(libinit2.o)
    0x080001c6   0x00000000   Code   RO         1152    .ARM.Collect$$libinit$$00000023  c_w.l(libinit2.o)
    0x080001c6   0x00000000   Code   RO         1156    .ARM.Collect$$libinit$$0000002A  c_w.l(libinit2.o)
    0x080001c6   0x00000000   Code   RO         1158    .ARM.Collect$$libinit$$0000002C  c_w.l(libinit2.o)
    0x080001c6   0x00000000   Code   RO         1160    .ARM.Collect$$libinit$$0000002E  c_w.l(libinit2.o)
    0x080001c6   0x00000000   Code   RO         1162    .ARM.Collect$$libinit$$00000030  c_w.l(libinit2.o)
    0x080001c6   0x00000002   Code   RO         1163    .ARM.Collect$$libinit$$00000031  c_w.l(libinit2.o)
    0x080001c8   0x00000002   Code   RO         1284    .ARM.Collect$$libshutdown$$00000000  c_w.l(libshutdown.o)
    0x080001ca   0x00000000   Code   RO         1166    .ARM.Collect$$libshutdown$$00000003  c_w.l(libshutdown2.o)
    0x080001ca   0x00000000   Code   RO         1169    .ARM.Collect$$libshutdown$$00000006  c_w.l(libshutdown2.o)
    0x080001ca   0x00000000   Code   RO         1172    .ARM.Collect$$libshutdown$$00000009  c_w.l(libshutdown2.o)
    0x080001ca   0x00000000   Code   RO         1174    .ARM.Collect$$libshutdown$$0000000B  c_w.l(libshutdown2.o)
    0x080001ca   0x00000000   Code   RO         1177    .ARM.Collect$$libshutdown$$0000000E  c_w.l(libshutdown2.o)
    0x080001ca   0x00000002   Code   RO         1178    .ARM.Collect$$libshutdown$$0000000F  c_w.l(libshutdown2.o)
    0x080001cc   0x00000000   Code   RO          921    .ARM.Collect$$rtentry$$00000000  c_w.l(rtentry.o)
    0x080001cc   0x00000000   Code   RO          955    .ARM.Collect$$rtentry$$00000002  c_w.l(rtentry2.o)
    0x080001cc   0x00000006   Code   RO          967    .ARM.Collect$$rtentry$$00000004  c_w.l(rtentry4.o)
    0x080001d2   0x00000000   Code   RO          957    .ARM.Collect$$rtentry$$00000009  c_w.l(rtentry2.o)
    0x080001d2   0x00000004   Code   RO          958    .ARM.Collect$$rtentry$$0000000A  c_w.l(rtentry2.o)
    0x080001d6   0x00000000   Code   RO          960    .ARM.Collect$$rtentry$$0000000C  c_w.l(rtentry2.o)
    0x080001d6   0x00000008   Code   RO          961    .ARM.Collect$$rtentry$$0000000D  c_w.l(rtentry2.o)
    0x080001de   0x00000002   Code   RO         1182    .ARM.Collect$$rtexit$$00000000  c_w.l(rtexit.o)
    0x080001e0   0x00000000   Code   RO         1230    .ARM.Collect$$rtexit$$00000002  c_w.l(rtexit2.o)
    0x080001e0   0x00000004   Code   RO         1231    .ARM.Collect$$rtexit$$00000003  c_w.l(rtexit2.o)
    0x080001e4   0x00000006   Code   RO         1232    .ARM.Collect$$rtexit$$00000004  c_w.l(rtexit2.o)
    0x080001ea   0x00000002   PAD
    0x080001ec   0x00000174   Code   RO            1    .text               main.o
    0x08000360   0x000003d4   Code   RO          220    .text               timerx.o
    0x08000734   0x00000a74   Code   RO          243    .text               usartx.o
    0x080011a8   0x00000050   Code   RO          283    .text               iocontrol.o
    0x080011f8   0x00000600   Code   RO          302    .text               canx.o
    0x080017f8   0x00000378   Code   RO          335    .text               pcf8574.o
    0x08001b70   0x0000039c   Code   RO          353    .text               rtc.o
    0x08001f0c   0x0000032c   Code   RO          373    .text               adc.o
    0x08002238   0x00000320   Code   RO          392    .text               frequencycapture.o
    0x08002558   0x000001b0   Code   RO          411    .text               hc595.o
    0x08002708   0x00000284   Code   RO          423    .text               system_stm32f10x.o
    0x0800298c   0x00000040   Code   RO          444    .text               startup_stm32f10x_cl.o
    0x080029cc   0x000000dc   Code   RO          449    .text               misc.o
    0x08002aa8   0x0000035c   Code   RO          461    .text               stm32f10x_gpio.o
    0x08002e04   0x00000504   Code   RO          473    .text               stm32f10x_rcc.o
    0x08003308   0x00000408   Code   RO          487    .text               stm32f10x_usart.o
    0x08003710   0x00000e1a   Code   RO          499    .text               stm32f10x_tim.o
    0x0800452a   0x00000002   PAD
    0x0800452c   0x0000044e   Code   RO          511    .text               stm32f10x_adc.o
    0x0800497a   0x00000002   PAD
    0x0800497c   0x000009f0   Code   RO          523    .text               stm32f10x_can.o
    0x0800536c   0x00000148   Code   RO          535    .text               stm32f10x_rtc.o
    0x080054b4   0x000000c4   Code   RO          547    .text               stm32f10x_bkp.o
    0x08005578   0x000000cc   Code   RO          559    .text               stm32f10x_pwr.o
    0x08005644   0x00000254   Code   RO          571    .text               stm32f10x_dma.o
    0x08005898   0x00000abe   Code   RO          720    .text               usb_core.o
    0x08006356   0x00000002   PAD
    0x08006358   0x00000c7e   Code   RO          744    .text               usb_hcd_int.o
    0x08006fd6   0x00000002   PAD
    0x08006fd8   0x000001c4   Code   RO          785    .text               usb_bsp.o
    0x0800719c   0x00000006   Code   RO          891    .text               c_w.l(heapauxi.o)
    0x080071a2   0x00000002   PAD
    0x080071a4   0x00000008   Code   RO         1027    .text               c_w.l(libspace.o)
    0x080071ac   0x0000004a   Code   RO         1032    .text               c_w.l(sys_stackheap_outer.o)
    0x080071f6   0x0000000c   Code   RO         1101    .text               c_w.l(exit.o)
    0x08007202   0x00000002   Code   RO         1179    .text               c_w.l(use_no_semi.o)
    0x08007204   0x00000000   Code   RO         1181    .text               c_w.l(indicate_semi.o)
    0x08007204   0x0000000c   Code   RO         1227    .text               c_w.l(sys_exit.o)
    0x08007210   0x00000062   Code   RO          895    x$fpl$d2f           fz_ws.l(d2f.o)
    0x08007272   0x00000002   PAD
    0x08007274   0x000002b0   Code   RO          898    x$fpl$ddiv          fz_ws.l(ddiv.o)
    0x08007524   0x0000005a   Code   RO          901    x$fpl$dfixu         fz_ws.l(dfixu.o)
    0x0800757e   0x00000026   Code   RO          905    x$fpl$dfltu         fz_ws.l(dflt_clz.o)
    0x080075a4   0x00000154   Code   RO          911    x$fpl$dmul          fz_ws.l(dmul.o)
    0x080076f8   0x0000009c   Code   RO          945    x$fpl$dnaninf       fz_ws.l(dnaninf.o)
    0x08007794   0x0000000c   Code   RO          947    x$fpl$dretinf       fz_ws.l(dretinf.o)
    0x080077a0   0x00000184   Code   RO          916    x$fpl$fdiv          fz_ws.l(fdiv.o)
    0x08007924   0x0000008c   Code   RO          949    x$fpl$fnaninf       fz_ws.l(fnaninf.o)
    0x080079b0   0x0000000a   Code   RO          951    x$fpl$fretinf       fz_ws.l(fretinf.o)
    0x080079ba   0x00000000   Code   RO          953    x$fpl$usenofp       fz_ws.l(usenofp.o)
    0x080079ba   0x00000002   PAD
    0x080079bc   0x00000050   Data   RO          245    .constdata          usartx.o
    0x08007a0c   0x00000018   Data   RO          355    .constdata          rtc.o
    0x08007a24   0x00000020   Data   RO         1301    Region$$Table       anon$$obj.o


    Execution Region RW_IRAM1 (Base: 0x20000000, Size: 0x00001020, Max: 0x00010000, ABSOLUTE)

    Base Addr    Size         Type   Attr      Idx    E Section Name        Object

    0x20000000   0x00000034   Data   RW            3    .data               main.o
    0x20000034   0x00000001   Data   RW          222    .data               timerx.o
    0x20000035   0x00000003   PAD
    0x20000038   0x00000044   Data   RW          246    .data               usartx.o
    0x2000007c   0x00000002   Data   RW          266    .data               usb_udisk.o
    0x2000007e   0x00000001   Data   RW          285    .data               iocontrol.o
    0x2000007f   0x00000002   Data   RW          336    .data               pcf8574.o
    0x20000081   0x00000001   PAD
    0x20000082   0x00000004   Data   RW          356    .data               rtc.o
    0x20000086   0x00000001   Data   RW          375    .data               adc.o
    0x20000087   0x00000001   PAD
    0x20000088   0x00000004   Data   RW          394    .data               frequencycapture.o
    0x2000008c   0x00000014   Data   RW          424    .data               system_stm32f10x.o
    0x200000a0   0x00000014   Data   RW          474    .data               stm32f10x_rcc.o
    0x200000b4   0x00000008   Data   RW          786    .data               usb_bsp.o
    0x200000bc   0x0000004c   Zero   RW            2    .bss                main.o
    0x20000108   0x0000000c   Zero   RW          221    .bss                timerx.o
    0x20000114   0x00000160   Zero   RW          244    .bss                usartx.o
    0x20000274   0x0000000a   Zero   RW          284    .bss                iocontrol.o
    0x2000027e   0x00000002   PAD
    0x20000280   0x0000006c   Zero   RW          303    .bss                canx.o
    0x200002ec   0x00000028   Zero   RW          354    .bss                rtc.o
    0x20000314   0x0000033c   Zero   RW          374    .bss                adc.o
    0x20000650   0x00000080   Zero   RW          393    .bss                frequencycapture.o
    0x200006d0   0x000002ea   Zero   RW          584    .bss                usbh_core.o
    0x200009ba   0x00000002   PAD
    0x200009bc   0x00000060   Zero   RW         1028    .bss                c_w.l(libspace.o)
    0x20000a1c   0x00000004   PAD
    0x20000a20   0x00000200   Zero   RW          442    HEAP                startup_stm32f10x_cl.o
    0x20000c20   0x00000400   Zero   RW          441    STACK               startup_stm32f10x_cl.o


==============================================================================

Image component sizes


      Code (inc. data)   RO Data    RW Data    ZI Data      Debug   Object Name

       812         38          0          1        828       4666   adc.o
      1536        112          0          0        108       1888   canx.o
       800         28          0          4        128       5174   frequencycapture.o
       432         10          0          0          0       1136   hc595.o
        80          4          0          1         10       9283   iocontrol.o
       372         50          0         52         76     323072   main.o
       220         22          0          0          0       1877   misc.o
       888         12          0          2          0       4161   pcf8574.o
       924         34         24          4         40       3673   rtc.o
        64         26        336          0       1536        872   startup_stm32f10x_cl.o
      1102         26          0          0          0      10909   stm32f10x_adc.o
       196          8          0          0          0       3544   stm32f10x_bkp.o
      2544         38          0          0          0       7932   stm32f10x_can.o
       596          8          0          0          0       4410   stm32f10x_dma.o
       860         38          0          0          0       5725   stm32f10x_gpio.o
       204         14          0          0          0       1943   stm32f10x_pwr.o
      1284         64          0         20          0      11262   stm32f10x_rcc.o
       328          4          0          0          0       2698   stm32f10x_rtc.o
      3610         88          0          0          0      22208   stm32f10x_tim.o
      1032         22          0          0          0       8448   stm32f10x_usart.o
       644         48          0         20          0       2023   system_stm32f10x.o
       980         52          0          1         12       2321   timerx.o
      2676        144         80         68        352       8695   usartx.o
       452         12          0          8          0       3235   usb_bsp.o
      2750         20          0          0          0       8567   usb_core.o
      3198         10          0          0          0       6147   usb_hcd_int.o
         0          0          0          2          0       1695   usb_udisk.o
         0          0          0          0        746       3695   usbh_core.o

    ----------------------------------------------------------------------
     28592        932        472        188       3840     471259   Object Totals
         0          0         32          0          0          0   (incl. Generated)
         8          0          0          5          4          0   (incl. Padding)

    ----------------------------------------------------------------------

      Code (inc. data)   RO Data    RW Data    ZI Data      Debug   Library Member Name

         8          0          0          0          0         68   __main.o
        52          8          0          0          0          0   __scatter.o
        26          0          0          0          0          0   __scatter_copy.o
        28          0          0          0          0          0   __scatter_zi.o
        12          0          0          0          0         72   exit.o
         6          0          0          0          0        152   heapauxi.o
         0          0          0          0          0          0   indicate_semi.o
         2          0          0          0          0          0   libinit.o
         2          0          0          0          0          0   libinit2.o
         2          0          0          0          0          0   libshutdown.o
         2          0          0          0          0          0   libshutdown2.o
         8          4          0          0         96         68   libspace.o
         0          0          0          0          0          0   rtentry.o
        12          0          0          0          0          0   rtentry2.o
         6          0          0          0          0          0   rtentry4.o
         2          0          0          0          0          0   rtexit.o
        10          0          0          0          0          0   rtexit2.o
        12          4          0          0          0         68   sys_exit.o
        74          0          0          0          0         80   sys_stackheap_outer.o
         2          0          0          0          0         68   use_no_semi.o
        98          4          0          0          0         92   d2f.o
       688        140          0          0          0        208   ddiv.o
        90          4          0          0          0         92   dfixu.o
        38          0          0          0          0         68   dflt_clz.o
       340         12          0          0          0        104   dmul.o
       156          4          0          0          0         92   dnaninf.o
        12          0          0          0          0         68   dretinf.o
       388         76          0          0          0         96   fdiv.o
       140          4          0          0          0         84   fnaninf.o
        10          0          0          0          0         68   fretinf.o
         0          0          0          0          0          0   usenofp.o

    ----------------------------------------------------------------------
      2236        260          0          0        100       1548   Library Totals
        10          0          0          0          4          0   (incl. Padding)

    ----------------------------------------------------------------------

      Code (inc. data)   RO Data    RW Data    ZI Data      Debug   Library Name

       266         16          0          0         96        576   c_w.l
      1960        244          0          0          0        972   fz_ws.l

    ----------------------------------------------------------------------
      2236        260          0          0        100       1548   Library Totals

    ----------------------------------------------------------------------

==============================================================================


      Code (inc. data)   RO Data    RW Data    ZI Data      Debug   

     30828       1192        472        188       3940     469423   Grand Totals
     30828       1192        472        188       3940     469423   ELF Image Totals
     30828       1192        472        188          0          0   ROM Totals

==============================================================================

    Total RO  Size (Code + RO Data)                31300 (  30.57kB)
    Total RW  Size (RW Data + ZI Data)              4128 (   4.03kB)
    Total ROM Size (Code + RO Data + RW Data)      31488 (  30.75kB)

==============================================================================

