Component: ARM Compiler 5.05 (build 41) Tool: armlink [4d0eb9]

==============================================================================

Section Cross References

    main.o(.text) refers to system_stm32f10x.o(.text) for SystemInit
    main.o(.text) refers to iocontrol.o(.text) for IOControl_Init
    main.o(.text) refers to max7219.o(.text) for MAX7219_Configuration
    main.o(.text) refers to pcf8574.o(.text) for Init_PCF8574
    main.o(.text) refers to usartx.o(.text) for Uart_Init
    main.o(.text) refers to timerx.o(.text) for TIM5_Init
    main.o(.text) refers to adc.o(.text) for ADC_Configuration
    main.o(.text) refers to frequencycapture.o(.text) for FreqCap_Configuration
    main.o(.text) refers to canx.o(.text) for CAN_Configuration
    main.o(.text) refers to ffltui.o(.text) for __aeabi_ui2f
    main.o(.text) refers to ffixui.o(.text) for __aeabi_f2uiz
    main.o(.text) refers to main.o(.data) for flagA
    main.o(.text) refers to timerx.o(.data) for flagTIM5
    main.o(.text) refers to frequencycapture.o(.bss) for TIM4FreqCap
    timerx.o(.text) refers to stm32f10x_rcc.o(.text) for RCC_APB1PeriphClockCmd
    timerx.o(.text) refers to stm32f10x_tim.o(.text) for TIM_TimeBaseInit
    timerx.o(.text) refers to misc.o(.text) for NVIC_SetVectorTable
    timerx.o(.text) refers to timerx.o(.bss) for Timer5
    timerx.o(.text) refers to timerx.o(.data) for flagTIM5
    timerx.o(.text) refers to usb_udisk.o(.data) for flagUDisk
    timerx.o(.text) refers to iocontrol.o(.bss) for ControllerInfo
    timerx.o(.text) refers to iocontrol.o(.data) for flagctrl
    timerx.o(.text) refers to frequencycapture.o(.bss) for TIM1FreqCap
    timerx.o(.text) refers to main.o(.bss) for XG
    usartx.o(.text) refers to stm32f10x_rcc.o(.text) for RCC_APB2PeriphClockCmd
    usartx.o(.text) refers to stm32f10x_gpio.o(.text) for GPIO_PinRemapConfig
    usartx.o(.text) refers to stm32f10x_usart.o(.text) for USART_Init
    usartx.o(.text) refers to main.o(.text) for delay
    usartx.o(.text) refers to usartx.o(.constdata) for COM_TX_PORT_CLK
    usartx.o(.text) refers to usartx.o(.data) for COM_TX_PORT
    usartx.o(.text) refers to usartx.o(.bss) for Rec_COM1
    usartx.o(.text) refers to main.o(.data) for flagA
    usb_udisk.o(.text) refers to usbh_core.o(.text) for USBH_Init
    usb_udisk.o(.text) refers to printfa.o(i.__0printf) for __2printf
    usb_udisk.o(.text) refers to ff.o(.text) for f_open
    usb_udisk.o(.text) refers to f2d.o(.text) for __aeabi_f2d
    usb_udisk.o(.text) refers to printfa.o(i.__0sprintf) for __2sprintf
    usb_udisk.o(.text) refers to strcat.o(.text) for strcat
    usb_udisk.o(.text) refers to strlen.o(.text) for strlen
    usb_udisk.o(.text) refers to usbh_usr.o(.data) for USR_Callbacks
    usb_udisk.o(.text) refers to usbh_msc_core.o(.data) for MSC_cb
    usb_udisk.o(.text) refers to usbh_core.o(.bss) for USB_OTG_FS_dev
    usb_udisk.o(.text) refers to usb_udisk.o(.conststring) for .conststring
    usb_udisk.o(.text) refers to usb_udisk.o(.data) for USBInit_STATUS
    usb_udisk.o(.text) refers to usb_udisk.o(.bss) for fsrc_FIL
    usb_udisk.o(.text) refers to adc.o(.bss) for ADCRes
    usb_udisk.o(.text) refers to usbh_msc_scsi.o(.bss) for USBH_MSC_Param
    usb_udisk.o(.text) refers to rtc.o(.bss) for NowTime
    usb_udisk.o(.text) refers to usbh_usr.o(.bss) for fsrc
    usb_udisk.o(.text) refers to memcpya.o(.text) for __aeabi_memcpy4
    iocontrol.o(.text) refers to stm32f10x_gpio.o(.text) for GPIO_ReadInputDataBit
    iocontrol.o(.text) refers to max7219.o(.text) for ErrorDisplay
    iocontrol.o(.text) refers to stm32f10x_rcc.o(.text) for RCC_APB2PeriphClockCmd
    iocontrol.o(.text) refers to iocontrol.o(.data) for flagctrl
    iocontrol.o(.text) refers to iocontrol.o(.bss) for ControllerInfo
    iocontrol.o(.text) refers to main.o(.data) for ErrorMessage
    iocontrol.o(.text) refers to timerx.o(.data) for flagTIM5
    iocontrol.o(.text) refers to usb_udisk.o(.bss) for RdData
    canx.o(.text) refers to stm32f10x_rcc.o(.text) for RCC_APB2PeriphClockCmd
    canx.o(.text) refers to stm32f10x_gpio.o(.text) for GPIO_Init
    canx.o(.text) refers to stm32f10x_can.o(.text) for CAN_DeInit
    canx.o(.text) refers to misc.o(.text) for NVIC_SetVectorTable
    canx.o(.text) refers to dfltui.o(.text) for __aeabi_ui2d
    canx.o(.text) refers to dmul.o(.text) for __aeabi_dmul
    canx.o(.text) refers to dfixui.o(.text) for __aeabi_d2uiz
    canx.o(.text) refers to canx.o(.bss) for CAN_InitStructure
    canx.o(.text) refers to main.o(.bss) for XG
    canx.o(.text) refers to iocontrol.o(.data) for flagctrl
    canx.o(.text) refers to iocontrol.o(.bss) for ControllerInfo
    canx.o(.text) refers to main.o(.data) for ErrorMessage
    max7219.o(.text) refers to stm32f10x_gpio.o(.text) for GPIO_ResetBits
    max7219.o(.text) refers to main.o(.text) for delay
[...]
    fputc.o(i.fputc) refers (Special) to semi.o(.text) for __semihosting_library_function
    uldiv.o(.text) refers to llushr.o(.text) for __aeabi_llsr
    uldiv.o(.text) refers to llshl.o(.text) for __aeabi_llsl
    depilogue.o(.text) refers to llshl.o(.text) for __aeabi_llsl
    depilogue.o(.text) refers to llushr.o(.text) for __aeabi_llsr
    dadd.o(.text) refers to llshl.o(.text) for __aeabi_llsl
    dadd.o(.text) refers to llsshr.o(.text) for __aeabi_lasr
    dadd.o(.text) refers to depilogue.o(.text) for _double_epilogue
    dfixul.o(.text) refers to llushr.o(.text) for __aeabi_llsr
    dfixul.o(.text) refers to llshl.o(.text) for __aeabi_llsl
    init.o(.text) refers to entry5.o(.ARM.Collect$$$$00000004) for __main_after_scatterload


==============================================================================

Removing Unused input sections from the image.

    Removing usb_udisk.o(.text), (3646 bytes).
    Removing usb_udisk.o(.conststring), (160 bytes).
    Removing frequencycapture.o(.data), (1 bytes).
    Removing hw_config.o(.text), (110 bytes).
    Removing startup_stm32f10x_cl.o(HEAP), (512 bytes).
    Removing usbh_core.o(.text), (1764 bytes).
    Removing usbh_core.o(.data), (14 bytes).
    Removing usbh_hcs.o(.text), (340 bytes).
    Removing usbh_hcs.o(.bss), (16 bytes).
    Removing usbh_ioreq.o(.text), (880 bytes).
    Removing usbh_stdreq.o(.text), (748 bytes).
    Removing usbh_stdreq.o(.bss), (255 bytes).
    Removing usbh_stdreq.o(.data), (8 bytes).
    Removing usbh_msc_bot.o(.text), (948 bytes).
    Removing usbh_msc_bot.o(.bss), (64 bytes).
    Removing usbh_msc_bot.o(.data), (13 bytes).
    Removing usbh_msc_core.o(.text), (904 bytes).
    Removing usbh_msc_core.o(.bss), (74 bytes).
    Removing usbh_msc_core.o(.data), (29 bytes).
    Removing usbh_msc_scsi.o(.text), (1252 bytes).
    Removing usbh_msc_scsi.o(.bss), (1040 bytes).
    Removing usbh_msc_scsi.o(.data), (1 bytes).
    Removing usb_hcd.o(.text), (180 bytes).
    Removing diskio.o(.text), (388 bytes).
    Removing ff.o(.text), (7498 bytes).
    Removing ff.o(.data), (6 bytes).
    Removing usbh_usr.o(.text), (2244 bytes).
    Removing usbh_usr.o(.bss), (2132 bytes).
    Removing usbh_usr.o(.data), (88 bytes).
    Removing f2d.o(.text), (38 bytes).
    Removing dadd.o(.text), (334 bytes).
    Removing dfixul.o(.text), (48 bytes).
    Removing cdrcmple.o(.text), (48 bytes).

33 unused section(s) (total 25783 bytes) removed from the image.

==============================================================================

Image Symbol Table

    Local Symbols

    Symbol Name                              Value     Ov Type        Size  Object(Section)

    ../clib/microlib/division.c              0x00000000   Number         0  uidiv.o ABSOLUTE
    ../clib/microlib/division.c              0x00000000   Number         0  uldiv.o ABSOLUTE
    ../clib/microlib/init/entry.s            0x00000000   Number         0  entry5.o ABSOLUTE
    ../clib/microlib/init/entry.s            0x00000000   Number         0  entry9a.o ABSOLUTE
    ../clib/microlib/init/entry.s            0x00000000   Number         0  entry8b.o ABSOLUTE
    ../clib/microlib/init/entry.s            0x00000000   Number         0  entry8a.o ABSOLUTE
    ../clib/microlib/init/entry.s            0x00000000   Number         0  entry7b.o ABSOLUTE
    ../clib/microlib/init/entry.s            0x00000000   Number         0  entry7a.o ABSOLUTE
    ../clib/microlib/init/entry.s            0x00000000   Number         0  entry2.o ABSOLUTE
    ../clib/microlib/init/entry.s            0x00000000   Number         0  entry.o ABSOLUTE
    ../clib/microlib/init/entry.s            0x00000000   Number         0  entry10a.o ABSOLUTE
    ../clib/microlib/init/entry.s            0x00000000   Number         0  entry10b.o ABSOLUTE
    ../clib/microlib/init/entry.s            0x00000000   Number         0  entry11b.o ABSOLUTE
    ../clib/microlib/init/entry.s            0x00000000   Number         0  entry11a.o ABSOLUTE
    ../clib/microlib/init/entry.s            0x00000000   Number         0  entry9b.o ABSOLUTE
    ../clib/microlib/longlong.c              0x00000000   Number         0  llushr.o ABSOLUTE
    ../clib/microlib/longlong.c              0x00000000   Number         0  llsshr.o ABSOLUTE
    ../clib/microlib/longlong.c              0x00000000   Number         0  llshl.o ABSOLUTE
    ../clib/microlib/printf/printf.c         0x00000000   Number         0  printf2.o ABSOLUTE
    ../clib/microlib/printf/printf.c         0x00000000   Number         0  printf1.o ABSOLUTE
    ../clib/microlib/printf/printf.c         0x00000000   Number         0  printf5.o ABSOLUTE
    ../clib/microlib/printf/printf.c         0x00000000   Number         0  printfb.o ABSOLUTE
    ../clib/microlib/printf/printf.c         0x00000000   Number         0  printf6.o ABSOLUTE
    ../clib/microlib/printf/printf.c         0x00000000   Number         0  printf7.o ABSOLUTE
    ../clib/microlib/printf/printf.c         0x00000000   Number         0  printf8.o ABSOLUTE
    ../clib/microlib/printf/printf.c         0x00000000   Number         0  printfa.o ABSOLUTE
    ../clib/microlib/printf/printf.c         0x00000000   Number         0  printf0.o ABSOLUTE
    ../clib/microlib/printf/printf.c         0x00000000   Number         0  printf4.o ABSOLUTE
    ../clib/microlib/printf/printf.c         0x00000000   Number         0  printf3.o ABSOLUTE
    ../clib/microlib/printf/stubs.s          0x00000000   Number         0  stubs.o ABSOLUTE
    ../clib/microlib/stdio/fputc.c           0x00000000   Number         0  fputc.o ABSOLUTE
    ../clib/microlib/stdio/semi.s            0x00000000   Number         0  semi.o ABSOLUTE
    ../clib/microlib/stdio/streams.c         0x00000000   Number         0  stdout.o ABSOLUTE
    ../clib/microlib/string/memcpy.c         0x00000000   Number         0  memcpyb.o ABSOLUTE
    ../clib/microlib/string/memcpy.c         0x00000000   Number         0  memcpya.o ABSOLUTE
    ../clib/microlib/string/strcat.c         0x00000000   Number         0  strcat.o ABSOLUTE
    ../clib/microlib/string/strlen.c         0x00000000   Number         0  strlen.o ABSOLUTE
    ../clib/microlib/stubs.s                 0x00000000   Number         0  iusesemip.o ABSOLUTE
    ../clib/microlib/stubs.s                 0x00000000   Number         0  iusefp.o ABSOLUTE
    ../fplib/microlib/d2f.c                  0x00000000   Number         0  d2f.o ABSOLUTE
    ../fplib/microlib/f2d.c                  0x00000000   Number         0  f2d.o ABSOLUTE
    ../fplib/microlib/fpadd.c                0x00000000   Number         0  dadd.o ABSOLUTE
    ../fplib/microlib/fpdiv.c                0x00000000   Number         0  fdiv.o ABSOLUTE
    ../fplib/microlib/fpdiv.c                0x00000000   Number         0  ddiv.o ABSOLUTE
    ../fplib/microlib/fpepilogue.c           0x00000000   Number         0  depilogue.o ABSOLUTE
    ../fplib/microlib/fpepilogue.c           0x00000000   Number         0  fepilogue.o ABSOLUTE
    ../fplib/microlib/fpfix.c                0x00000000   Number         0  dfixul.o ABSOLUTE
    ../fplib/microlib/fpfix.c                0x00000000   Number         0  ffixui.o ABSOLUTE
    ../fplib/microlib/fpfix.c                0x00000000   Number         0  dfixui.o ABSOLUTE
    ../fplib/microlib/fpflt.c                0x00000000   Number         0  ffltui.o ABSOLUTE
    ../fplib/microlib/fpflt.c                0x00000000   Number         0  dfltui.o ABSOLUTE
    ../fplib/microlib/fpmul.c                0x00000000   Number         0  dmul.o ABSOLUTE
    ..\Libraries\CMSIS\DeviceSupport\Startup\startup_stm32f10x_cl.s 0x00000000   Number         0  startup_stm32f10x_cl.o ABSOLUTE
    ..\Libraries\CMSIS\DeviceSupport\system_stm32f10x.c 0x00000000   Number         0  system_stm32f10x.o ABSOLUTE
    ..\Libraries\STM32F10x_StdPeriph_Driver_V3.5\src\misc.c 0x00000000   Number         0  misc.o ABSOLUTE
    ..\Libraries\STM32F10x_StdPeriph_Driver_V3.5\src\stm32f10x_adc.c 0x00000000   Number         0  stm32f10x_adc.o ABSOLUTE
    ..\Libraries\STM32F10x_StdPeriph_Driver_V3.5\src\stm32f10x_bkp.c 0x00000000   Number         0  stm32f10x_bkp.o ABSOLUTE
    ..\Libraries\STM32F10x_StdPeriph_Driver_V3.5\src\stm32f10x_can.c 0x00000000   Number         0  stm32f10x_can.o ABSOLUTE
    ..\Libraries\STM32F10x_StdPeriph_Driver_V3.5\src\stm32f10x_dma.c 0x00000000   Number         0  stm32f10x_dma.o ABSOLUTE
    ..\Libraries\STM32F10x_StdPeriph_Driver_V3.5\src\stm32f10x_gpio.c 0x00000000   Number         0  stm32f10x_gpio.o ABSOLUTE
    ..\Libraries\STM32F10x_StdPeriph_Driver_V3.5\src\stm32f10x_pwr.c 0x00000000   Number         0  stm32f10x_pwr.o ABSOLUTE
    ..\Libraries\STM32F10x_StdPeriph_Driver_V3.5\src\stm32f10x_rcc.c 0x00000000   Number         0  stm32f10x_rcc.o ABSOLUTE
    ..\Libraries\STM32F10x_StdPeriph_Driver_V3.5\src\stm32f10x_rtc.c 0x00000000   Number         0  stm32f10x_rtc.o ABSOLUTE
    ..\Libraries\STM32F10x_StdPeriph_Driver_V3.5\src\stm32f10x_tim.c 0x00000000   Number         0  stm32f10x_tim.o ABSOLUTE
    ..\Libraries\STM32F10x_StdPeriph_Driver_V3.5\src\stm32f10x_usart.c 0x00000000   Number         0  stm32f10x_usart.o ABSOLUTE
    ..\Libraries\STM32_UDisk\FATFS_V0.08A\src\diskio.c 0x00000000   Number         0  diskio.o ABSOLUTE
    ..\Libraries\STM32_UDisk\FATFS_V0.08A\src\ff.c 0x00000000   Number         0  ff.o ABSOLUTE
    ..\Libraries\STM32_UDisk\STM32_USB_HOST_Driver\src\usb_core.c 0x00000000   Number         0  usb_core.o ABSOLUTE
    ..\Libraries\STM32_UDisk\STM32_USB_HOST_Driver\src\usb_hcd.c 0x00000000   Number         0  usb_hcd.o ABSOLUTE
    ..\Libraries\STM32_UDisk\STM32_USB_HOST_Driver\src\usb_hcd_int.c 0x00000000   Number         0  usb_hcd_int.o ABSOLUTE
    ..\Libraries\STM32_UDisk\STM32_USB_HOST_Library\Class\MSC\src\usbh_msc_bot.c 0x00000000   Number         0  usbh_msc_bot.o ABSOLUTE
    ..\Libraries\STM32_UDisk\STM32_USB_HOST_Library\Class\MSC\src\usbh_msc_core.c 0x00000000   Number         0  usbh_msc_core.o ABSOLUTE
    ..\Libraries\STM32_UDisk\STM32_USB_HOST_Library\Class\MSC\src\usbh_msc_scsi.c 0x00000000   Number         0  usbh_msc_scsi.o ABSOLUTE
    ..\Libraries\STM32_UDisk\STM32_USB_HOST_Library\Core\src\usbh_core.c 0x00000000   Number         0  usbh_core.o ABSOLUTE
    ..\Libraries\STM32_UDisk\STM32_USB_HOST_Library\Core\src\usbh_hcs.c 0x00000000   Number         0  usbh_hcs.o ABSOLUTE
    ..\Libraries\STM32_UDisk\STM32_USB_HOST_Library\Core\src\usbh_ioreq.c 0x00000000   Number         0  usbh_ioreq.o ABSOLUTE
    ..\Libraries\STM32_UDisk\STM32_USB_HOST_Library\Core\src\usbh_stdreq.c 0x00000000   Number         0  usbh_stdreq.o ABSOLUTE
    ..\Libraries\STM32_UDisk\USB_User\src\usb_bsp.c 0x00000000   Number         0  usb_bsp.o ABSOLUTE
    ..\Libraries\STM32_UDisk\USB_User\src\usbh_usr.c 0x00000000   Number         0  usbh_usr.o ABSOLUTE
    ..\User\Source\ADC.c                     0x00000000   Number         0  adc.o ABSOLUTE
    ..\User\Source\CANx.c                    0x00000000   Number         0  canx.o ABSOLUTE
    ..\User\Source\FrequencyCapture.c        0x00000000   Number         0  frequencycapture.o ABSOLUTE
    ..\User\Source\IOControl.c               0x00000000   Number         0  iocontrol.o ABSOLUTE
    ..\User\Source\MAX7219.c                 0x00000000   Number         0  max7219.o ABSOLUTE
    ..\User\Source\PCF8574.c                 0x00000000   Number         0  pcf8574.o ABSOLUTE
    ..\User\Source\RTC.c                     0x00000000   Number         0  rtc.o ABSOLUTE
    ..\User\Source\TimerX.c                  0x00000000   Number         0  timerx.o ABSOLUTE
    ..\User\Source\USARTx.c                  0x00000000   Number         0  usartx.o ABSOLUTE
    ..\User\Source\USB_UDisk.c               0x00000000   Number         0  usb_udisk.o ABSOLUTE
    ..\User\Source\hw_config.c               0x00000000   Number         0  hw_config.o ABSOLUTE
    ..\User\Source\main.c                    0x00000000   Number         0  main.o ABSOLUTE
    ..\User\Source\stm32f10x_it.c            0x00000000   Number         0  stm32f10x_it.o ABSOLUTE
    cdrcmple.s                               0x00000000   Number         0  cdrcmple.o ABSOLUTE
    dc.s                                     0x00000000   Number         0  dc.o ABSOLUTE
    handlers.s                               0x00000000   Number         0  handlers.o ABSOLUTE
    init.s                                   0x00000000   Number         0  init.o ABSOLUTE
    RESET                                    0x08000000   Section      336  startup_stm32f10x_cl.o(RESET)
    .ARM.Collect$$$$00000000                 0x08000150   Section        0  entry.o(.ARM.Collect$$$$00000000)
    .ARM.Collect$$$$00000001                 0x08000150   Section        4  entry2.o(.ARM.Collect$$$$00000001)
    .ARM.Collect$$$$00000004                 0x08000154   Section        4  entry5.o(.ARM.Collect$$$$00000004)
    .ARM.Collect$$$$00000008                 0x08000158   Section        0  entry7b.o(.ARM.Collect$$$$00000008)
    .ARM.Collect$$$$0000000A                 0x08000158   Section        0  entry8b.o(.ARM.Collect$$$$0000000A)
    .ARM.Collect$$$$0000000B                 0x08000158   Section        8  entry9a.o(.ARM.Collect$$$$0000000B)
    .ARM.Collect$$$$0000000D                 0x08000160   Section        0  entry10a.o(.ARM.Collect$$$$0000000D)
    .ARM.Collect$$$$0000000F                 0x08000160   Section        0  entry11a.o(.ARM.Collect$$$$0000000F)
    .ARM.Collect$$$$00002712                 0x08000160   Section        4  entry2.o(.ARM.Collect$$$$00002712)
    __lit__00000000                          0x08000160   Data           4  entry2.o(.ARM.Collect$$$$00002712)
    .text                                    0x08000164   Section        0  main.o(.text)
    .text                                    0x08000268   Section        0  timerx.o(.text)
    .text                                    0x080005c8   Section        0  usartx.o(.text)
    .text                                    0x08000ab4   Section        0  iocontrol.o(.text)
    .text                                    0x08001510   Section        0  canx.o(.text)
    .text                                    0x08001b10   Section        0  max7219.o(.text)
    .text                                    0x080024fc   Section        0  pcf8574.o(.text)
    .text                                    0x08002854   Section        0  rtc.o(.text)
    .text                                    0x08002bf0   Section        0  adc.o(.text)
    .text                                    0x08002f1c   Section        0  frequencycapture.o(.text)
    .text                                    0x080033d0   Section        0  stm32f10x_it.o(.text)
    .text                                    0x08003460   Section        0  system_stm32f10x.o(.text)
    SetSysClockTo72                          0x08003461   Thumb Code   264  system_stm32f10x.o(.text)
    SetSysClock                              0x08003569   Thumb Code     8  system_stm32f10x.o(.text)
    .text                                    0x080036e4   Section       36  startup_stm32f10x_cl.o(.text)
    .text                                    0x08003708   Section        0  misc.o(.text)
    .text                                    0x080037e4   Section        0  stm32f10x_gpio.o(.text)
    .text                                    0x08003b40   Section        0  stm32f10x_rcc.o(.text)
    .text                                    0x08004044   Section        0  stm32f10x_usart.o(.text)
    .text                                    0x0800444c   Section        0  stm32f10x_tim.o(.text)
    TI4_Config                               0x080048f3   Thumb Code   130  stm32f10x_tim.o(.text)
    TI3_Config                               0x08004987   Thumb Code   122  stm32f10x_tim.o(.text)
    TI2_Config                               0x08004a1b   Thumb Code   130  stm32f10x_tim.o(.text)
    TI1_Config                               0x08004aaf   Thumb Code   108  stm32f10x_tim.o(.text)
    .text                                    0x08005268   Section        0  stm32f10x_adc.o(.text)
    .text                                    0x080056b8   Section        0  stm32f10x_can.o(.text)
    CheckITStatus                            0x08005ebb   Thumb Code    18  stm32f10x_can.o(.text)
    .text                                    0x080060a8   Section        0  stm32f10x_rtc.o(.text)
    .text                                    0x080061f0   Section        0  stm32f10x_bkp.o(.text)
    .text                                    0x080062b4   Section        0  stm32f10x_pwr.o(.text)
    .text                                    0x08006380   Section        0  stm32f10x_dma.o(.text)
    .text                                    0x080065d4   Section        0  usb_core.o(.text)
    USB_OTG_EnableCommonInt                  0x080065d5   Thumb Code    48  usb_core.o(.text)
    USB_OTG_CoreReset                        0x08006605   Thumb Code   108  usb_core.o(.text)
    .text                                    0x08007094   Section        0  usb_hcd_int.o(.text)
    USB_OTG_USBH_handle_hc_n_Out_ISR         0x08007095   Thumb Code   574  usb_hcd_int.o(.text)
    USB_OTG_USBH_handle_hc_n_In_ISR          0x080072d3   Thumb Code   920  usb_hcd_int.o(.text)
    USB_OTG_USBH_handle_hc_ISR               0x0800766b   Thumb Code    86  usb_hcd_int.o(.text)
    USB_OTG_USBH_handle_Disconnect_ISR       0x080076c1   Thumb Code    50  usb_hcd_int.o(.text)
    USB_OTG_USBH_handle_nptxfempty_ISR       0x080076f3   Thumb Code   300  usb_hcd_int.o(.text)
    USB_OTG_USBH_handle_ptxfempty_ISR        0x0800781f   Thumb Code   302  usb_hcd_int.o(.text)
    USB_OTG_USBH_handle_port_ISR             0x0800794d   Thumb Code   262  usb_hcd_int.o(.text)
    USB_OTG_USBH_handle_rx_qlvl_ISR          0x08007a53   Thumb Code   452  usb_hcd_int.o(.text)
    USB_OTG_USBH_handle_IncompletePeriodicXfer_ISR 0x08007c17   Thumb Code    66  usb_hcd_int.o(.text)
    USB_OTG_USBH_handle_sof_ISR              0x08007c59   Thumb Code    28  usb_hcd_int.o(.text)
    .text                                    0x08007d14   Section        0  usb_bsp.o(.text)
    BSP_SetTime                              0x08007d6b   Thumb Code   110  usb_bsp.o(.text)
    BSP_Delay                                0x08007dd9   Thumb Code    38  usb_bsp.o(.text)
    .text                                    0x08007ed8   Section        0  fdiv.o(.text)
    .text                                    0x08007f54   Section        0  dmul.o(.text)
    .text                                    0x08008038   Section        0  ddiv.o(.text)
    .text                                    0x08008116   Section        0  ffltui.o(.text)
    .text                                    0x08008120   Section        0  dfltui.o(.text)
    .text                                    0x0800813a   Section        0  ffixui.o(.text)
    .text                                    0x08008162   Section        0  dfixui.o(.text)
    .text                                    0x08008194   Section        0  d2f.o(.text)
    .text                                    0x080081cc   Section        0  llushr.o(.text)
    .text                                    0x080081ec   Section        0  fepilogue.o(.text)
    .text                                    0x080081ec   Section        0  iusefp.o(.text)
    .text                                    0x0800825a   Section        0  depilogue.o(.text)
    .text                                    0x08008314   Section       36  init.o(.text)
    .text                                    0x08008338   Section        0  llshl.o(.text)
    i.__scatterload_copy                     0x08008356   Section       14  handlers.o(i.__scatterload_copy)
    i.__scatterload_null                     0x08008364   Section        2  handlers.o(i.__scatterload_null)
    i.__scatterload_zeroinit                 0x08008366   Section       14  handlers.o(i.__scatterload_zeroinit)
    .constdata                               0x08008374   Section       80  usartx.o(.constdata)
    .constdata                               0x080083c4   Section       17  max7219.o(.constdata)
    .constdata                               0x080083d5   Section       24  rtc.o(.constdata)
    .data                                    0x20000000   Section        7  main.o(.data)
    .data                                    0x20000007   Section        1  timerx.o(.data)
    .data                                    0x20000008   Section       60  usartx.o(.data)
    .data                                    0x20000044   Section        2  usb_udisk.o(.data)
    .data                                    0x20000046   Section        1  iocontrol.o(.data)
    .data                                    0x20000047   Section        2  pcf8574.o(.data)
    .data                                    0x2000004a   Section        4  rtc.o(.data)
    daycnt                                   0x2000004c   Data           2  rtc.o(.data)
    .data                                    0x2000004e   Section        1  adc.o(.data)
    .data                                    0x20000050   Section       20  system_stm32f10x.o(.data)
    .data                                    0x20000064   Section       20  stm32f10x_rcc.o(.data)
    APBAHBPrescTable                         0x20000064   Data          16  stm32f10x_rcc.o(.data)
    ADCPrescTable                            0x20000074   Data           4  stm32f10x_rcc.o(.data)
    .data                                    0x20000078   Section        8  usb_bsp.o(.data)
    .bss                                     0x20000080   Section       76  main.o(.bss)
    .bss                                     0x200000cc   Section       12  timerx.o(.bss)
    .bss                                     0x200000d8   Section      148  usartx.o(.bss)
    .bss                                     0x2000016c   Section     3432  usb_udisk.o(.bss)
    .bss                                     0x20000ed4   Section       10  iocontrol.o(.bss)
    .bss                                     0x20000ee0   Section      108  canx.o(.bss)
    .bss                                     0x20000f4c   Section       40  rtc.o(.bss)
    .bss                                     0x20000f74   Section      828  adc.o(.bss)
    .bss                                     0x200012b0   Section      128  frequencycapture.o(.bss)
    .bss                                     0x20001330   Section      746  usbh_core.o(.bss)
    STACK                                    0x20001620   Section     1024  startup_stm32f10x_cl.o(STACK)

    Global Symbols

    Symbol Name                              Value     Ov Type        Size  Object(Section)

    BuildAttributes$$THM_ISAv4$P$D$K$B$S$PE$A:L22UL41UL21$X:L11$S22US41US21$IEEE1$IW$USESV6$~STKCKD$USESV7$~SHL$OTIME$ROPI$EBA8$MICROLIB$REQ8$PRES8$EABIv2 0x00000000   Number         0  anon$$obj.o ABSOLUTE
    __ARM_use_no_argv                        0x00000000   Number         0  main.o ABSOLUTE
    _printf_a                                0x00000000   Number         0  stubs.o ABSOLUTE
    _printf_c                                0x00000000   Number         0  stubs.o ABSOLUTE
    _printf_charcount                        0x00000000   Number         0  stubs.o ABSOLUTE
    _printf_d                                0x00000000   Number         0  stubs.o ABSOLUTE
    _printf_e                                0x00000000   Number         0  stubs.o ABSOLUTE
    _printf_f                                0x00000000   Number         0  stubs.o ABSOLUTE
    _printf_flags                            0x00000000   Number         0  stubs.o ABSOLUTE
    _printf_fp_dec                           0x00000000   Number         0  stubs.o ABSOLUTE
    _printf_fp_hex                           0x00000000   Number         0  stubs.o ABSOLUTE
    _printf_g                                0x00000000   Number         0  stubs.o ABSOLUTE
    _printf_i                                0x00000000   Number         0  stubs.o ABSOLUTE
    _printf_int_dec                          0x00000000   Number         0  stubs.o ABSOLUTE
    _printf_l                                0x00000000   Number         0  stubs.o ABSOLUTE
    _printf_lc                               0x00000000   Number         0  stubs.o ABSOLUTE
    _printf_ll                               0x00000000   Number         0  stubs.o ABSOLUTE
    _printf_lld                              0x00000000   Number         0  stubs.o ABSOLUTE
    _printf_lli                              0x00000000   Number         0  stubs.o ABSOLUTE
    _printf_llo                              0x00000000   Number         0  stubs.o ABSOLUTE
    _printf_llu                              0x00000000   Number         0  stubs.o ABSOLUTE
    _printf_llx                              0x00000000   Number         0  stubs.o ABSOLUTE
    _printf_longlong_dec                     0x00000000   Number         0  stubs.o ABSOLUTE
    _printf_longlong_hex                     0x00000000   Number         0  stubs.o ABSOLUTE
    _printf_longlong_oct                     0x00000000   Number         0  stubs.o ABSOLUTE
    _printf_ls                               0x00000000   Number         0  stubs.o ABSOLUTE
    _printf_mbtowc                           0x00000000   Number         0  stubs.o ABSOLUTE
    _printf_n                                0x00000000   Number         0  stubs.o ABSOLUTE
    _printf_o                                0x00000000   Number         0  stubs.o ABSOLUTE
    _printf_p                                0x00000000   Number         0  stubs.o ABSOLUTE
    _printf_percent                          0x00000000   Number         0  stubs.o ABSOLUTE
    _printf_pre_padding                      0x00000000   Number         0  stubs.o ABSOLUTE
    _printf_return_value                     0x00000000   Number         0  stubs.o ABSOLUTE
    _printf_s                                0x00000000   Number         0  stubs.o ABSOLUTE
    _printf_sizespec                         0x00000000   Number         0  stubs.o ABSOLUTE
    _printf_str                              0x00000000   Number         0  stubs.o ABSOLUTE
    _printf_truncate_signed                  0x00000000   Number         0  stubs.o ABSOLUTE
    _printf_truncate_unsigned                0x00000000   Number         0  stubs.o ABSOLUTE
    _printf_u                                0x00000000   Number         0  stubs.o ABSOLUTE
    _printf_wc                               0x00000000   Number         0  stubs.o ABSOLUTE
    _printf_wctomb                           0x00000000   Number         0  stubs.o ABSOLUTE
    _printf_widthprec                        0x00000000   Number         0  stubs.o ABSOLUTE
    _printf_x                                0x00000000   Number         0  stubs.o ABSOLUTE
    __cpp_initialize__aeabi_                  - Undefined Weak Reference
    __cxa_finalize                            - Undefined Weak Reference
    __decompress                              - Undefined Weak Reference
    _clock_init                               - Undefined Weak Reference
    _microlib_exit                            - Undefined Weak Reference
    __Vectors_Size                           0x00000150   Number         0  startup_stm32f10x_cl.o ABSOLUTE
    __Vectors                                0x08000000   Data           4  startup_stm32f10x_cl.o(RESET)
    __Vectors_End                            0x08000150   Data           0  startup_stm32f10x_cl.o(RESET)
    __main                                   0x08000151   Thumb Code     0  entry.o(.ARM.Collect$$$$00000000)
    _main_stk                                0x08000151   Thumb Code     0  entry2.o(.ARM.Collect$$$$00000001)
    _main_scatterload                        0x08000155   Thumb Code     0  entry5.o(.ARM.Collect$$$$00000004)
    __main_after_scatterload                 0x08000159   Thumb Code     0  entry5.o(.ARM.Collect$$$$00000004)
    _main_clock                              0x08000159   Thumb Code     0  entry7b.o(.ARM.Collect$$$$00000008)
    _main_cpp_init                           0x08000159   Thumb Code     0  entry8b.o(.ARM.Collect$$$$0000000A)
    _main_init                               0x08000159   Thumb Code     0  entry9a.o(.ARM.Collect$$$$0000000B)
    __rt_final_cpp                           0x08000161   Thumb Code     0  entry10a.o(.ARM.Collect$$$$0000000D)
    __rt_final_exit                          0x08000161   Thumb Code     0  entry11a.o(.ARM.Collect$$$$0000000F)
    Init_System                              0x08000165   Thumb Code    52  main.o(.text)
    main                                     0x08000199   Thumb Code   104  main.o(.text)
    delay                                    0x08000201   Thumb Code    14  main.o(.text)
    USARTSendDate                            0x0800020f   Thumb Code    72  main.o(.text)
    TIM5_Init                                0x08000269   Thumb Code   118  timerx.o(.text)
    TIM5_TimeCount                           0x080002df   Thumb Code   684  timerx.o(.text)
    TIM5_IRQHandler                          0x0800058b   Thumb Code    26  timerx.o(.text)
    STM_UART_COMInit                         0x080005c9   Thumb Code   190  usartx.o(.text)
    Uart_Init                                0x08000687   Thumb Code   160  usartx.o(.text)
    SerialPutChar                            0x08000727   Thumb Code    30  usartx.o(.text)
    RS485_COM1_PutChar                       0x08000745   Thumb Code    52  usartx.o(.text)
    USART_COM1_GetInputString                0x08000779   Thumb Code   338  usartx.o(.text)
    LRC_Check                                0x080008cb   Thumb Code   104  usartx.o(.text)
    USART_COM2_GetInputString                0x08000933   Thumb Code   378  usartx.o(.text)
    ReadGearLine_Status                      0x08000ab5   Thumb Code   252  iocontrol.o(.text)
    StartUpGearDeal                          0x08000bb1   Thumb Code   124  iocontrol.o(.text)
    GearScanVSDeal                           0x08000c2d   Thumb Code   300  iocontrol.o(.text)
    IOControl_Init                           0x08000d59   Thumb Code   622  iocontrol.o(.text)
    GearToSolenoidValve                      0x08000fc7   Thumb Code  1344  iocontrol.o(.text)
    CAN_Configuration                        0x08001511   Thumb Code   372  canx.o(.text)
    CAN1_RX0_IRQHandler                      0x08001685   Thumb Code  1118  canx.o(.text)
    CAN2_RX0_IRQHandler                      0x08001ae3   Thumb Code    14  canx.o(.text)
    Send1Byte_MAX7219                        0x08001b11   Thumb Code    82  max7219.o(.text)
    Write2ndChip_MAX7219                     0x08001b63   Thumb Code    84  max7219.o(.text)
    Write3rdChip_MAX7219                     0x08001bb7   Thumb Code    84  max7219.o(.text)
    Write1stChip_MAX7219                     0x08001c0b   Thumb Code    84  max7219.o(.text)
    Init_MAX7219                             0x08001c5f   Thumb Code   124  max7219.o(.text)
    ErrorDisplay                             0x08001cdb   Thumb Code    58  max7219.o(.text)
    DisplayDigitalTube2_2Num_MAX7219         0x08001d15   Thumb Code   292  max7219.o(.text)
    GearDisplay                              0x08001e39   Thumb Code   660  max7219.o(.text)
    DisplayDigitalTube1_4Num_MAX7219         0x080020cd   Thumb Code   322  max7219.o(.text)
    DisplayDigitalTube3_4Num_MAX7219         0x0800220f   Thumb Code   334  max7219.o(.text)
    LoaderSystemDisplay                      0x0800235d   Thumb Code   126  max7219.o(.text)
    Clear3rdChip_MAX7219                     0x080023db   Thumb Code    24  max7219.o(.text)
    Clear2ndChip_MAX7219                     0x080023f3   Thumb Code    24  max7219.o(.text)
    Clear1stChip_MAX7219                     0x0800240b   Thumb Code    24  max7219.o(.text)
    MAX7219_Configuration                    0x08002423   Thumb Code   146  max7219.o(.text)
    DisplayChar_MAX7219                      0x080024b5   Thumb Code    50  max7219.o(.text)
    I2C_Stop_PCF8574                         0x080024fd   Thumb Code    46  pcf8574.o(.text)
    I2C_Ack_PCF8574                          0x0800252b   Thumb Code   140  pcf8574.o(.text)
    I2C_Write1Byte_PCF8574                   0x080025b7   Thumb Code   106  pcf8574.o(.text)
    I2C_Start_PCF8574                        0x08002621   Thumb Code    46  pcf8574.o(.text)
    I2C_WriteData_PCF8574                    0x0800264f   Thumb Code    28  pcf8574.o(.text)
    Init_PCF8574                             0x0800266b   Thumb Code    96  pcf8574.o(.text)
    I2C_NOAck_PCF8574                        0x080026cb   Thumb Code    60  pcf8574.o(.text)
    I2C_Rec1Byte_PCF8574                     0x08002707   Thumb Code   164  pcf8574.o(.text)
    I2C_RecData_PCF8574                      0x080027ab   Thumb Code    28  pcf8574.o(.text)
    KeyScan_PCF8574                          0x080027c7   Thumb Code   128  pcf8574.o(.text)
    RTC_Configuration                        0x08002855   Thumb Code    88  rtc.o(.text)
    Is_Leap_Year                             0x080028ad   Thumb Code    58  rtc.o(.text)
    RTC_SetTime                              0x080028e7   Thumb Code   176  rtc.o(.text)
    RTCInit_Configuration                    0x08002997   Thumb Code   176  rtc.o(.text)
    RTC_GetWeek                              0x08002a47   Thumb Code   116  rtc.o(.text)
    RTC_GetTime                              0x08002abb   Thumb Code   240  rtc.o(.text)
    RTC_IRQHandler                           0x08002bab   Thumb Code    36  rtc.o(.text)
    ADC_Configuration                        0x08002bf1   Thumb Code   520  adc.o(.text)
    ADC_ValueFilter                          0x08002df9   Thumb Code   230  adc.o(.text)
    DMA1_Channel1_IRQHandler                 0x08002edf   Thumb Code    24  adc.o(.text)
    FreqCap_Configuration                    0x08002f1d   Thumb Code   398  frequencycapture.o(.text)
    TIM1_CC_IRQHandler                       0x080030ab   Thumb Code   614  frequencycapture.o(.text)
    TIM4_IRQHandler                          0x08003311   Thumb Code   184  frequencycapture.o(.text)
    USART1_IRQHandler                        0x080033d1   Thumb Code    68  stm32f10x_it.o(.text)
    USART2_IRQHandler                        0x08003415   Thumb Code    68  stm32f10x_it.o(.text)
    SystemInit                               0x08003571   Thumb Code    92  system_stm32f10x.o(.text)
    SystemCoreClockUpdate                    0x080035cd   Thumb Code   232  system_stm32f10x.o(.text)
    Reset_Handler                            0x080036e5   Thumb Code     8  startup_stm32f10x_cl.o(.text)
    NMI_Handler                              0x080036ed   Thumb Code     2  startup_stm32f10x_cl.o(.text)
    HardFault_Handler                        0x080036ef   Thumb Code     2  startup_stm32f10x_cl.o(.text)
    MemManage_Handler                        0x080036f1   Thumb Code     2  startup_stm32f10x_cl.o(.text)
    BusFault_Handler                         0x080036f3   Thumb Code     2  startup_stm32f10x_cl.o(.text)
    UsageFault_Handler                       0x080036f5   Thumb Code     2  startup_stm32f10x_cl.o(.text)
    SVC_Handler                              0x080036f7   Thumb Code     2  startup_stm32f10x_cl.o(.text)
    DebugMon_Handler                         0x080036f9   Thumb Code     2  startup_stm32f10x_cl.o(.text)
    PendSV_Handler                           0x080036fb   Thumb Code     2  startup_stm32f10x_cl.o(.text)
    SysTick_Handler                          0x080036fd   Thumb Code     2  startup_stm32f10x_cl.o(.text)
    ADC1_2_IRQHandler                        0x080036ff   Thumb Code     0  startup_stm32f10x_cl.o(.text)
    CAN1_RX1_IRQHandler                      0x080036ff   Thumb Code     0  startup_stm32f10x_cl.o(.text)
    CAN1_SCE_IRQHandler                      0x080036ff   Thumb Code     0  startup_stm32f10x_cl.o(.text)
    CAN1_TX_IRQHandler                       0x080036ff   Thumb Code     0  startup_stm32f10x_cl.o(.text)
    CAN2_RX1_IRQHandler                      0x080036ff   Thumb Code     0  startup_stm32f10x_cl.o(.text)
    CAN2_SCE_IRQHandler                      0x080036ff   Thumb Code     0  startup_stm32f10x_cl.o(.text)
    CAN2_TX_IRQHandler                       0x080036ff   Thumb Code     0  startup_stm32f10x_cl.o(.text)
    DMA1_Channel2_IRQHandler                 0x080036ff   Thumb Code     0  startup_stm32f10x_cl.o(.text)
    DMA1_Channel3_IRQHandler                 0x080036ff   Thumb Code     0  startup_stm32f10x_cl.o(.text)
    DMA1_Channel4_IRQHandler                 0x080036ff   Thumb Code     0  startup_stm32f10x_cl.o(.text)
    DMA1_Channel5_IRQHandler                 0x080036ff   Thumb Code     0  startup_stm32f10x_cl.o(.text)
    DMA1_Channel6_IRQHandler                 0x080036ff   Thumb Code     0  startup_stm32f10x_cl.o(.text)
    DMA1_Channel7_IRQHandler                 0x080036ff   Thumb Code     0  startup_stm32f10x_cl.o(.text)
    DMA2_Channel1_IRQHandler                 0x080036ff   Thumb Code     0  startup_stm32f10x_cl.o(.text)
    DMA2_Channel2_IRQHandler                 0x080036ff   Thumb Code     0  startup_stm32f10x_cl.o(.text)
    DMA2_Channel3_IRQHandler                 0x080036ff   Thumb Code     0  startup_stm32f10x_cl.o(.text)
    DMA2_Channel4_IRQHandler                 0x080036ff   Thumb Code     0  startup_stm32f10x_cl.o(.text)
    DMA2_Channel5_IRQHandler                 0x080036ff   Thumb Code     0  startup_stm32f10x_cl.o(.text)
    ETH_IRQHandler                           0x080036ff   Thumb Code     0  startup_stm32f10x_cl.o(.text)
    ETH_WKUP_IRQHandler                      0x080036ff   Thumb Code     0  startup_stm32f10x_cl.o(.text)
    EXTI0_IRQHandler                         0x080036ff   Thumb Code     0  startup_stm32f10x_cl.o(.text)
    EXTI15_10_IRQHandler                     0x080036ff   Thumb Code     0  startup_stm32f10x_cl.o(.text)
    EXTI1_IRQHandler                         0x080036ff   Thumb Code     0  startup_stm32f10x_cl.o(.text)
    EXTI2_IRQHandler                         0x080036ff   Thumb Code     0  startup_stm32f10x_cl.o(.text)
    EXTI3_IRQHandler                         0x080036ff   Thumb Code     0  startup_stm32f10x_cl.o(.text)
    EXTI4_IRQHandler                         0x080036ff   Thumb Code     0  startup_stm32f10x_cl.o(.text)
    EXTI9_5_IRQHandler                       0x080036ff   Thumb Code     0  startup_stm32f10x_cl.o(.text)
    FLASH_IRQHandler                         0x080036ff   Thumb Code     0  startup_stm32f10x_cl.o(.text)
    I2C1_ER_IRQHandler                       0x080036ff   Thumb Code     0  startup_stm32f10x_cl.o(.text)
    I2C1_EV_IRQHandler                       0x080036ff   Thumb Code     0  startup_stm32f10x_cl.o(.text)
    I2C2_ER_IRQHandler                       0x080036ff   Thumb Code     0  startup_stm32f10x_cl.o(.text)
    I2C2_EV_IRQHandler                       0x080036ff   Thumb Code     0  startup_stm32f10x_cl.o(.text)
    OTG_FS_WKUP_IRQHandler                   0x080036ff   Thumb Code     0  startup_stm32f10x_cl.o(.text)
    PVD_IRQHandler                           0x080036ff   Thumb Code     0  startup_stm32f10x_cl.o(.text)
    RCC_IRQHandler                           0x080036ff   Thumb Code     0  startup_stm32f10x_cl.o(.text)
    RTCAlarm_IRQHandler                      0x080036ff   Thumb Code     0  startup_stm32f10x_cl.o(.text)
    SPI1_IRQHandler                          0x080036ff   Thumb Code     0  startup_stm32f10x_cl.o(.text)
    SPI2_IRQHandler                          0x080036ff   Thumb Code     0  startup_stm32f10x_cl.o(.text)
    SPI3_IRQHandler                          0x080036ff   Thumb Code     0  startup_stm32f10x_cl.o(.text)
    TAMPER_IRQHandler                        0x080036ff   Thumb Code     0  startup_stm32f10x_cl.o(.text)
    TIM1_BRK_IRQHandler                      0x080036ff   Thumb Code     0  startup_stm32f10x_cl.o(.text)
    TIM1_TRG_COM_IRQHandler                  0x080036ff   Thumb Code     0  startup_stm32f10x_cl.o(.text)
    TIM1_UP_IRQHandler                       0x080036ff   Thumb Code     0  startup_stm32f10x_cl.o(.text)
    TIM3_IRQHandler                          0x080036ff   Thumb Code     0  startup_stm32f10x_cl.o(.text)
    TIM6_IRQHandler                          0x080036ff   Thumb Code     0  startup_stm32f10x_cl.o(.text)
    TIM7_IRQHandler                          0x080036ff   Thumb Code     0  startup_stm32f10x_cl.o(.text)
    UART4_IRQHandler                         0x080036ff   Thumb Code     0  startup_stm32f10x_cl.o(.text)
    UART5_IRQHandler                         0x080036ff   Thumb Code     0  startup_stm32f10x_cl.o(.text)
    USART3_IRQHandler                        0x080036ff   Thumb Code     0  startup_stm32f10x_cl.o(.text)
    WWDG_IRQHandler                          0x080036ff   Thumb Code     0  startup_stm32f10x_cl.o(.text)
    NVIC_PriorityGroupConfig                 0x08003709   Thumb Code    10  misc.o(.text)
    NVIC_Init                                0x08003713   Thumb Code   100  misc.o(.text)
    NVIC_SetVectorTable                      0x08003777   Thumb Code    14  misc.o(.text)
    NVIC_SystemLPConfig                      0x08003785   Thumb Code    34  misc.o(.text)
    SysTick_CLKSourceConfig                  0x080037a7   Thumb Code    40  misc.o(.text)
    GPIO_DeInit                              0x080037e5   Thumb Code   172  stm32f10x_gpio.o(.text)
    GPIO_AFIODeInit                          0x08003891   Thumb Code    20  stm32f10x_gpio.o(.text)
    GPIO_Init                                0x080038a5   Thumb Code   278  stm32f10x_gpio.o(.text)
    GPIO_StructInit                          0x080039bb   Thumb Code    16  stm32f10x_gpio.o(.text)
    GPIO_ReadInputDataBit                    0x080039cb   Thumb Code    18  stm32f10x_gpio.o(.text)
    GPIO_ReadInputData                       0x080039dd   Thumb Code     8  stm32f10x_gpio.o(.text)
    GPIO_ReadOutputDataBit                   0x080039e5   Thumb Code    18  stm32f10x_gpio.o(.text)
    GPIO_ReadOutputData                      0x080039f7   Thumb Code     8  stm32f10x_gpio.o(.text)
    GPIO_SetBits                             0x080039ff   Thumb Code     4  stm32f10x_gpio.o(.text)
    GPIO_ResetBits                           0x08003a03   Thumb Code     4  stm32f10x_gpio.o(.text)
    GPIO_WriteBit                            0x08003a07   Thumb Code    10  stm32f10x_gpio.o(.text)
    GPIO_Write                               0x08003a11   Thumb Code     4  stm32f10x_gpio.o(.text)
    GPIO_PinLockConfig                       0x08003a15   Thumb Code    18  stm32f10x_gpio.o(.text)
    GPIO_EventOutputConfig                   0x08003a27   Thumb Code    26  stm32f10x_gpio.o(.text)
    GPIO_EventOutputCmd                      0x08003a41   Thumb Code     6  stm32f10x_gpio.o(.text)
    GPIO_PinRemapConfig                      0x08003a47   Thumb Code   138  stm32f10x_gpio.o(.text)
    GPIO_EXTILineConfig                      0x08003ad1   Thumb Code    66  stm32f10x_gpio.o(.text)
    GPIO_ETH_MediaInterfaceConfig            0x08003b13   Thumb Code     8  stm32f10x_gpio.o(.text)
    RCC_DeInit                               0x08003b41   Thumb Code    78  stm32f10x_rcc.o(.text)
    RCC_HSEConfig                            0x08003b8f   Thumb Code    70  stm32f10x_rcc.o(.text)
    RCC_GetFlagStatus                        0x08003bd5   Thumb Code    56  stm32f10x_rcc.o(.text)
    RCC_WaitForHSEStartUp                    0x08003c0d   Thumb Code    56  stm32f10x_rcc.o(.text)
    RCC_AdjustHSICalibrationValue            0x08003c45   Thumb Code    20  stm32f10x_rcc.o(.text)
    RCC_HSICmd                               0x08003c59   Thumb Code     6  stm32f10x_rcc.o(.text)
    RCC_PLLConfig                            0x08003c5f   Thumb Code    24  stm32f10x_rcc.o(.text)
    RCC_PLLCmd                               0x08003c77   Thumb Code     6  stm32f10x_rcc.o(.text)
    RCC_PREDIV1Config                        0x08003c7d   Thumb Code    24  stm32f10x_rcc.o(.text)
    RCC_PREDIV2Config                        0x08003c95   Thumb Code    18  stm32f10x_rcc.o(.text)
    RCC_PLL2Config                           0x08003ca7   Thumb Code    18  stm32f10x_rcc.o(.text)
    RCC_PLL2Cmd                              0x08003cb9   Thumb Code     6  stm32f10x_rcc.o(.text)
    RCC_PLL3Config                           0x08003cbf   Thumb Code    18  stm32f10x_rcc.o(.text)
    RCC_PLL3Cmd                              0x08003cd1   Thumb Code     6  stm32f10x_rcc.o(.text)
    RCC_SYSCLKConfig                         0x08003cd7   Thumb Code    18  stm32f10x_rcc.o(.text)
    RCC_GetSYSCLKSource                      0x08003ce9   Thumb Code    10  stm32f10x_rcc.o(.text)
    RCC_HCLKConfig                           0x08003cf3   Thumb Code    18  stm32f10x_rcc.o(.text)
    RCC_PCLK1Config                          0x08003d05   Thumb Code    18  stm32f10x_rcc.o(.text)
    RCC_PCLK2Config                          0x08003d17   Thumb Code    20  stm32f10x_rcc.o(.text)
    RCC_ITConfig                             0x08003d2b   Thumb Code    26  stm32f10x_rcc.o(.text)
    RCC_OTGFSCLKConfig                       0x08003d45   Thumb Code     8  stm32f10x_rcc.o(.text)
    RCC_ADCCLKConfig                         0x08003d4d   Thumb Code    18  stm32f10x_rcc.o(.text)
    RCC_I2S2CLKConfig                        0x08003d5f   Thumb Code     6  stm32f10x_rcc.o(.text)
    RCC_I2S3CLKConfig                        0x08003d65   Thumb Code     8  stm32f10x_rcc.o(.text)
    RCC_LSEConfig                            0x08003d6d   Thumb Code    50  stm32f10x_rcc.o(.text)
    RCC_LSICmd                               0x08003d9f   Thumb Code     6  stm32f10x_rcc.o(.text)
    RCC_RTCCLKConfig                         0x08003da5   Thumb Code    12  stm32f10x_rcc.o(.text)
    RCC_RTCCLKCmd                            0x08003db1   Thumb Code     8  stm32f10x_rcc.o(.text)
    RCC_GetClocksFreq                        0x08003db9   Thumb Code   424  stm32f10x_rcc.o(.text)
    RCC_AHBPeriphClockCmd                    0x08003f61   Thumb Code    26  stm32f10x_rcc.o(.text)
    RCC_APB2PeriphClockCmd                   0x08003f7b   Thumb Code    26  stm32f10x_rcc.o(.text)
    RCC_APB1PeriphClockCmd                   0x08003f95   Thumb Code    26  stm32f10x_rcc.o(.text)
    RCC_AHBPeriphResetCmd                    0x08003faf   Thumb Code    26  stm32f10x_rcc.o(.text)
    RCC_APB2PeriphResetCmd                   0x08003fc9   Thumb Code    26  stm32f10x_rcc.o(.text)
    RCC_APB1PeriphResetCmd                   0x08003fe3   Thumb Code    26  stm32f10x_rcc.o(.text)
    RCC_BackupResetCmd                       0x08003ffd   Thumb Code     6  stm32f10x_rcc.o(.text)
    RCC_ClockSecuritySystemCmd               0x08004003   Thumb Code     6  stm32f10x_rcc.o(.text)
    RCC_MCOConfig                            0x08004009   Thumb Code     6  stm32f10x_rcc.o(.text)
    RCC_ClearFlag                            0x0800400f   Thumb Code    14  stm32f10x_rcc.o(.text)
    RCC_GetITStatus                          0x0800401d   Thumb Code    20  stm32f10x_rcc.o(.text)
    RCC_ClearITPendingBit                    0x08004031   Thumb Code     6  stm32f10x_rcc.o(.text)
    USART_DeInit                             0x08004045   Thumb Code   134  stm32f10x_usart.o(.text)
    USART_Init                               0x080040cb   Thumb Code   210  stm32f10x_usart.o(.text)
    USART_StructInit                         0x0800419d   Thumb Code    24  stm32f10x_usart.o(.text)
    USART_ClockInit                          0x080041b5   Thumb Code    34  stm32f10x_usart.o(.text)
    USART_ClockStructInit                    0x080041d7   Thumb Code    12  stm32f10x_usart.o(.text)
    USART_Cmd                                0x080041e3   Thumb Code    24  stm32f10x_usart.o(.text)
    USART_ITConfig                           0x080041fb   Thumb Code    74  stm32f10x_usart.o(.text)
    USART_DMACmd                             0x08004245   Thumb Code    18  stm32f10x_usart.o(.text)
    USART_SetAddress                         0x08004257   Thumb Code    18  stm32f10x_usart.o(.text)
    USART_WakeUpConfig                       0x08004269   Thumb Code    18  stm32f10x_usart.o(.text)
    USART_ReceiverWakeUpCmd                  0x0800427b   Thumb Code    24  stm32f10x_usart.o(.text)
    USART_LINBreakDetectLengthConfig         0x08004293   Thumb Code    18  stm32f10x_usart.o(.text)
    USART_LINCmd                             0x080042a5   Thumb Code    24  stm32f10x_usart.o(.text)
    USART_SendData                           0x080042bd   Thumb Code     8  stm32f10x_usart.o(.text)
    USART_ReceiveData                        0x080042c5   Thumb Code    10  stm32f10x_usart.o(.text)
    USART_SendBreak                          0x080042cf   Thumb Code    10  stm32f10x_usart.o(.text)
    USART_SetGuardTime                       0x080042d9   Thumb Code    16  stm32f10x_usart.o(.text)
    USART_SetPrescaler                       0x080042e9   Thumb Code    16  stm32f10x_usart.o(.text)
    USART_SmartCardCmd                       0x080042f9   Thumb Code    24  stm32f10x_usart.o(.text)
    USART_SmartCardNACKCmd                   0x08004311   Thumb Code    24  stm32f10x_usart.o(.text)
    USART_HalfDuplexCmd                      0x08004329   Thumb Code    24  stm32f10x_usart.o(.text)
    USART_OverSampling8Cmd                   0x08004341   Thumb Code    22  stm32f10x_usart.o(.text)
    USART_OneBitMethodCmd                    0x08004357   Thumb Code    24  stm32f10x_usart.o(.text)
    USART_IrDAConfig                         0x0800436f   Thumb Code    18  stm32f10x_usart.o(.text)
    USART_IrDACmd                            0x08004381   Thumb Code    24  stm32f10x_usart.o(.text)
    USART_GetFlagStatus                      0x08004399   Thumb Code    26  stm32f10x_usart.o(.text)
    USART_ClearFlag                          0x080043b3   Thumb Code    18  stm32f10x_usart.o(.text)
    USART_GetITStatus                        0x080043c5   Thumb Code    84  stm32f10x_usart.o(.text)
    USART_ClearITPendingBit                  0x08004419   Thumb Code    52  stm32f10x_usart.o(.text)
    TIM_DeInit                               0x0800444d   Thumb Code   424  stm32f10x_tim.o(.text)
    TIM_TimeBaseInit                         0x080045f5   Thumb Code   122  stm32f10x_tim.o(.text)
    TIM_OC1Init                              0x0800466f   Thumb Code   132  stm32f10x_tim.o(.text)
    TIM_OC2Init                              0x080046f3   Thumb Code   154  stm32f10x_tim.o(.text)
    TIM_OC3Init                              0x0800478d   Thumb Code   150  stm32f10x_tim.o(.text)
    TIM_OC4Init                              0x08004823   Thumb Code   182  stm32f10x_tim.o(.text)
    TIM_SetIC4Prescaler                      0x080048d9   Thumb Code    26  stm32f10x_tim.o(.text)
    TIM_SetIC3Prescaler                      0x08004975   Thumb Code    18  stm32f10x_tim.o(.text)
    TIM_SetIC2Prescaler                      0x08004a01   Thumb Code    26  stm32f10x_tim.o(.text)
    TIM_SetIC1Prescaler                      0x08004a9d   Thumb Code    18  stm32f10x_tim.o(.text)
    TIM_ICInit                               0x08004b1b   Thumb Code   150  stm32f10x_tim.o(.text)
    TIM_PWMIConfig                           0x08004bb1   Thumb Code   124  stm32f10x_tim.o(.text)
    TIM_BDTRConfig                           0x08004c2d   Thumb Code    32  stm32f10x_tim.o(.text)
    TIM_TimeBaseStructInit                   0x08004c4d   Thumb Code    18  stm32f10x_tim.o(.text)
    TIM_OCStructInit                         0x08004c5f   Thumb Code    20  stm32f10x_tim.o(.text)
    TIM_ICStructInit                         0x08004c73   Thumb Code    18  stm32f10x_tim.o(.text)
    TIM_BDTRStructInit                       0x08004c85   Thumb Code    40  stm32f10x_tim.o(.text)
    TIM_Cmd                                  0x08004cad   Thumb Code    24  stm32f10x_tim.o(.text)
    TIM_CtrlPWMOutputs                       0x08004cc5   Thumb Code    30  stm32f10x_tim.o(.text)
    TIM_ITConfig                             0x08004ce3   Thumb Code    18  stm32f10x_tim.o(.text)
    TIM_GenerateEvent                        0x08004cf5   Thumb Code     4  stm32f10x_tim.o(.text)
    TIM_DMAConfig                            0x08004cf9   Thumb Code    10  stm32f10x_tim.o(.text)
    TIM_DMACmd                               0x08004d03   Thumb Code    18  stm32f10x_tim.o(.text)
    TIM_InternalClockConfig                  0x08004d15   Thumb Code    12  stm32f10x_tim.o(.text)
    TIM_SelectInputTrigger                   0x08004d21   Thumb Code    18  stm32f10x_tim.o(.text)
    TIM_ITRxExternalClockConfig              0x08004d33   Thumb Code    24  stm32f10x_tim.o(.text)
    TIM_TIxExternalClockConfig               0x08004d4b   Thumb Code    62  stm32f10x_tim.o(.text)
    TIM_ETRConfig                            0x08004d89   Thumb Code    28  stm32f10x_tim.o(.text)
    TIM_ETRClockMode1Config                  0x08004da5   Thumb Code    54  stm32f10x_tim.o(.text)
    TIM_ETRClockMode2Config                  0x08004ddb   Thumb Code    32  stm32f10x_tim.o(.text)
    TIM_PrescalerConfig                      0x08004dfb   Thumb Code     6  stm32f10x_tim.o(.text)
    TIM_CounterModeConfig                    0x08004e01   Thumb Code    18  stm32f10x_tim.o(.text)
    TIM_EncoderInterfaceConfig               0x08004e13   Thumb Code    66  stm32f10x_tim.o(.text)
    TIM_ForcedOC1Config                      0x08004e55   Thumb Code    18  stm32f10x_tim.o(.text)
    TIM_ForcedOC2Config                      0x08004e67   Thumb Code    26  stm32f10x_tim.o(.text)
    TIM_ForcedOC3Config                      0x08004e81   Thumb Code    18  stm32f10x_tim.o(.text)
    TIM_ForcedOC4Config                      0x08004e93   Thumb Code    26  stm32f10x_tim.o(.text)
    TIM_ARRPreloadConfig                     0x08004ead   Thumb Code    24  stm32f10x_tim.o(.text)
    TIM_SelectCOM                            0x08004ec5   Thumb Code    24  stm32f10x_tim.o(.text)
    TIM_SelectCCDMA                          0x08004edd   Thumb Code    24  stm32f10x_tim.o(.text)
    TIM_CCPreloadControl                     0x08004ef5   Thumb Code    24  stm32f10x_tim.o(.text)
    TIM_OC1PreloadConfig                     0x08004f0d   Thumb Code    18  stm32f10x_tim.o(.text)
    TIM_OC2PreloadConfig                     0x08004f1f   Thumb Code    26  stm32f10x_tim.o(.text)
    TIM_OC3PreloadConfig                     0x08004f39   Thumb Code    18  stm32f10x_tim.o(.text)
    TIM_OC4PreloadConfig                     0x08004f4b   Thumb Code    26  stm32f10x_tim.o(.text)
    TIM_OC1FastConfig                        0x08004f65   Thumb Code    18  stm32f10x_tim.o(.text)
    TIM_OC2FastConfig                        0x08004f77   Thumb Code    26  stm32f10x_tim.o(.text)
    TIM_OC3FastConfig                        0x08004f91   Thumb Code    18  stm32f10x_tim.o(.text)
    TIM_OC4FastConfig                        0x08004fa3   Thumb Code    26  stm32f10x_tim.o(.text)
    TIM_ClearOC1Ref                          0x08004fbd   Thumb Code    18  stm32f10x_tim.o(.text)
    TIM_ClearOC2Ref                          0x08004fcf   Thumb Code    24  stm32f10x_tim.o(.text)
    TIM_ClearOC3Ref                          0x08004fe7   Thumb Code    18  stm32f10x_tim.o(.text)
    TIM_ClearOC4Ref                          0x08004ff9   Thumb Code    24  stm32f10x_tim.o(.text)
    TIM_OC1PolarityConfig                    0x08005011   Thumb Code    18  stm32f10x_tim.o(.text)
    TIM_OC1NPolarityConfig                   0x08005023   Thumb Code    18  stm32f10x_tim.o(.text)
    TIM_OC2PolarityConfig                    0x08005035   Thumb Code    26  stm32f10x_tim.o(.text)
    TIM_OC2NPolarityConfig                   0x0800504f   Thumb Code    26  stm32f10x_tim.o(.text)
    TIM_OC3PolarityConfig                    0x08005069   Thumb Code    26  stm32f10x_tim.o(.text)
    TIM_OC3NPolarityConfig                   0x08005083   Thumb Code    26  stm32f10x_tim.o(.text)
    TIM_OC4PolarityConfig                    0x0800509d   Thumb Code    26  stm32f10x_tim.o(.text)
    TIM_CCxCmd                               0x080050b7   Thumb Code    30  stm32f10x_tim.o(.text)
    TIM_CCxNCmd                              0x080050d5   Thumb Code    30  stm32f10x_tim.o(.text)
    TIM_SelectOCxM                           0x080050f3   Thumb Code    82  stm32f10x_tim.o(.text)
    TIM_UpdateDisableConfig                  0x08005145   Thumb Code    24  stm32f10x_tim.o(.text)
    TIM_UpdateRequestConfig                  0x0800515d   Thumb Code    24  stm32f10x_tim.o(.text)
    TIM_SelectHallSensor                     0x08005175   Thumb Code    24  stm32f10x_tim.o(.text)
    TIM_SelectOnePulseMode                   0x0800518d   Thumb Code    18  stm32f10x_tim.o(.text)
    TIM_SelectOutputTrigger                  0x0800519f   Thumb Code    18  stm32f10x_tim.o(.text)
    TIM_SelectSlaveMode                      0x080051b1   Thumb Code    18  stm32f10x_tim.o(.text)
    TIM_SelectMasterSlaveMode                0x080051c3   Thumb Code    18  stm32f10x_tim.o(.text)
    TIM_SetCounter                           0x080051d5   Thumb Code     4  stm32f10x_tim.o(.text)
    TIM_SetAutoreload                        0x080051d9   Thumb Code     4  stm32f10x_tim.o(.text)
    TIM_SetCompare1                          0x080051dd   Thumb Code     4  stm32f10x_tim.o(.text)
    TIM_SetCompare2                          0x080051e1   Thumb Code     4  stm32f10x_tim.o(.text)
    TIM_SetCompare3                          0x080051e5   Thumb Code     4  stm32f10x_tim.o(.text)
    TIM_SetCompare4                          0x080051e9   Thumb Code     6  stm32f10x_tim.o(.text)
    TIM_SetClockDivision                     0x080051ef   Thumb Code    18  stm32f10x_tim.o(.text)
    TIM_GetCapture1                          0x08005201   Thumb Code     6  stm32f10x_tim.o(.text)
    TIM_GetCapture2                          0x08005207   Thumb Code     6  stm32f10x_tim.o(.text)
    TIM_GetCapture3                          0x0800520d   Thumb Code     6  stm32f10x_tim.o(.text)
    TIM_GetCapture4                          0x08005213   Thumb Code     8  stm32f10x_tim.o(.text)
    TIM_GetCounter                           0x0800521b   Thumb Code     6  stm32f10x_tim.o(.text)
    TIM_GetPrescaler                         0x08005221   Thumb Code     6  stm32f10x_tim.o(.text)
    TIM_GetFlagStatus                        0x08005227   Thumb Code    18  stm32f10x_tim.o(.text)
    TIM_ClearFlag                            0x08005239   Thumb Code     6  stm32f10x_tim.o(.text)
    TIM_GetITStatus                          0x0800523f   Thumb Code    34  stm32f10x_tim.o(.text)
    TIM_ClearITPendingBit                    0x08005261   Thumb Code     6  stm32f10x_tim.o(.text)
    ADC_DeInit                               0x08005269   Thumb Code    78  stm32f10x_adc.o(.text)
    ADC_Init                                 0x080052b7   Thumb Code    70  stm32f10x_adc.o(.text)
    ADC_StructInit                           0x080052fd   Thumb Code    18  stm32f10x_adc.o(.text)
    ADC_Cmd                                  0x0800530f   Thumb Code    22  stm32f10x_adc.o(.text)
    ADC_DMACmd                               0x08005325   Thumb Code    22  stm32f10x_adc.o(.text)
    ADC_ITConfig                             0x0800533b   Thumb Code    24  stm32f10x_adc.o(.text)
    ADC_ResetCalibration                     0x08005353   Thumb Code    10  stm32f10x_adc.o(.text)
    ADC_GetResetCalibrationStatus            0x0800535d   Thumb Code    20  stm32f10x_adc.o(.text)
    ADC_StartCalibration                     0x08005371   Thumb Code    10  stm32f10x_adc.o(.text)
    ADC_GetCalibrationStatus                 0x0800537b   Thumb Code    20  stm32f10x_adc.o(.text)
    ADC_SoftwareStartConvCmd                 0x0800538f   Thumb Code    22  stm32f10x_adc.o(.text)
    ADC_GetSoftwareStartConvStatus           0x080053a5   Thumb Code    20  stm32f10x_adc.o(.text)
    ADC_DiscModeChannelCountConfig           0x080053b9   Thumb Code    24  stm32f10x_adc.o(.text)
    ADC_DiscModeCmd                          0x080053d1   Thumb Code    22  stm32f10x_adc.o(.text)
    ADC_RegularChannelConfig                 0x080053e7   Thumb Code   184  stm32f10x_adc.o(.text)
    ADC_ExternalTrigConvCmd                  0x0800549f   Thumb Code    22  stm32f10x_adc.o(.text)
    ADC_GetConversionValue                   0x080054b5   Thumb Code     8  stm32f10x_adc.o(.text)
    ADC_GetDualModeConversionValue           0x080054bd   Thumb Code     8  stm32f10x_adc.o(.text)
    ADC_AutoInjectedConvCmd                  0x080054c5   Thumb Code    22  stm32f10x_adc.o(.text)
    ADC_InjectedDiscModeCmd                  0x080054db   Thumb Code    22  stm32f10x_adc.o(.text)
    ADC_ExternalTrigInjectedConvConfig       0x080054f1   Thumb Code    16  stm32f10x_adc.o(.text)
    ADC_ExternalTrigInjectedConvCmd          0x08005501   Thumb Code    22  stm32f10x_adc.o(.text)
    ADC_SoftwareStartInjectedConvCmd         0x08005517   Thumb Code    22  stm32f10x_adc.o(.text)
    ADC_GetSoftwareStartInjectedConvCmdStatus 0x0800552d   Thumb Code    20  stm32f10x_adc.o(.text)
    ADC_InjectedChannelConfig                0x08005541   Thumb Code   130  stm32f10x_adc.o(.text)
    ADC_InjectedSequencerLengthConfig        0x080055c3   Thumb Code    24  stm32f10x_adc.o(.text)
    ADC_SetInjectedOffset                    0x080055db   Thumb Code    20  stm32f10x_adc.o(.text)
    ADC_GetInjectedConversionValue           0x080055ef   Thumb Code    28  stm32f10x_adc.o(.text)
    ADC_AnalogWatchdogCmd                    0x0800560b   Thumb Code    16  stm32f10x_adc.o(.text)
    ADC_AnalogWatchdogThresholdsConfig       0x0800561b   Thumb Code     6  stm32f10x_adc.o(.text)
    ADC_AnalogWatchdogSingleChannelConfig    0x08005621   Thumb Code    16  stm32f10x_adc.o(.text)
    ADC_TempSensorVrefintCmd                 0x08005631   Thumb Code    64  stm32f10x_adc.o(.text)
    ADC_GetFlagStatus                        0x08005671   Thumb Code    18  stm32f10x_adc.o(.text)
    ADC_ClearFlag                            0x08005683   Thumb Code     6  stm32f10x_adc.o(.text)
    ADC_GetITStatus                          0x08005689   Thumb Code    36  stm32f10x_adc.o(.text)
    ADC_ClearITPendingBit                    0x080056ad   Thumb Code    10  stm32f10x_adc.o(.text)
    CAN_DeInit                               0x080056b9   Thumb Code    50  stm32f10x_can.o(.text)
    CAN_Init                                 0x080056eb   Thumb Code   276  stm32f10x_can.o(.text)
    CAN_FilterInit                           0x080057ff   Thumb Code   258  stm32f10x_can.o(.text)
    CAN_StructInit                           0x08005901   Thumb Code    32  stm32f10x_can.o(.text)
    CAN_SlaveStartBank                       0x08005921   Thumb Code    48  stm32f10x_can.o(.text)
    CAN_DBGFreeze                            0x08005951   Thumb Code    22  stm32f10x_can.o(.text)
    CAN_TTComModeCmd                         0x08005967   Thumb Code   118  stm32f10x_can.o(.text)
    CAN_Transmit                             0x080059dd   Thumb Code   304  stm32f10x_can.o(.text)
    CAN_TransmitStatus                       0x08005b0d   Thumb Code   138  stm32f10x_can.o(.text)
    CAN_CancelTransmit                       0x08005b97   Thumb Code    48  stm32f10x_can.o(.text)
    CAN_Receive                              0x08005bc7   Thumb Code   240  stm32f10x_can.o(.text)
    CAN_FIFORelease                          0x08005cb7   Thumb Code    22  stm32f10x_can.o(.text)
    CAN_MessagePending                       0x08005ccd   Thumb Code    30  stm32f10x_can.o(.text)
    CAN_OperatingModeRequest                 0x08005ceb   Thumb Code   162  stm32f10x_can.o(.text)
    CAN_Sleep                                0x08005d8d   Thumb Code    30  stm32f10x_can.o(.text)
    CAN_WakeUp                               0x08005dab   Thumb Code    48  stm32f10x_can.o(.text)
    CAN_GetLastErrorCode                     0x08005ddb   Thumb Code    12  stm32f10x_can.o(.text)
    CAN_GetReceiveErrorCounter               0x08005de7   Thumb Code    10  stm32f10x_can.o(.text)
    CAN_GetLSBTransmitErrorCounter           0x08005df1   Thumb Code    12  stm32f10x_can.o(.text)
    CAN_ITConfig                             0x08005dfd   Thumb Code    18  stm32f10x_can.o(.text)
    CAN_GetFlagStatus                        0x08005e0f   Thumb Code   120  stm32f10x_can.o(.text)
    CAN_ClearFlag                            0x08005e87   Thumb Code    52  stm32f10x_can.o(.text)
    CAN_GetITStatus                          0x08005ecd   Thumb Code   310  stm32f10x_can.o(.text)
    CAN_ClearITPendingBit                    0x08006003   Thumb Code   162  stm32f10x_can.o(.text)
    RTC_ITConfig                             0x080060a9   Thumb Code    26  stm32f10x_rtc.o(.text)
    RTC_EnterConfigMode                      0x080060c3   Thumb Code    18  stm32f10x_rtc.o(.text)
    RTC_ExitConfigMode                       0x080060d5   Thumb Code    20  stm32f10x_rtc.o(.text)
    RTC_GetCounter                           0x080060e9   Thumb Code    18  stm32f10x_rtc.o(.text)
    RTC_SetCounter                           0x080060fb   Thumb Code    26  stm32f10x_rtc.o(.text)
    RTC_SetPrescaler                         0x08006115   Thumb Code    28  stm32f10x_rtc.o(.text)
    RTC_SetAlarm                             0x08006131   Thumb Code    26  stm32f10x_rtc.o(.text)
    RTC_GetDivider                           0x0800614b   Thumb Code    22  stm32f10x_rtc.o(.text)
    RTC_WaitForLastTask                      0x08006161   Thumb Code    18  stm32f10x_rtc.o(.text)
    RTC_WaitForSynchro                       0x08006173   Thumb Code    36  stm32f10x_rtc.o(.text)
    RTC_GetFlagStatus                        0x08006197   Thumb Code    22  stm32f10x_rtc.o(.text)
    RTC_ClearFlag                            0x080061ad   Thumb Code    16  stm32f10x_rtc.o(.text)
    RTC_GetITStatus                          0x080061bd   Thumb Code    32  stm32f10x_rtc.o(.text)
    RTC_ClearITPendingBit                    0x080061dd   Thumb Code    16  stm32f10x_rtc.o(.text)
    BKP_DeInit                               0x080061f1   Thumb Code    16  stm32f10x_bkp.o(.text)
    BKP_TamperPinLevelConfig                 0x08006201   Thumb Code     6  stm32f10x_bkp.o(.text)
    BKP_TamperPinCmd                         0x08006207   Thumb Code     8  stm32f10x_bkp.o(.text)
    BKP_ITConfig                             0x0800620f   Thumb Code     8  stm32f10x_bkp.o(.text)
    BKP_RTCOutputConfig                      0x08006217   Thumb Code    22  stm32f10x_bkp.o(.text)
    BKP_SetRTCCalibrationValue               0x0800622d   Thumb Code    22  stm32f10x_bkp.o(.text)
    BKP_WriteBackupRegister                  0x08006243   Thumb Code    24  stm32f10x_bkp.o(.text)
    BKP_ReadBackupRegister                   0x0800625b   Thumb Code    26  stm32f10x_bkp.o(.text)
    BKP_GetFlagStatus                        0x08006275   Thumb Code    10  stm32f10x_bkp.o(.text)
    BKP_ClearFlag                            0x0800627f   Thumb Code    18  stm32f10x_bkp.o(.text)
    BKP_GetITStatus                          0x08006291   Thumb Code    10  stm32f10x_bkp.o(.text)
    BKP_ClearITPendingBit                    0x0800629b   Thumb Code    18  stm32f10x_bkp.o(.text)
    PWR_DeInit                               0x080062b5   Thumb Code    22  stm32f10x_pwr.o(.text)
    PWR_BackupAccessCmd                      0x080062cb   Thumb Code     6  stm32f10x_pwr.o(.text)
    PWR_PVDCmd                               0x080062d1   Thumb Code     6  stm32f10x_pwr.o(.text)
    PWR_PVDLevelConfig                       0x080062d7   Thumb Code    18  stm32f10x_pwr.o(.text)
    PWR_WakeUpPinCmd                         0x080062e9   Thumb Code     8  stm32f10x_pwr.o(.text)
    PWR_EnterSTOPMode                        0x080062f1   Thumb Code    54  stm32f10x_pwr.o(.text)
    PWR_EnterSTANDBYMode                     0x08006327   Thumb Code    42  stm32f10x_pwr.o(.text)
    PWR_GetFlagStatus                        0x08006351   Thumb Code    20  stm32f10x_pwr.o(.text)
    PWR_ClearFlag                            0x08006365   Thumb Code    14  stm32f10x_pwr.o(.text)
    DMA_DeInit                               0x08006381   Thumb Code   324  stm32f10x_dma.o(.text)
    DMA_Init                                 0x080064c5   Thumb Code    60  stm32f10x_dma.o(.text)
    DMA_StructInit                           0x08006501   Thumb Code    26  stm32f10x_dma.o(.text)
    DMA_Cmd                                  0x0800651b   Thumb Code    24  stm32f10x_dma.o(.text)
    DMA_ITConfig                             0x08006533   Thumb Code    18  stm32f10x_dma.o(.text)
    DMA_SetCurrDataCounter                   0x08006545   Thumb Code     4  stm32f10x_dma.o(.text)
    DMA_GetCurrDataCounter                   0x08006549   Thumb Code     8  stm32f10x_dma.o(.text)
    DMA_GetFlagStatus                        0x08006551   Thumb Code    40  stm32f10x_dma.o(.text)
    DMA_ClearFlag                            0x08006579   Thumb Code    22  stm32f10x_dma.o(.text)
    DMA_GetITStatus                          0x0800658f   Thumb Code    40  stm32f10x_dma.o(.text)
    DMA_ClearITPendingBit                    0x080065b7   Thumb Code    22  stm32f10x_dma.o(.text)
    USB_OTG_WritePacket                      0x08006671   Thumb Code    58  usb_core.o(.text)
    USB_OTG_ReadPacket                       0x080066ab   Thumb Code    38  usb_core.o(.text)
    USB_OTG_DisableGlobalInt                 0x080066d1   Thumb Code    34  usb_core.o(.text)
    USB_OTG_CoreInit                         0x080066f3   Thumb Code   206  usb_core.o(.text)
    USB_OTG_EnableGlobalInt                  0x080067c1   Thumb Code    34  usb_core.o(.text)
    USB_OTG_FlushTxFifo                      0x080067e3   Thumb Code    80  usb_core.o(.text)
    USB_OTG_FlushRxFifo                      0x08006833   Thumb Code    70  usb_core.o(.text)
    USB_OTG_SetHostMode                      0x08006879   Thumb Code    48  usb_core.o(.text)
    USB_OTG_ReadOtgItr                       0x080068a9   Thumb Code     8  usb_core.o(.text)
    USB_OTG_EnableHostInt                    0x080068b1   Thumb Code   106  usb_core.o(.text)
    USB_OTG_ReadHPRT0                        0x0800691b   Thumb Code    46  usb_core.o(.text)
    USB_OTG_DriveVbus                        0x08006949   Thumb Code    86  usb_core.o(.text)
    USB_OTG_InitFSLSPClkSel                  0x0800699f   Thumb Code    24  usb_core.o(.text)
    USB_OTG_CoreInitHost                     0x080069b7   Thumb Code   396  usb_core.o(.text)
    USB_OTG_ReadHostAllChannels_intr         0x08006b43   Thumb Code     8  usb_core.o(.text)
    USB_OTG_ResetPort                        0x08006b4b   Thumb Code    60  usb_core.o(.text)
    USB_OTG_HC_Init                          0x08006b87   Thumb Code   516  usb_core.o(.text)
    USB_OTG_IsEvenFrame                      0x08006d8b   Thumb Code    16  usb_core.o(.text)
    USB_OTG_HC_StartXfer                     0x08006d9b   Thumb Code   518  usb_core.o(.text)
    USB_OTG_HC_Halt                          0x08006fa1   Thumb Code   126  usb_core.o(.text)
    USB_OTG_RestoreClock                     0x0800701f   Thumb Code    34  usb_core.o(.text)
    USB_OTG_StopHostMode                     0x08007041   Thumb Code    66  usb_core.o(.text)
    USB_OTG_ReadCoreItr                      0x08007083   Thumb Code    16  usb_core.o(.text)
    USBH_OTG_ISR_Handler                     0x08007c75   Thumb Code   158  usb_hcd_int.o(.text)
    USB_OTG_BSP_Init                         0x08007d15   Thumb Code    18  usb_bsp.o(.text)
    USB_OTG_BSP_EnableInterrupt              0x08007d27   Thumb Code    42  usb_bsp.o(.text)
    USB_OTG_BSP_DriveVBUS                    0x08007d51   Thumb Code    26  usb_bsp.o(.text)
    USB_OTG_BSP_mDelay                       0x08007dff   Thumb Code    14  usb_bsp.o(.text)
    USB_OTG_BSP_ConfigVBUS                   0x08007e0d   Thumb Code    52  usb_bsp.o(.text)
    USB_OTG_BSP_TimeInit                     0x08007e41   Thumb Code    58  usb_bsp.o(.text)
    USB_OTG_BSP_uDelay                       0x08007e7b   Thumb Code    14  usb_bsp.o(.text)
    USB_OTG_BSP_TimerIRQ                     0x08007e89   Thumb Code    50  usb_bsp.o(.text)
    TIM2_IRQHandler                          0x08007ebb   Thumb Code     8  usb_bsp.o(.text)
    OTG_FS_IRQHandler                        0x08007ec3   Thumb Code    10  usb_bsp.o(.text)
    __aeabi_fdiv                             0x08007ed9   Thumb Code   124  fdiv.o(.text)
    __aeabi_dmul                             0x08007f55   Thumb Code   228  dmul.o(.text)
    __aeabi_ddiv                             0x08008039   Thumb Code   222  ddiv.o(.text)
    __aeabi_ui2f                             0x08008117   Thumb Code    10  ffltui.o(.text)
    __aeabi_ui2d                             0x08008121   Thumb Code    26  dfltui.o(.text)
    __aeabi_f2uiz                            0x0800813b   Thumb Code    40  ffixui.o(.text)
    __aeabi_d2uiz                            0x08008163   Thumb Code    50  dfixui.o(.text)
    __aeabi_d2f                              0x08008195   Thumb Code    56  d2f.o(.text)
    __aeabi_llsr                             0x080081cd   Thumb Code    32  llushr.o(.text)
    _ll_ushift_r                             0x080081cd   Thumb Code     0  llushr.o(.text)
    __I$use$fp                               0x080081ed   Thumb Code     0  iusefp.o(.text)
    _float_round                             0x080081ed   Thumb Code    18  fepilogue.o(.text)
    _float_epilogue                          0x080081ff   Thumb Code    92  fepilogue.o(.text)
    _double_round                            0x0800825b   Thumb Code    30  depilogue.o(.text)
    _double_epilogue                         0x08008279   Thumb Code   156  depilogue.o(.text)
    __scatterload                            0x08008315   Thumb Code    28  init.o(.text)
    __scatterload_rt2                        0x08008315   Thumb Code     0  init.o(.text)
    __aeabi_llsl                             0x08008339   Thumb Code    30  llshl.o(.text)
    _ll_shift_l                              0x08008339   Thumb Code     0  llshl.o(.text)
    __scatterload_copy                       0x08008357   Thumb Code    14  handlers.o(i.__scatterload_copy)
    __scatterload_null                       0x08008365   Thumb Code     2  handlers.o(i.__scatterload_null)
    __scatterload_zeroinit                   0x08008367   Thumb Code    14  handlers.o(i.__scatterload_zeroinit)
    COM_USART_CLK                            0x08008374   Data          20  usartx.o(.constdata)
    COM_TX_PORT_CLK                          0x08008388   Data          20  usartx.o(.constdata)
    COM_RX_PORT_CLK                          0x0800839c   Data          20  usartx.o(.constdata)
    COM_TX_PIN                               0x080083b0   Data          10  usartx.o(.constdata)
    COM_RX_PIN                               0x080083ba   Data          10  usartx.o(.constdata)
    code_table                               0x080083c4   Data          17  max7219.o(.constdata)
    mon_table                                0x080083d5   Data          12  rtc.o(.constdata)
    table_week                               0x080083e1   Data          12  rtc.o(.constdata)
    Region$$Table$$Base                      0x080083f0   Number         0  anon$$obj.o(Region$$Table)
    Region$$Table$$Limit                     0x08008410   Number         0  anon$$obj.o(Region$$Table)
    flagA                                    0x20000000   Data           4  main.o(.data)
    LedValue                                 0x20000004   Data           1  main.o(.data)
    ShiftModeStatus                          0x20000005   Data           1  main.o(.data)
    ErrorMessage                             0x20000006   Data           1  main.o(.data)
    flagTIM5                                 0x20000007   Data           1  timerx.o(.data)
    COM_USART                                0x20000008   Data          20  usartx.o(.data)
    COM_TX_PORT                              0x2000001c   Data          20  usartx.o(.data)
    COM_RX_PORT                              0x20000030   Data          20  usartx.o(.data)
    USBInit_STATUS                           0x20000044   Data           1  usb_udisk.o(.data)
    flagUDisk                                0x20000045   Data           1  usb_udisk.o(.data)
    flagctrl                                 0x20000046   Data           1  iocontrol.o(.data)
    KeyValue_PCF8574                         0x20000047   Data           1  pcf8574.o(.data)
    PCF8574                                  0x20000048   Data           1  pcf8574.o(.data)
    flagRTC                                  0x2000004a   Data           1  rtc.o(.data)
    flagADC                                  0x2000004e   Data           1  adc.o(.data)
    SystemCoreClock                          0x20000050   Data           4  system_stm32f10x.o(.data)
    AHBPrescTable                            0x20000054   Data          16  system_stm32f10x.o(.data)
    HSEStartUpStatus                         0x20000078   Data           1  usb_bsp.o(.data)
    BSP_delay                                0x2000007c   Data           4  usb_bsp.o(.data)
    XG                                       0x20000080   Data          76  main.o(.bss)
    Timer5                                   0x200000cc   Data          12  timerx.o(.bss)
    Rec_COM1                                 0x200000d8   Data          65  usartx.o(.bss)
    Rec_COM2                                 0x20000119   Data          65  usartx.o(.bss)
    USART_InitStructure                      0x2000015c   Data          16  usartx.o(.bss)
    fsrc_FIL                                 0x2000016c   Data        2740  usb_udisk.o(.bss)
    TXTInfo                                  0x20000c20   Data         620  usb_udisk.o(.bss)
    RdData                                   0x20000e8c   Data          72  usb_udisk.o(.bss)
    ControllerInfo                           0x20000ed4   Data          10  iocontrol.o(.bss)
    CAN_InitStructure                        0x20000ee0   Data          12  canx.o(.bss)
    CAN_FilterInitStructure                  0x20000eec   Data          14  canx.o(.bss)
    CAN1TxMessage                            0x20000efc   Data          20  canx.o(.bss)
    CAN1RxMessage                            0x20000f10   Data          20  canx.o(.bss)
    CAN2TxMessage                            0x20000f24   Data          20  canx.o(.bss)
    CAN2RxMessage                            0x20000f38   Data          20  canx.o(.bss)
    NowTime                                  0x20000f4c   Data          40  rtc.o(.bss)
    ADCRes                                   0x20000f74   Data         828  adc.o(.bss)
    TIM1FreqCap                              0x200012b0   Data          64  frequencycapture.o(.bss)
    TIM4FreqCap                              0x200012f0   Data          64  frequencycapture.o(.bss)
    USB_OTG_FS_dev                           0x20001330   Data         640  usbh_core.o(.bss)
    USBH_Machine                             0x200015b0   Data          40  usbh_core.o(.bss)
    USBH_Device                              0x200015d8   Data          66  usbh_core.o(.bss)
    __initial_sp                             0x20001a20   Data           0  startup_stm32f10x_cl.o(STACK)



==============================================================================

Memory Map of the image

  Image Entry point : 0x08000151

  Load Region LR_IROM1 (Base: 0x08000000, Size: 0x00008490, Max: 0x00040000, ABSOLUTE)

    Execution Region ER_IROM1 (Base: 0x08000000, Size: 0x00008410, Max: 0x00040000, ABSOLUTE)

    Base Addr    Size         Type   Attr      Idx    E Section Name        Object

    0x08000000   0x00000150   Data   RO          452    RESET               startup_stm32f10x_cl.o
    0x08000150   0x00000000   Code   RO          828  * .ARM.Collect$$$$00000000  mc_w.l(entry.o)
    0x08000150   0x00000004   Code   RO         1118    .ARM.Collect$$$$00000001  mc_w.l(entry2.o)
    0x08000154   0x00000004   Code   RO         1121    .ARM.Collect$$$$00000004  mc_w.l(entry5.o)
    0x08000158   0x00000000   Code   RO         1123    .ARM.Collect$$$$00000008  mc_w.l(entry7b.o)
    0x08000158   0x00000000   Code   RO         1125    .ARM.Collect$$$$0000000A  mc_w.l(entry8b.o)
    0x08000158   0x00000008   Code   RO         1126    .ARM.Collect$$$$0000000B  mc_w.l(entry9a.o)
    0x08000160   0x00000000   Code   RO         1128    .ARM.Collect$$$$0000000D  mc_w.l(entry10a.o)
    0x08000160   0x00000000   Code   RO         1130    .ARM.Collect$$$$0000000F  mc_w.l(entry11a.o)
    0x08000160   0x00000004   Code   RO         1119    .ARM.Collect$$$$00002712  mc_w.l(entry2.o)
    0x08000164   0x00000104   Code   RO            1    .text               main.o
    0x08000268   0x00000360   Code   RO          217    .text               timerx.o
    0x080005c8   0x000004ec   Code   RO          240    .text               usartx.o
    0x08000ab4   0x00000a5c   Code   RO          280    .text               iocontrol.o
    0x08001510   0x00000600   Code   RO          299    .text               canx.o
    0x08001b10   0x000009ec   Code   RO          317    .text               max7219.o
    0x080024fc   0x00000358   Code   RO          332    .text               pcf8574.o
    0x08002854   0x0000039c   Code   RO          350    .text               rtc.o
    0x08002bf0   0x0000032c   Code   RO          370    .text               adc.o
    0x08002f1c   0x000004b4   Code   RO          389    .text               frequencycapture.o
    0x080033d0   0x00000090   Code   RO          420    .text               stm32f10x_it.o
    0x08003460   0x00000284   Code   RO          432    .text               system_stm32f10x.o
    0x080036e4   0x00000024   Code   RO          453    .text               startup_stm32f10x_cl.o
    0x08003708   0x000000dc   Code   RO          458    .text               misc.o
    0x080037e4   0x0000035c   Code   RO          470    .text               stm32f10x_gpio.o
    0x08003b40   0x00000504   Code   RO          482    .text               stm32f10x_rcc.o
    0x08004044   0x00000408   Code   RO          496    .text               stm32f10x_usart.o
    0x0800444c   0x00000e1a   Code   RO          508    .text               stm32f10x_tim.o
    0x08005266   0x00000002   PAD
    0x08005268   0x0000044e   Code   RO          520    .text               stm32f10x_adc.o
    0x080056b6   0x00000002   PAD
    0x080056b8   0x000009f0   Code   RO          532    .text               stm32f10x_can.o
    0x080060a8   0x00000148   Code   RO          544    .text               stm32f10x_rtc.o
    0x080061f0   0x000000c4   Code   RO          556    .text               stm32f10x_bkp.o
    0x080062b4   0x000000cc   Code   RO          568    .text               stm32f10x_pwr.o
    0x08006380   0x00000254   Code   RO          580    .text               stm32f10x_dma.o
    0x080065d4   0x00000abe   Code   RO          729    .text               usb_core.o
    0x08007092   0x00000002   PAD
    0x08007094   0x00000c7e   Code   RO          753    .text               usb_hcd_int.o
    0x08007d12   0x00000002   PAD
    0x08007d14   0x000001c4   Code   RO          794    .text               usb_bsp.o
    0x08007ed8   0x0000007c   Code   RO         1100    .text               mf_w.l(fdiv.o)
    0x08007f54   0x000000e4   Code   RO         1102    .text               mf_w.l(dmul.o)
    0x08008038   0x000000de   Code   RO         1104    .text               mf_w.l(ddiv.o)
    0x08008116   0x0000000a   Code   RO         1106    .text               mf_w.l(ffltui.o)
    0x08008120   0x0000001a   Code   RO         1108    .text               mf_w.l(dfltui.o)
    0x0800813a   0x00000028   Code   RO         1110    .text               mf_w.l(ffixui.o)
    0x08008162   0x00000032   Code   RO         1112    .text               mf_w.l(dfixui.o)
    0x08008194   0x00000038   Code   RO         1116    .text               mf_w.l(d2f.o)
    0x080081cc   0x00000020   Code   RO         1139    .text               mc_w.l(llushr.o)
    0x080081ec   0x00000000   Code   RO         1141    .text               mc_w.l(iusefp.o)
    0x080081ec   0x0000006e   Code   RO         1142    .text               mf_w.l(fepilogue.o)
    0x0800825a   0x000000ba   Code   RO         1144    .text               mf_w.l(depilogue.o)
    0x08008314   0x00000024   Code   RO         1152    .text               mc_w.l(init.o)
    0x08008338   0x0000001e   Code   RO         1155    .text               mc_w.l(llshl.o)
    0x08008356   0x0000000e   Code   RO         1162    i.__scatterload_copy  mc_w.l(handlers.o)
    0x08008364   0x00000002   Code   RO         1163    i.__scatterload_null  mc_w.l(handlers.o)
    0x08008366   0x0000000e   Code   RO         1164    i.__scatterload_zeroinit  mc_w.l(handlers.o)
    0x08008374   0x00000050   Data   RO          242    .constdata          usartx.o
    0x080083c4   0x00000011   Data   RO          318    .constdata          max7219.o
    0x080083d5   0x00000018   Data   RO          352    .constdata          rtc.o
    0x080083ed   0x00000003   PAD
    0x080083f0   0x00000020   Data   RO         1160    Region$$Table       anon$$obj.o


    Execution Region RW_IRAM1 (Base: 0x20000000, Size: 0x00001a20, Max: 0x00010000, ABSOLUTE)

    Base Addr    Size         Type   Attr      Idx    E Section Name        Object

    0x20000000   0x00000007   Data   RW            3    .data               main.o
    0x20000007   0x00000001   Data   RW          219    .data               timerx.o
    0x20000008   0x0000003c   Data   RW          243    .data               usartx.o
    0x20000044   0x00000002   Data   RW          263    .data               usb_udisk.o
    0x20000046   0x00000001   Data   RW          282    .data               iocontrol.o
    0x20000047   0x00000002   Data   RW          333    .data               pcf8574.o
    0x20000049   0x00000001   PAD
    0x2000004a   0x00000004   Data   RW          353    .data               rtc.o
    0x2000004e   0x00000001   Data   RW          372    .data               adc.o
    0x2000004f   0x00000001   PAD
    0x20000050   0x00000014   Data   RW          433    .data               system_stm32f10x.o
    0x20000064   0x00000014   Data   RW          483    .data               stm32f10x_rcc.o
    0x20000078   0x00000008   Data   RW          795    .data               usb_bsp.o
    0x20000080   0x0000004c   Zero   RW            2    .bss                main.o
    0x200000cc   0x0000000c   Zero   RW          218    .bss                timerx.o
    0x200000d8   0x00000094   Zero   RW          241    .bss                usartx.o
    0x2000016c   0x00000d68   Zero   RW          261    .bss                usb_udisk.o
    0x20000ed4   0x0000000a   Zero   RW          281    .bss                iocontrol.o
    0x20000ede   0x00000002   PAD
    0x20000ee0   0x0000006c   Zero   RW          300    .bss                canx.o
    0x20000f4c   0x00000028   Zero   RW          351    .bss                rtc.o
    0x20000f74   0x0000033c   Zero   RW          371    .bss                adc.o
    0x200012b0   0x00000080   Zero   RW          390    .bss                frequencycapture.o
    0x20001330   0x000002ea   Zero   RW          593    .bss                usbh_core.o
    0x2000161a   0x00000006   PAD
    0x20001620   0x00000400   Zero   RW          450    STACK               startup_stm32f10x_cl.o


==============================================================================

Image component sizes


      Code (inc. data)   RO Data    RW Data    ZI Data      Debug   Object Name

       812         38          0          1        828       4698   adc.o
      1536        112          0          0        108       1904   canx.o
      1204         36          0          0        128       5310   frequencycapture.o
      2652         74          0          1         10       7442   iocontrol.o
       260         18          0          7         76     321768   main.o
      2540         44         17          0          0       5646   max7219.o
       220         22          0          0          0       1893   misc.o
       856         14          0          2          0       4205   pcf8574.o
       924         34         24          4         40       3705   rtc.o
        36          8        336          0       1024        872   startup_stm32f10x_cl.o
      1102         26          0          0          0      10925   stm32f10x_adc.o
       196          8          0          0          0       3560   stm32f10x_bkp.o
      2544         38          0          0          0       7948   stm32f10x_can.o
       596          8          0          0          0       4426   stm32f10x_dma.o
       860         38          0          0          0       5741   stm32f10x_gpio.o
       144          8          0          0          0        650   stm32f10x_it.o
       204         14          0          0          0       1951   stm32f10x_pwr.o
      1284         64          0         20          0      11286   stm32f10x_rcc.o
       328          4          0          0          0       2706   stm32f10x_rtc.o
      3610         88          0          0          0      22224   stm32f10x_tim.o
      1032         22          0          0          0       8464   stm32f10x_usart.o
       644         48          0         20          0       2047   system_stm32f10x.o
       864         36          0          1         12       2293   timerx.o
      1260         68         80         60        148       5902   usartx.o
       452         12          0          8          0       3259   usb_bsp.o
      2750         20          0          0          0       8583   usb_core.o
      3198         10          0          0          0       6163   usb_hcd_int.o
         0          0          0          2       3432       1719   usb_udisk.o
         0          0          0          0        746       3711   usbh_core.o

    ----------------------------------------------------------------------
     32116        912        492        128       6560     471001   Object Totals
         0          0         32          0          0          0   (incl. Generated)
         8          0          3          2          8          0   (incl. Padding)

    ----------------------------------------------------------------------

      Code (inc. data)   RO Data    RW Data    ZI Data      Debug   Library Member Name

         0          0          0          0          0          0   entry.o
         0          0          0          0          0          0   entry10a.o
         0          0          0          0          0          0   entry11a.o
         8          4          0          0          0          0   entry2.o
         4          0          0          0          0          0   entry5.o
         0          0          0          0          0          0   entry7b.o
         0          0          0          0          0          0   entry8b.o
         8          4          0          0          0          0   entry9a.o
        30          0          0          0          0          0   handlers.o
        36          8          0          0          0         68   init.o
         0          0          0          0          0          0   iusefp.o
        30          0          0          0          0         68   llshl.o
        32          0          0          0          0         68   llushr.o
        56          0          0          0          0         88   d2f.o
       222          0          0          0          0        100   ddiv.o
       186          0          0          0          0        176   depilogue.o
        50          0          0          0          0         76   dfixui.o
        26          0          0          0          0         76   dfltui.o
       228          0          0          0          0         96   dmul.o
       124          0          0          0          0         88   fdiv.o
       110          0          0          0          0        168   fepilogue.o
        40          0          0          0          0         68   ffixui.o
        10          0          0          0          0         68   ffltui.o

    ----------------------------------------------------------------------
      1200         16          0          0          0       1208   Library Totals
         0          0          0          0          0          0   (incl. Padding)

    ----------------------------------------------------------------------

      Code (inc. data)   RO Data    RW Data    ZI Data      Debug   Library Name

       148         16          0          0          0        204   mc_w.l
      1052          0          0          0          0       1004   mf_w.l

    ----------------------------------------------------------------------
      1200         16          0          0          0       1208   Library Totals

    ----------------------------------------------------------------------

==============================================================================


      Code (inc. data)   RO Data    RW Data    ZI Data      Debug   

     33316        928        492        128       6560     468981   Grand Totals
     33316        928        492        128       6560     468981   ELF Image Totals
     33316        928        492        128          0          0   ROM Totals

==============================================================================

    Total RO  Size (Code + RO Data)                33808 (  33.02kB)
    Total RW  Size (RW Data + ZI Data)              6688 (   6.53kB)
    Total ROM Size (Code + RO Data + RW Data)      33936 (  33.14kB)

==============================================================================

